CC=de.tudarmstadt.ukp.dkpro.core.api.lexmorph.type.pos.CONJ
CD=de.tudarmstadt.ukp.dkpro.core.api.lexmorph.type.pos.CARD
DT=de.tudarmstadt.ukp.dkpro.core.api.lexmorph.type.pos.ART
EX=de.tudarmstadt.ukp.dkpro.core.api.lexmorph.type.pos.ART 
IN=de.tudarmstadt.ukp.dkpro.core.api.lexmorph.type.pos.PP
JJ=de.tudarmstadt.ukp.dkpro.core.api.lexmorph.type.pos.ADJ
JJR=de.tudarmstadt.ukp.dkpro.core.api.lexmorph.type.pos.ADJ
JJS=de.tudarmstadt.ukp.dkpro.core.api.lexmorph.type.pos.ADJ
MD=de.tudarmstadt.ukp.dkpro.core.api.lexmorph.type.pos.V
NN=de.tudarmstadt.ukp.dkpro.core.api.lexmorph.type.pos.NN
NNS=de.tudarmstadt.ukp.dkpro.core.api.lexmorph.type.pos.NN
NP=de.tudarmstadt.ukp.dkpro.core.api.lexmorph.type.pos.NP
NPS=de.tudarmstadt.ukp.dkpro.core.api.lexmorph.type.pos.NP
PDT=de.tudarmstadt.ukp.dkpro.core.api.lexmorph.type.pos.ART
PP=de.tudarmstadt.ukp.dkpro.core.api.lexmorph.type.pos.PR
PP$=de.tudarmstadt.ukp.dkpro.core.api.lexmorph.type.pos.PR
RB=de.tudarmstadt.ukp.dkpro.core.api.lexmorph.type.pos.ADV
RBR=de.tudarmstadt.ukp.dkpro.core.api.lexmorph.type.pos.ADV
RBS=de.tudarmstadt.ukp.dkpro.core.api.lexmorph.type.pos.ADV
RP=de.tudarmstadt.ukp.dkpro.core.api.lexmorph.type.pos.PP
SENT=de.tudarmstadt.ukp.dkpro.core.api.lexmorph.type.pos.PUNC
UH=de.tudarmstadt.ukp.dkpro.core.api.lexmorph.type.pos.O
VB=de.tudarmstadt.ukp.dkpro.core.api.lexmorph.type.pos.V
VBD=de.tudarmstadt.ukp.dkpro.core.api.lexmorph.type.pos.V
VBG=de.tudarmstadt.ukp.dkpro.core.api.lexmorph.type.pos.V
VBN=de.tudarmstadt.ukp.dkpro.core.api.lexmorph.type.pos.V
VBP=de.tudarmstadt.ukp.dkpro.core.api.lexmorph.type.pos.V
VBZ=de.tudarmstadt.ukp.dkpro.core.api.lexmorph.type.pos.V
VH=de.tudarmstadt.ukp.dkpro.core.api.lexmorph.type.pos.V
VHD=de.tudarmstadt.ukp.dkpro.core.api.lexmorph.type.pos.V
VHG=de.tudarmstadt.ukp.dkpro.core.api.lexmorph.type.pos.V
VHP=de.tudarmstadt.ukp.dkpro.core.api.lexmorph.type.pos.V
VHN=de.tudarmstadt.ukp.dkpro.core.api.lexmorph.type.pos.V
VHZ=de.tudarmstadt.ukp.dkpro.core.api.lexmorph.type.pos.V
VV=de.tudarmstadt.ukp.dkpro.core.api.lexmorph.type.pos.V
VVD=de.tudarmstadt.ukp.dkpro.core.api.lexmorph.type.pos.V
VVG=de.tudarmstadt.ukp.dkpro.core.api.lexmorph.type.pos.V
VVN=de.tudarmstadt.ukp.dkpro.core.api.lexmorph.type.pos.V
VVP=de.tudarmstadt.ukp.dkpro.core.api.lexmorph.type.pos.V
VVZ=de.tudarmstadt.ukp.dkpro.core.api.lexmorph.type.pos.V
WDT=de.tudarmstadt.ukp.dkpro.core.api.lexmorph.type.pos.ART
WP=de.tudarmstadt.ukp.dkpro.core.api.lexmorph.type.pos.PR
WP$=de.tudarmstadt.ukp.dkpro.core.api.lexmorph.type.pos.PR
WRB=de.tudarmstadt.ukp.dkpro.core.api.lexmorph.type.pos.ADV 
*=de.tudarmstadt.ukp.dkpro.core.api.lexmorph.type.pos.O
