NUM=de.tudarmstadt.ukp.dkpro.core.api.lexmorph.type.pos.CARD
ADJ=de.tudarmstadt.ukp.dkpro.core.api.lexmorph.type.pos.ADJ
ADV=de.tudarmstadt.ukp.dkpro.core.api.lexmorph.type.pos.ADV
DET:ART=de.tudarmstadt.ukp.dkpro.core.api.lexmorph.type.pos.ART
INT=de.tudarmstadt.ukp.dkpro.core.api.lexmorph.type.pos.O
NOM=de.tudarmstadt.ukp.dkpro.core.api.lexmorph.type.pos.NN
NAM=de.tudarmstadt.ukp.dkpro.core.api.lexmorph.type.pos.NP
KON=de.tudarmstadt.ukp.dkpro.core.api.lexmorph.type.pos.CONJ
PRP=de.tudarmstadt.ukp.dkpro.core.api.lexmorph.type.pos.PP
PRP:det=de.tudarmstadt.ukp.dkpro.core.api.lexmorph.type.pos.PP
DET:POS=de.tudarmstadt.ukp.dkpro.core.api.lexmorph.type.pos.PR
PRO=de.tudarmstadt.ukp.dkpro.core.api.lexmorph.type.pos.PR
PRO:DEM=de.tudarmstadt.ukp.dkpro.core.api.lexmorph.type.pos.PR
PRO:IND=de.tudarmstadt.ukp.dkpro.core.api.lexmorph.type.pos.PR
PRO:PER=de.tudarmstadt.ukp.dkpro.core.api.lexmorph.type.pos.PR
PRO:POS=de.tudarmstadt.ukp.dkpro.core.api.lexmorph.type.pos.PR
PRO:REL=de.tudarmstadt.ukp.dkpro.core.api.lexmorph.type.pos.PR
PUN=de.tudarmstadt.ukp.dkpro.core.api.lexmorph.type.pos.PUNC
PUN:cit=de.tudarmstadt.ukp.dkpro.core.api.lexmorph.type.pos.PUNC
SENT=de.tudarmstadt.ukp.dkpro.core.api.lexmorph.type.pos.PUNC	
VER:cond=de.tudarmstadt.ukp.dkpro.core.api.lexmorph.type.pos.V
VER:futu=de.tudarmstadt.ukp.dkpro.core.api.lexmorph.type.pos.V
VER:impe=de.tudarmstadt.ukp.dkpro.core.api.lexmorph.type.pos.V
VER:impf=de.tudarmstadt.ukp.dkpro.core.api.lexmorph.type.pos.V
VER:infi=de.tudarmstadt.ukp.dkpro.core.api.lexmorph.type.pos.V
VER:pper=de.tudarmstadt.ukp.dkpro.core.api.lexmorph.type.pos.V
VER:ppre=de.tudarmstadt.ukp.dkpro.core.api.lexmorph.type.pos.V
VER:pres=de.tudarmstadt.ukp.dkpro.core.api.lexmorph.type.pos.V
VER:simp=de.tudarmstadt.ukp.dkpro.core.api.lexmorph.type.pos.V
VER:subi=de.tudarmstadt.ukp.dkpro.core.api.lexmorph.type.pos.V
VER:subp=de.tudarmstadt.ukp.dkpro.core.api.lexmorph.type.pos.V
*=de.tudarmstadt.ukp.dkpro.core.api.lexmorph.type.pos.O
