# Adapted Penn Arabic Treebank tagset used by Stanford PosTagger
#
# Source http://www.ircs.upenn.edu/arabic/Jan03release/arabic-POStags-collapse-to-PennPOStags.txt

# CC - coordinating conjunction
# CD - cardinal number
# DT - determiner/demonstrative pronoun
# FW - foreign word
# IN - subordinating conjunction (FUNC_WORD) or preposition (PREP)
# JJ - adjective
# NN - common noun, singular
# NNP - proper noun, singular
# NNPS - proper noun, plural or dual
# NNS - common noun, plural or dual
# PRP - personal pronoun
# PRP$ - possessive personal pronoun
# RB - adverb
# RP - particle
# UH - interjection
# VBD - perfect verb (***nb: perfect rather than past tense)
# VBN - passive verb (***nb: passive rather than past participle)
# VBP - imperfect verb (***nb: imperfect rather than present tense)
# WP - relative pronoun
# WRB - wh-adverb

# Additional tags used by Stanford and Berkeley tools, so description source so far
#
# ADJ
# DTJJ
# DTJJR
# DTNN
# DTNNP
# DTNNPS
# DTNNS
# JJR
# NOUN
# PUNC
# VB
# VBG
# VN

*=de.tudarmstadt.ukp.dkpro.core.api.lexmorph.type.pos.POS
