# NEGRA grammatical functions
#
# Source: http://www.coli.uni-saarland.de/projects/sfb378/negra-corpus/kanten.html
# see also http://doras.dcu.ie/14900/1/Ines-Rehbein-PhD-Thesis-09.pdf, p. 30 ff.
#
# AC Adpositional Case marker - Adposition od. Kasusmarkierung
AC=de.tudarmstadt.ukp.dkpro.core.api.syntax.type.dependency.Dependency
# ADC ADjective Component - Komponente eines komplexen Adjektivs
ADC=de.tudarmstadt.ukp.dkpro.core.api.syntax.type.dependency.Dependency
# AMS Measure Argument of Adjective - Massangabe bei Adjektiv
AMS=de.tudarmstadt.ukp.dkpro.core.api.syntax.type.dependency.Dependency
# APP APPosition - Apposition
APP=de.tudarmstadt.ukp.dkpro.core.api.syntax.type.dependency.Dependency
# AVC adverbial phrase component
AVC=de.tudarmstadt.ukp.dkpro.core.api.syntax.type.dependency.Dependency
# CC Comparative Complement - Vergleichskomplement
CC=de.tudarmstadt.ukp.dkpro.core.api.syntax.type.dependency.Dependency
# CD coordinating conjunction
CD=de.tudarmstadt.ukp.dkpro.core.api.syntax.type.dependency.Dependency
# CJ conjunct - Konjunkt
CJ=de.tudarmstadt.ukp.dkpro.core.api.syntax.type.dependency.CONJ
# CM CoMparative conjunction - Komparationskonjunkt (als, wie)
CM=de.tudarmstadt.ukp.dkpro.core.api.syntax.type.dependency.Dependency
# CP ComPlementizer - Complementizer
CP=de.tudarmstadt.ukp.dkpro.core.api.syntax.type.dependency.Dependency
# DA DAtive - Dativobjekt oder freier Dativ
#    uby: gf=complement, case=dative
DA=de.tudarmstadt.ukp.dkpro.core.api.syntax.type.dependency.Dependency
# DH discourse-level head
DH=de.tudarmstadt.ukp.dkpro.core.api.syntax.type.dependency.Dependency
# DM Discourse Marker - Diskurspartikel (ja, nein)
DM=de.tudarmstadt.ukp.dkpro.core.api.syntax.type.dependency.Dependency
# GL prenominal genitive 
# GR postnominal genitive
# HD HeaD - Kopf
# JU JUnctor - Junktor
JU=de.tudarmstadt.ukp.dkpro.core.api.syntax.type.dependency.Dependency
# MC comitative
# MI instrumental 
# ML locative
# MNR Modifier of Np to the Right - postnominaler Modifikator
MNR=de.tudarmstadt.ukp.dkpro.core.api.syntax.type.dependency.Dependency
# MO MOdifier - Modifikator
MO=de.tudarmstadt.ukp.dkpro.core.api.syntax.type.dependency.Dependency
# MR rhetorical modifier
# MW way (directional modifier)
# NG NeGation - Negation nicht
NG=de.tudarmstadt.ukp.dkpro.core.api.syntax.type.dependency.NEG
# NK noun kernel modifier 
NK=de.tudarmstadt.ukp.dkpro.core.api.syntax.type.dependency.Dependency
# NMC NuMerical Component - Numeralien 
NMC=de.tudarmstadt.ukp.dkpro.core.api.syntax.type.dependency.Dependency
# OA Object Accusative - Akkusativobjekt
#    uby: gf=directObject, case=accusative
OA=de.tudarmstadt.ukp.dkpro.core.api.syntax.type.dependency.DOBJ
# OA2 Object Accusative 2 - zweites Akkusativobjekt
#     uby: gf=objectComplement
OA2=de.tudarmstadt.ukp.dkpro.core.api.syntax.type.dependency.Dependency
# OC Object Clausal - klausales Objekt
#    uby: gf=directObject or complement, sc=subordinateClause or declarativeClause
OC=de.tudarmstadt.ukp.dkpro.core.api.syntax.type.dependency.CCOMP
# OG Object Genitive - Genitivobjekt
#    uby: gf=complement, case=genitive
OG=de.tudarmstadt.ukp.dkpro.core.api.syntax.type.dependency.Dependency
# PD PreDicative - Prädikativ
PD=de.tudarmstadt.ukp.dkpro.core.api.syntax.type.dependency.Dependency
# PG pseudo-genitive
PG=de.tudarmstadt.ukp.dkpro.core.api.syntax.type.dependency.Dependency
# PH placeholder - Platzhalter
PH=de.tudarmstadt.ukp.dkpro.core.api.syntax.type.dependency.Dependency
# PM Morphological Particle - Morphologische Partikel (am)
PM=de.tudarmstadt.ukp.dkpro.core.api.syntax.type.dependency.Dependency
# PNC proper noun component 
PNC=de.tudarmstadt.ukp.dkpro.core.api.syntax.type.dependency.Dependency
# RC Relative Clause - Relativsatz
RC=de.tudarmstadt.ukp.dkpro.core.api.syntax.type.dependency.Dependency
# RE repeated element 
RE=de.tudarmstadt.ukp.dkpro.core.api.syntax.type.dependency.Dependency
# RS reported speech
RS=de.tudarmstadt.ukp.dkpro.core.api.syntax.type.dependency.Dependency
# SB SuBject - Subjekt
#    uby: gf=subject
SB=de.tudarmstadt.ukp.dkpro.core.api.syntax.type.dependency.Dependency
# SBP SuBject Passivised - (logisches) Subjekt im Passivsatz
SBP=de.tudarmstadt.ukp.dkpro.core.api.syntax.type.dependency.Dependency
# SP Subject or Predicative - Subjekt oder Prädikativ
SP=de.tudarmstadt.ukp.dkpro.core.api.syntax.type.dependency.Dependency
# SVP Separable Verb Prefix - abgetrennter Verbpräfix
SVP=de.tudarmstadt.ukp.dkpro.core.api.syntax.type.dependency.Dependency
# UC (idiosyncratic) unit component 
UC=de.tudarmstadt.ukp.dkpro.core.api.syntax.type.dependency.Dependency
# VO Vocative - Anrede
VO=de.tudarmstadt.ukp.dkpro.core.api.syntax.type.dependency.Dependency



#
# Categories used by DKPro internally
#
*=de.tudarmstadt.ukp.dkpro.core.api.syntax.type.dependency.Dependency

