# Penn Treebank Tagset I
#
# Source: http://www.ldc.upenn.edu/Catalog/docs/LDC95T7/cl93.html
#
# Adjective phrase
ADJP=de.tudarmstadt.ukp.dkpro.core.api.syntax.type.constituent.ADJP
# Adverb phrase
ADVP=de.tudarmstadt.ukp.dkpro.core.api.syntax.type.constituent.ADVP
# Noun phrase
NP=de.tudarmstadt.ukp.dkpro.core.api.syntax.type.constituent.NP
# Prepositional phrase
PP=de.tudarmstadt.ukp.dkpro.core.api.syntax.type.constituent.PP
# Simple declarative clause
S=de.tudarmstadt.ukp.dkpro.core.api.syntax.type.constituent.S
# Clause introduced by subordinating conjunction or 0 (see below)
SBAR=de.tudarmstadt.ukp.dkpro.core.api.syntax.type.constituent.SBAR
# Direct question introduced by wh-word or wh-phrase
SBARQ=de.tudarmstadt.ukp.dkpro.core.api.syntax.type.constituent.SBARQ
# Declarative sentence with subject-aux inversion
SINV=de.tudarmstadt.ukp.dkpro.core.api.syntax.type.constituent.SINV
# Subconstituent of SBARQ excluding wh-word or wh-phrase
SQ=de.tudarmstadt.ukp.dkpro.core.api.syntax.type.constituent.SQ
# Verb phrase
VP=de.tudarmstadt.ukp.dkpro.core.api.syntax.type.constituent.VP
# Wh-adverb phrase
WHADVP=de.tudarmstadt.ukp.dkpro.core.api.syntax.type.constituent.WHADVP
# Wh-noun phrase
WHNP=de.tudarmstadt.ukp.dkpro.core.api.syntax.type.constituent.WHNP
# Wh-prepositional phrase
WHPP=de.tudarmstadt.ukp.dkpro.core.api.syntax.type.constituent.WHPP
# Constituent of unknown or uncertain category

# Penn Treebank Tagset II (additional tags)
#
# Source: http://bulba.sdsu.edu/jeanette/thesis/PennTags.html
# Source: http://www.sfs.uni-tuebingen.de/~dm/07/autumn/795.10/ptb-annotation-guide/root.html
# Source: ftp://ftp.cis.upenn.edu/pub/treebank/doc/manual/root.ps.gz
#
# Conjunction Phrase
CONJP=de.tudarmstadt.ukp.dkpro.core.api.syntax.type.constituent.CONJP
# Fragment
FRAG=de.tudarmstadt.ukp.dkpro.core.api.syntax.type.constituent.FRAG
# Interjection. Corresponds approximately to the part-of-speech tag UH.
INTJ=de.tudarmstadt.ukp.dkpro.core.api.syntax.type.constituent.INTJ
# List marker. Includes surrounding punctuation.
LST=de.tudarmstadt.ukp.dkpro.core.api.syntax.type.constituent.LST
# Not a Constituent; used to show the scope of certain prenominal modifiers within an NP.
NAC=de.tudarmstadt.ukp.dkpro.core.api.syntax.type.constituent.NAC
# Used within certain complex NPs to mark the head of the NP. Corresponds very roughly to N-bar 
# level but used quite differently.
NX=de.tudarmstadt.ukp.dkpro.core.api.syntax.type.constituent.NX
# Parenthetical
PRN=de.tudarmstadt.ukp.dkpro.core.api.syntax.type.constituent.PRN
# Particle. Category for words that should be tagged RP. 
PRT=de.tudarmstadt.ukp.dkpro.core.api.syntax.type.constituent.PRT
# Quantifier Phrase (i.e. complex measure/amount phrase); used within NP.
QP=de.tudarmstadt.ukp.dkpro.core.api.syntax.type.constituent.QP
# Reduced Relative Clause. 
RRC=de.tudarmstadt.ukp.dkpro.core.api.syntax.type.constituent.RRC
# Unlike Coordinated Phrase. 
UCP=de.tudarmstadt.ukp.dkpro.core.api.syntax.type.constituent.UCP
# Wh-adjective Phrase. Adjectival phrase containing a wh-adverb, as in how hot.
WHADJP=de.tudarmstadt.ukp.dkpro.core.api.syntax.type.constituent.WHADJP

#
# Categories used by DKPro internally
#
ROOT=de.tudarmstadt.ukp.dkpro.core.api.syntax.type.constituent.ROOT
*=de.tudarmstadt.ukp.dkpro.core.api.syntax.type.constituent.X

#
# Additional categories used in the Berkeley Parser
#
PRT|ADVP=de.tudarmstadt.ukp.dkpro.core.api.syntax.type.constituent.PRT
