# Penn Arabic Treebank syntactic tagset
#
# Source: http://www.ircs.upenn.edu/arabic/Jan03release/TBParsing-info.txt

# S	sentence
S=de.tudarmstadt.ukp.dkpro.core.api.syntax.type.constituent.X
# NP	noun phrase
NP=de.tudarmstadt.ukp.dkpro.core.api.syntax.type.constituent.X
# VP	verb phrase
VP=de.tudarmstadt.ukp.dkpro.core.api.syntax.type.constituent.X
# PP	prepositional phrase
PP=de.tudarmstadt.ukp.dkpro.core.api.syntax.type.constituent.X
# SBAR	S-bar (subordinate clause, complementizer or WH- and sentence)
SBAR=de.tudarmstadt.ukp.dkpro.core.api.syntax.type.constituent.X
# SBARQ	S-bar that is a question
SBARQ=de.tudarmstadt.ukp.dkpro.core.api.syntax.type.constituent.X
# SQ	S that is a question
SQ=de.tudarmstadt.ukp.dkpro.core.api.syntax.type.constituent.X
# NX	noun head in certain complex coordination contexts
NX=de.tudarmstadt.ukp.dkpro.core.api.syntax.type.constituent.X
# PRN	parenthetical
PRN=de.tudarmstadt.ukp.dkpro.core.api.syntax.type.constituent.X
# PRT	particle
PRT=de.tudarmstadt.ukp.dkpro.core.api.syntax.type.constituent.X
# QP	quantity phrase (multi-word numbers)
QP=de.tudarmstadt.ukp.dkpro.core.api.syntax.type.constituent.X
# ADJP	adjective phrase
ADJP=de.tudarmstadt.ukp.dkpro.core.api.syntax.type.constituent.X
# ADVP	adverb phrase
ADVP=de.tudarmstadt.ukp.dkpro.core.api.syntax.type.constituent.X
# FRAG	fragment
FRAG=de.tudarmstadt.ukp.dkpro.core.api.syntax.type.constituent.X
# WHNP	WH- noun phrase
WHNP=de.tudarmstadt.ukp.dkpro.core.api.syntax.type.constituent.X
# WHPP	WH- prepositional phrase
WHPP=de.tudarmstadt.ukp.dkpro.core.api.syntax.type.constituent.X
# WHADJP	WH- adjective phrase
WHADJP=de.tudarmstadt.ukp.dkpro.core.api.syntax.type.constituent.X
# WHADVP	WH- adverb phrase
WHADVP=de.tudarmstadt.ukp.dkpro.core.api.syntax.type.constituent.X
# CONJP	conjunction phrase (multi-word conjunction)
CONJP=de.tudarmstadt.ukp.dkpro.core.api.syntax.type.constituent.X
# INTJ	interjection
INTJ=de.tudarmstadt.ukp.dkpro.core.api.syntax.type.constituent.X
# NAC	Not-A-Constituent (mostly rightward moved conjuncts with conjunction)
NAC=de.tudarmstadt.ukp.dkpro.core.api.syntax.type.constituent.X
# UCP	Unlike-Coordinated-Phrase (dominates coordination of NP and PP, e.g.)
UCP=de.tudarmstadt.ukp.dkpro.core.api.syntax.type.constituent.X
# X	unknown, technical problem, etc.
X=de.tudarmstadt.ukp.dkpro.core.api.syntax.type.constituent.X

#
# Categories used by DKPro internally
#
ROOT=de.tudarmstadt.ukp.dkpro.core.api.syntax.type.constituent.ROOT
