# Penn Arabic Treebank
#
# Adapted Penn Arabic Treebank tagset used by Stanford PosTagger

__META_SOURCE_URL__=https://catalog.ldc.upenn.edu/docs/LDC2003T06/arabic-POStags-collapse-to-PennPOStags.txt
__META_TYPE_BASE__=de.tudarmstadt.ukp.dkpro.core.api.lexmorph.type.pos.

# CC - coordinating conjunction
CC=POS_CONJ
# CD - cardinal number
CD=POS_NUM
# DT - determiner/demonstrative pronoun
DT=POS_DET
# FW - foreign word
FW=POS_X
# IN - subordinating conjunction (FUNC_WORD) or preposition (PREP)
IN=POS_ADP
# JJ - adjective
JJ=POS_ADJ
# NN - common noun, singular
NN=POS_NOUN
# NNP - proper noun, singular
NNP=POS_PROPN
# NNPS - proper noun, plural or dual
NNPS=POS_PROPN
# NNS - common noun, plural or dual
NNS=POS_NOUN
# PRP - personal pronoun
PRP=POS_PRON
# PRP$ - possessive personal pronoun
PRP=POS_PRON
# RB - adverb
RB=POS_ADV
# RP - particle
RP=POS_PART
# UH - interjection
UH=POS_INTJ
# VBD - perfect verb (***nb: perfect rather than past tense)
VBD=POS_VERB
# VBN - passive verb (***nb: passive rather than past participle)
VBN=POS_VERB
# VBP - imperfect verb (***nb: imperfect rather than present tense)
VBP=POS_VERB
# WP - relative pronoun
WP=POS_PRON
# WRB - wh-adverb
WRB=POS_ADV

# Additional tags used by Stanford and Berkeley tools, so description source so far
#
# ADJ
ADJ=POS_ADJ
# DTJJ
DTJJ=POS_ADJ
# DTJJR
DTJJR=POS_ADJ
# DTNN
DTNN=POS_NOUN
# DTNNP
DTNNP=POS_PROPN
# DTNNPS
DTNNPS=POS_PROPN
# DTNNS
DTNNS=POS_NOUN
# JJR
JJR=POS_ADJ
# NOUN
NOUN=POS_NOUN
# PUNC
PUNC=POS_PUNCT
# VB
VB=POS_VERB
# VBG
VBG=POS_VERB
# VN
VN=POS_VERB

*=POS
