# TreeTagger Catalan tagset
#
# Catalan TreeTagger Part-of-Speech Tags. The coarse part-of-speech is encoded
# in the head of each tag (the part before the first '.') and follows the
# Universal POS categories (ADJ, ADP, ADV, AUX, CONJ, DET, INTJ, NOUN, NUM,
# PART, PRON, PROPN, PUNCT, SCONJ, SYM, VERB, X); the remainder encodes
# morphological features.
#
# Source: extracted from the TreeTagger model using TT4J
__META_SOURCE_URL__=https\://www.cis.uni-muenchen.de/~schmid/tools/TreeTagger/
__META_TYPE_BASE__=de.tudarmstadt.ukp.dkpro.core.api.lexmorph.type.pos.

ADJ=POS_ADJ
ADJ.Fem.Plur=POS_ADJ
ADJ.Fem.Plur.Ord=POS_ADJ
ADJ.Fem.Plur.Part=POS_ADJ
ADJ.Fem.Sing=POS_ADJ
ADJ.Fem.Sing.Ord=POS_ADJ
ADJ.Fem.Sing.Part=POS_ADJ
ADJ.Masc.Plur=POS_ADJ
ADJ.Masc.Plur.Ord=POS_ADJ
ADJ.Masc.Plur.Part=POS_ADJ
ADJ.Masc.Sing=POS_ADJ
ADJ.Masc.Sing.Ord=POS_ADJ
ADJ.Masc.Sing.Part=POS_ADJ
ADJ.Plur=POS_ADJ
ADJ.Sing=POS_ADJ
ADJ.Sing.Ord=POS_ADJ
ADP.Prep=POS_ADP
ADP.Prep-DET.Def.Masc.Plur.Art=POS_ADP
ADP.Prep-DET.Def.Masc.Sing.Art=POS_ADP
ADP.Preppron.Def.Fem.Sing=POS_ADP
ADP.Preppron.Def.Masc.Plur=POS_ADP
ADP.Preppron.Def.Masc.Sing=POS_ADP
ADV=POS_ADV
ADV.Neg=POS_ADV
ADV.Prep=POS_ADV
ADV.Preppron.Masc.Plur=POS_ADV
ADV.Preppron.Masc.Sing=POS_ADV
AUX.Cnd.Plur.1.Fin=POS_AUX
AUX.Cnd.Plur.3.Fin=POS_AUX
AUX.Cnd.Sing.1.Fin=POS_AUX
AUX.Cnd.Sing.3.Fin=POS_AUX
AUX.Fem.Plur.Past.Part=POS_AUX
AUX.Fem.Sing.Past.Part=POS_AUX
AUX.Ger=POS_AUX
AUX.Imp.Plur.1.Fin=POS_AUX
AUX.Imp.Plur.3.Fin=POS_AUX
AUX.Imp.Sing.2.Fin=POS_AUX
AUX.Imp.Sing.3.Fin=POS_AUX
AUX.Ind.Plur.1.Fut.Fin=POS_AUX
AUX.Ind.Plur.1.Imp.Fin=POS_AUX
AUX.Ind.Plur.1.Pres.Fin=POS_AUX
AUX.Ind.Plur.2.Fut.Fin=POS_AUX
AUX.Ind.Plur.2.Pres.Fin=POS_AUX
AUX.Ind.Plur.3.Fut.Fin=POS_AUX
AUX.Ind.Plur.3.Imp.Fin=POS_AUX
AUX.Ind.Plur.3.Past.Fin=POS_AUX
AUX.Ind.Plur.3.Pres.Fin=POS_AUX
AUX.Ind.Sing.1.Fut.Fin=POS_AUX
AUX.Ind.Sing.1.Imp.Fin=POS_AUX
AUX.Ind.Sing.1.Pres.Fin=POS_AUX
AUX.Ind.Sing.2.Pres.Fin=POS_AUX
AUX.Ind.Sing.3.Fut.Fin=POS_AUX
AUX.Ind.Sing.3.Imp.Fin=POS_AUX
AUX.Ind.Sing.3.Past.Fin=POS_AUX
AUX.Ind.Sing.3.Pres.Fin=POS_AUX
AUX.Inf=POS_AUX
AUX.Masc.Plur.Past.Part=POS_AUX
AUX.Masc.Sing.Past.Part=POS_AUX
AUX.Past.Part=POS_AUX
AUX.Sub.1.Imp.Fin=POS_AUX
AUX.Sub.Plur.1.Imp.Fin=POS_AUX
AUX.Sub.Plur.1.Pres.Fin=POS_AUX
AUX.Sub.Plur.2.Pres.Fin=POS_AUX
AUX.Sub.Plur.3.Imp.Fin=POS_AUX
AUX.Sub.Plur.3.Pres.Fin=POS_AUX
AUX.Sub.Sing.1.Imp.Fin=POS_AUX
AUX.Sub.Sing.1.Pres.Fin=POS_AUX
AUX.Sub.Sing.3.Imp.Fin=POS_AUX
AUX.Sub.Sing.3.Pres.Fin=POS_AUX
CONJ=POS_CONJ
DET.Art=POS_DET
DET.Def.Fem.Plur.Art=POS_DET
DET.Def.Fem.Sing.Art=POS_DET
DET.Def.Masc.Plur.Art=POS_DET
DET.Def.Masc.Sing.Art=POS_DET
DET.Def.Sing.Art=POS_DET
DET.Fem.Plur.3.Yes.Prs=POS_DET
DET.Fem.Plur.Dem=POS_DET
DET.Fem.Plur.Ind=POS_DET
DET.Fem.Plur.Int=POS_DET
DET.Fem.Sing.3.Yes.Prs=POS_DET
DET.Fem.Sing.Dem=POS_DET
DET.Fem.Sing.Ind=POS_DET
DET.Fem.Sing.Int=POS_DET
DET.Fem.Sing.Plur.1.Yes.Prs=POS_DET
DET.Fem.Sing.Sing.1.Yes.Prs=POS_DET
DET.Fem.Sing.Sing.2.Yes.Prs=POS_DET
DET.Ind=POS_DET
DET.Ind.Fem.Plur.Art=POS_DET
DET.Ind.Fem.Sing.Art=POS_DET
DET.Ind.Masc.Sing.Art=POS_DET
DET.Ind.Sing.Art=POS_DET
DET.Masc.Plur.3.Yes.Prs=POS_DET
DET.Masc.Plur.Dem=POS_DET
DET.Masc.Plur.Ind=POS_DET
DET.Masc.Plur.Int=POS_DET
DET.Masc.Plur.Sing.1.Yes.Prs=POS_DET
DET.Masc.Plur.Sing.2.Yes.Prs=POS_DET
DET.Masc.Sing.3.Yes.Prs=POS_DET
DET.Masc.Sing.Dem=POS_DET
DET.Masc.Sing.Ind=POS_DET
DET.Masc.Sing.Int=POS_DET
DET.Masc.Sing.Plur.1.Yes.Prs=POS_DET
DET.Masc.Sing.Sing.1.Yes.Prs=POS_DET
DET.Masc.Sing.Sing.2.Yes.Prs=POS_DET
DET.Masc.Sing.Tot=POS_DET
DET.Plur.Dem=POS_DET
DET.Plur.Ind=POS_DET
DET.Plur.Plur.1.Yes.Prs=POS_DET
DET.Rel=POS_DET
DET.Sing.3.Yes.Prs=POS_DET
DET.Sing.Dem=POS_DET
DET.Sing.Ind=POS_DET
DET.Sing.Rel=POS_DET
INTJ=POS_INTJ
NOUN=POS_NOUN
NOUN.Digit=POS_NOUN
NOUN.Fem=POS_NOUN
NOUN.Fem.Plur=POS_NOUN
NOUN.Fem.Sing=POS_NOUN
NOUN.Masc=POS_NOUN
NOUN.Masc.Plur=POS_NOUN
NOUN.Masc.Sing=POS_NOUN
NOUN.Plur=POS_NOUN
NOUN.Sing=POS_NOUN
NOUN.Tim=POS_NOUN
NUM.Card=POS_NUM
NUM.Digit=POS_NUM
NUM.Digit.Card=POS_NUM
NUM.Digit.Frac=POS_NUM
NUM.Fem.Card=POS_NUM
NUM.Fem.Plur.Card=POS_NUM
NUM.Fem.Sing.Card=POS_NUM
NUM.Masc.Card=POS_NUM
NUM.Masc.Plur.Card=POS_NUM
NUM.Masc.Sing.Card=POS_NUM
NUM.Plur.Card=POS_NUM
NUM.Sing.Card=POS_NUM
PART.Neg=POS_PART
PRON=POS_PRON
PRON.3=POS_PRON
PRON.3.Pre.Prs=POS_PRON
PRON.3.Prs=POS_PRON
PRON.Acc.Fem.Plur.3.Prs=POS_PRON
PRON.Acc.Fem.Sing.3.Prs=POS_PRON
PRON.Acc.Masc.Plur.3.Prs=POS_PRON
PRON.Acc.Masc.Sing.3.Prs=POS_PRON
PRON.Acc.Sing.3.Prs=POS_PRON
PRON.Dat.Sing.3.Prs=POS_PRON
PRON.Fem.Plur.3.Prs=POS_PRON
PRON.Fem.Plur.3.Yes.Prs=POS_PRON
PRON.Fem.Plur.Dem=POS_PRON
PRON.Fem.Plur.Ind=POS_PRON
PRON.Fem.Plur.Int=POS_PRON
PRON.Fem.Sing.3.Prs=POS_PRON
PRON.Fem.Sing.3.Yes.Prs=POS_PRON
PRON.Fem.Sing.Dem=POS_PRON
PRON.Fem.Sing.Ind=POS_PRON
PRON.Fem.Sing.Int=POS_PRON
PRON.Fem.Sing.Sing.3.Yes.Prs=POS_PRON
PRON.Ind=POS_PRON
PRON.Int=POS_PRON
PRON.Masc.Plur.3.Prs=POS_PRON
PRON.Masc.Plur.3.Yes.Prs=POS_PRON
PRON.Masc.Plur.Dem=POS_PRON
PRON.Masc.Plur.Ind=POS_PRON
PRON.Masc.Plur.Int=POS_PRON
PRON.Masc.Sing.3.Prs=POS_PRON
PRON.Masc.Sing.3.Yes.Prs=POS_PRON
PRON.Masc.Sing.Dem=POS_PRON
PRON.Masc.Sing.Ind=POS_PRON
PRON.Masc.Sing.Int=POS_PRON
PRON.Masc.Sing.Plur.1.Yes.Prs=POS_PRON
PRON.Masc.Sing.Rel=POS_PRON
PRON.Masc.Sing.Tot=POS_PRON
PRON.Nom.Sing.1.Prs=POS_PRON
PRON.Plur.1=POS_PRON
PRON.Plur.1.Prs=POS_PRON
PRON.Plur.2=POS_PRON
PRON.Plur.2.Pol.Prs=POS_PRON
PRON.Plur.2.Prs=POS_PRON
PRON.Plur.3.Prs=POS_PRON
PRON.Plur.Dem=POS_PRON
PRON.Plur.Ind=POS_PRON
PRON.Plur.Plur.1.Yes.Prs=POS_PRON
PRON.Plur.Rel=POS_PRON
PRON.Rel=POS_PRON
PRON.Sing.1=POS_PRON
PRON.Sing.1.Pre.Prs=POS_PRON
PRON.Sing.1.Prs=POS_PRON
PRON.Sing.2=POS_PRON
PRON.Sing.2.Pol.Prs=POS_PRON
PRON.Sing.2.Prs=POS_PRON
PRON.Sing.Dem=POS_PRON
PRON.Sing.Ind=POS_PRON
PRON.Sing.Int=POS_PRON
PRON.Sing.Rel=POS_PRON
PROPN=POS_PROPN
PROPN.Masc.Sing=POS_PROPN
PUNCT=POS_PUNCT
PUNCT.Comma=POS_PUNCT
PUNCT.Final=POS_PUNCT
PUNCT.Init=POS_PUNCT
SCONJ=POS_SCONJ
SYM=POS_SYM
SYM.Colo=POS_SYM
SYM.Digit=POS_SYM
SYM.Digit.Frac=POS_SYM
SYM.Masc=POS_SYM
SYM.Tim=POS_SYM
VERB=POS_VERB
VERB.Cnd.Plur.1.Fin=POS_VERB
VERB.Cnd.Plur.3.Fin=POS_VERB
VERB.Cnd.Sing.1.Fin=POS_VERB
VERB.Cnd.Sing.3.Fin=POS_VERB
VERB.Fem.Plur.Past.Part=POS_VERB
VERB.Fem.Sing.Past.Part=POS_VERB
VERB.Ger=POS_VERB
VERB.Imp.Plur.1.Fin=POS_VERB
VERB.Imp.Plur.3.Fin=POS_VERB
VERB.Imp.Sing.2.Fin=POS_VERB
VERB.Imp.Sing.3.Fin=POS_VERB
VERB.Ind.Plur.1.Fut.Fin=POS_VERB
VERB.Ind.Plur.1.Imp.Fin=POS_VERB
VERB.Ind.Plur.1.Pres.Fin=POS_VERB
VERB.Ind.Plur.2.Fut.Fin=POS_VERB
VERB.Ind.Plur.2.Pres.Fin=POS_VERB
VERB.Ind.Plur.3.Fut.Fin=POS_VERB
VERB.Ind.Plur.3.Imp.Fin=POS_VERB
VERB.Ind.Plur.3.Past.Fin=POS_VERB
VERB.Ind.Plur.3.Pres.Fin=POS_VERB
VERB.Ind.Sing.1.Fut.Fin=POS_VERB
VERB.Ind.Sing.1.Imp.Fin=POS_VERB
VERB.Ind.Sing.1.Pres.Fin=POS_VERB
VERB.Ind.Sing.2.Fut.Fin=POS_VERB
VERB.Ind.Sing.2.Pres.Fin=POS_VERB
VERB.Ind.Sing.3.Fut.Fin=POS_VERB
VERB.Ind.Sing.3.Imp.Fin=POS_VERB
VERB.Ind.Sing.3.Past.Fin=POS_VERB
VERB.Ind.Sing.3.Pres.Fin=POS_VERB
VERB.Inf=POS_VERB
VERB.Inf-PRON.3=POS_VERB
VERB.Masc.Plur.Past.Part=POS_VERB
VERB.Masc.Sing.Past.Part=POS_VERB
VERB.Past.Part=POS_VERB
VERB.Sub.Plur.1.Imp.Fin=POS_VERB
VERB.Sub.Plur.1.Pres.Fin=POS_VERB
VERB.Sub.Plur.3.Imp.Fin=POS_VERB
VERB.Sub.Plur.3.Pres.Fin=POS_VERB
VERB.Sub.Sing.1.Imp.Fin=POS_VERB
VERB.Sub.Sing.1.Pres.Fin=POS_VERB
VERB.Sub.Sing.2.Pres.Fin=POS_VERB
VERB.Sub.Sing.3.Imp.Fin=POS_VERB
VERB.Sub.Sing.3.Pres.Fin=POS_VERB
X=POS_X

# Catch-all rule
*=POS
