# STTS 
#
# Tag Table (1995/1999)
#
# Source: http://www.sfs.uni-tuebingen.de/resources/stts-1999.pdf
#         http://www.ims.uni-stuttgart.de/forschung/ressourcen/lexika/TagSets/stts-table.html
#
# 2012-05-06 - Added PROAV which replaces PAV in the Tiger 1 corpus. 
#              http://www.uni-potsdam.de/u/germanistik/ls_dgs/tiger1-intro.pdf

__META_SOURCE_URL__=http://www.ims.uni-stuttgart.de/forschung/ressourcen/lexika/TagSets/stts-table.html
__META_TYPE_BASE__=de.tudarmstadt.ukp.dkpro.core.api.lexmorph.type.pos.

# Catch-all rule
*=POS
#
# $*LRB* 
# -
# .$$. 
# $(	sonstige Satzzeichen; satzintern	- [,]()
$(=POS_PUNCT
# $,	Komma	,
$,=POS_PUNCT
# $.	Satzbeendende Interpunktion	. ? ! ; :
$.=POS_PUNCT
# ADJA	attributives Adjektiv	[das] große [Haus]
ADJA=POS_ADJ
# ADJD	adverbiales oder prädikatives Adjektiv	[er fährt] schnell, [er ist] schnell
ADJD=POS_ADJ
# ADV	Adverb	schon, bald, doch
ADV=POS_ADV
# APPO	Postposition	[ihm] zufolge, [der Sache] wegen
APPO=POS_ADP
# APPR	Präposition; Zirkumposition links	in [der Stadt], ohne [mich]
APPR=POS_ADP
# APPRART	Präposition mit Artikel	im [Haus], zur [Sache]
APPRART=POS_ADP
# APZR	Zirkumposition rechts	[von jetzt] an
APZR=POS_ADP
# ART	bestimmter oder unbestimmter Artikel	der, die, das, ein, eine
ART=POS_DET
# CARD	Kardinalzahl	zwei [Männer], [im Jahre] 1994
CARD=POS_NUM
# FM	Fremdsprachliches Material	[Er hat das mit ``] A big fish ['' übersetzt]
FM=POS_X
# ITJ	Interjektion	mhm, ach, tja
ITJ=POS_X
# KOKOM	Vergleichskonjunktion	als, wie
KOKOM=POS_CONJ
# KON	nebenordnende Konjunktion	und, oder, aber
KON=POS_CONJ
# KOUI	unterordnende Konjunktion mit ``zu'' und Infinitiv	um [zu leben], anstatt [zu fragen]
KOUI=POS_CONJ
# KOUS	unterordnende Konjunktion mit Satz	weil, daß, damit, wenn, ob
KOUS=POS_CONJ
# NE	Eigennamen	Hans, Hamburg, HSV
NE=POS_PROPN
# NN	normales Nomen	Tisch, Herr, [das] Reisen
NN=POS_NOUN
# PAV	Pronominaladverb	dafür, dabei, deswegen, trotzdem
PAV=POS_ADV
# PROAV	Pronominaladverb	dafür, dabei, deswegen, trotzdem (Tiger)
PROAV=POS_ADV
# PDAT	attribuierendes Demonstrativpronomen	jener [Mensch]
PDAT=POS_PRON
# PDS	substituierendes Demonstrativpronomen	dieser, jener
PDS=POS_PRON
# PIAT	attribuierendes Indefinitpronomen ohne Determiner	kein [Mensch], irgendein [Glas]
PIAT=POS_PRON
# PIDAT	attribuierendes Indefinitpronomen mit Determiner	[ein] wenig [Wasser], [die] beiden [Brüder]
PIDAT=POS_PRON
# PIS	substituierendes Indefinitpronomen	keiner, viele, man, niemand
PIS=POS_PRON
# PPER	irreflexives Personalpronomen	ich, er, ihm, mich, dir
PPER=POS_PRON
# PPOSAT	attribuierendes Possessivpronomen	mein [Buch], deine [Mutter]
PPOSAT=POS_PRON
# PPOSS	substituierendes Possessivpronomen	meins, deiner
PPOSS=POS_PRON
# PRELAT	attribuierendes Relativpronomen	[der Mann ,] dessen [Hund]
PRELAT=POS_PRON
# PRELS	substituierendes Relativpronomen	[der Hund ,] der
PRELS=POS_PRON
# PRF	reflexives Personalpronomen	sich, einander, dich, mir
PRF=POS_PRON
# PTKA	Partikel bei Adjektiv oder Adverb	am [schönsten], zu [schnell]
PTKA=POS_X
# PTKANT	Antwortpartikel	ja, nein, danke, bitte
PTKANT=POS_X
# PTKNEG	Negationspartikel	nicht
PTKNEG=POS_X
# PTKVZ	abgetrennter Verbzusatz	[er kommt] an, [er fährt] rad
PTKVZ=POS_VERB
# PTKZU	``zu'' vor Infinitiv	zu [gehen]
PTKZU=POS_X
# PWAT	attribuierendes Interrogativpronomen	welche [Farbe], wessen [Hut] 
PWAT=POS_PRON
# PWAV	adverbiales Interrogativ- oder Relativpronomen	warum, wo, wann, worüber, wobei
PWAV=POS_PRON
# PWS	substituierendes Interrogativpronomen	wer, was
PWS=POS_PRON
# TRUNC	Kompositions-Erstglied	An- [und Abreise]
TRUNC=POS_X 
# VAFIN	finites Verb, aux	[du] bist, [wir] werden
VAFIN=POS_VERB
# VAIMP	Imperativ, aux	sei [ruhig !]
VAIMP=POS_VERB
# VAINF	Infinitiv, aux	werden, sein
VAINF=POS_VERB
# VAPP	Partizip Perfekt, aux	gewesen
VAPP=POS_VERB
# VMFIN	finites Verb, modal	dürfen
VMFIN=POS_VERB
# VMINF	Infinitiv, modal	wollen
VMINF=POS_VERB
# VMPP	Partizip Perfekt, modal	gekonnt, [er hat gehen] können
VMPP=POS_VERB
# VVFIN	finites Verb, voll	[du] gehst, [wir] kommen [an]
VVFIN=POS_VERB
# VVIMP	Imperativ, voll	komm [!]
VVIMP=POS_VERB
# VVINF	Infinitiv, voll	gehen, ankommen
VVINF=POS_VERB
# VVIZU	Infinitiv mit ``zu'', voll	anzukommen, loszulassen
VVIZU=POS_VERB
# VVPP	Partizip Perfekt, voll	gegangen, angekommen
VVPP=POS_VERB
# XY	Nichtwort, Sonderzeichen enthaltend	3:7, H2O, D2XW3
XY=POS_X
