# Brown (NLTK)
#
# tagset as in DKPro Toolbox

__META_TYPE_BASE__=de.tudarmstadt.ukp.dkpro.core.api.lexmorph.type.pos.

NN=POS_NOUN
pct=POS_PUNCT
IN=POS_ADP
AT=POS_DET
DTI=POS_DET
DTX=POS_DET
NNS=POS_NOUN
NNSg=POS_NOUN
NP=POS_NOUN
NRS=POS_NOUN
NPSg=POS_NOUN
JJ=POS_ADJ
VB=POS_VERB
VBD=POS_VERB
VBN=POS_VERB
CD=POS_NUM
CC=POS_CONJ
CS=POS_CONJ
VBG=POS_VERB
MD=POS_VERB
TO=POS_ADP
RB=POS_ADV
RBg=POS_ADV
PPS=POS_PRON
AP=POS_DET
PPg=POS_PRON
PPgg=POS_PRON
BEDZ=POS_VERB
BE=POS_VERB
BEZ=POS_VERB
DT=POS_DET
NR=POS_ADV
WDT=POS_DET
OD=POS_NUM
CDg=POS_NUM
VBZ=POS_VERB
WPS=POS_PRON
WPg=POS_PRON
PPSS=POS_PRON
PNg=POS_PRON
NNg=POS_NOUN
NEG=POS_ADV
PPO=POS_PRON
QL=POS_ADV
QLP=POS_ADV
RP=POS_ADV
RP=POS_ADV
DTS=POS_DET
NPg=POS_NOUN
HVZ=POS_VERB
HVN=POS_VERB
HVG=POS_VERB
WRB=POS_ADV
BER=POS_VERB
BEM=POS_VERB
BEN=POS_VERB
EX=POS_ADV
DT=POS_DET
HV=POS_VERB
BED=POS_VERB
HVD=POS_VERB
RBR=POS_ADV
ABN=POS_ADV
NPS=POS_NOUN
JJT=POS_ADJ
BEG=POS_VERB
PN=POS_PRON
JJR=POS_ADJ
DOD=POS_VERB
ABX=POS_ADV
JJS=POS_ADJ
NNSG=POS_NOUN
PPL=POS_PRON
DOZ=POS_VERB
DO=POS_VERB
ABL=POS_ADV
PPLS=POS_PRON
WPO=POS_PRON
NRg=POS_NOUN
RBT=POS_ADV
UH=POS_PART
WQL=POS_ADV
*=POS