# TreeTagger Hungarian tagset
#
# Hungarian TreeTagger Part-of-Speech Tags. The coarse part-of-speech is encoded in
# the head of each tag (the part before the first '.') and follows the Universal
# POS categories (ADJ, ADP, ADV, AUX, CCONJ/CONJ, DET, INTJ, NOUN, NUM, PART, PRON,
# PROPN, PUNCT, SCONJ, SYM, VERB, X); the remainder encodes morphological features.
# The '_' tag (unspecified) and SENT are mapped to POS_X and POS_PUNCT respectively.
#
# Source: extracted from the TreeTagger model using TT4J
__META_SOURCE_URL__=https\://www.cis.uni-muenchen.de/~schmid/tools/TreeTagger/
__META_TYPE_BASE__=de.tudarmstadt.ukp.dkpro.core.api.lexmorph.type.pos.

ADJ.Abl.NumOrd.Sing=POS_ADJ
ADJ.Abl.Pos.Plur=POS_ADJ
ADJ.Abl.Pos.Plur.VerbPartPast=POS_ADJ
ADJ.Abl.Pos.Plur.VerbPartPres=POS_ADJ
ADJ.Abl.Pos.Sing=POS_ADJ
ADJ.Abl.Pos.Sing.VerbPartPast=POS_ADJ
ADJ.Abl.Pos.Sing.VerbPartPres=POS_ADJ
ADJ.Abs.NumOrd.Sing=POS_ADJ
ADJ.Abs.Pos.Plur=POS_ADJ
ADJ.Abs.Pos.Plur.VerbPartPast=POS_ADJ
ADJ.Abs.Pos.Plur.VerbPartPres=POS_ADJ
ADJ.Abs.Pos.Sing=POS_ADJ
ADJ.Abs.Pos.Sing.VerbPartFut=POS_ADJ
ADJ.Abs.Pos.Sing.VerbPartPast=POS_ADJ
ADJ.Abs.Pos.Sing.VerbPartPres=POS_ADJ
ADJ.Acc.Cmp.Plur=POS_ADJ
ADJ.Acc.Cmp.Sing=POS_ADJ
ADJ.Acc.NumOrd.Sing=POS_ADJ
ADJ.Acc.Pos.Plur=POS_ADJ
ADJ.Acc.Pos.Plur.VerbPartFut=POS_ADJ
ADJ.Acc.Pos.Plur.VerbPartPast=POS_ADJ
ADJ.Acc.Pos.Plur.VerbPartPres=POS_ADJ
ADJ.Acc.Pos.Sing=POS_ADJ
ADJ.Acc.Pos.Sing.VerbPartFut=POS_ADJ
ADJ.Acc.Pos.Sing.VerbPartPast=POS_ADJ
ADJ.Acc.Pos.Sing.VerbPartPres=POS_ADJ
ADJ.Acc.Sup.Plur=POS_ADJ
ADJ.Acc.Sup.Sing=POS_ADJ
ADJ.Ade.Cmp.Plur=POS_ADJ
ADJ.Ade.Cmp.Sing=POS_ADJ
ADJ.Ade.Pos.Plur=POS_ADJ
ADJ.Ade.Pos.Plur.VerbPartFut=POS_ADJ
ADJ.Ade.Pos.Plur.VerbPartPast=POS_ADJ
ADJ.Ade.Pos.Plur.VerbPartPres=POS_ADJ
ADJ.Ade.Pos.Sing=POS_ADJ
ADJ.Ade.Pos.Sing.VerbPartFut=POS_ADJ
ADJ.Ade.Pos.Sing.VerbPartPast=POS_ADJ
ADJ.Ade.Pos.Sing.VerbPartPres=POS_ADJ
ADJ.All.Cmp.Sing=POS_ADJ
ADJ.All.Pos.Plur=POS_ADJ
ADJ.All.Pos.Plur.VerbPartFut=POS_ADJ
ADJ.All.Pos.Plur.VerbPartPast=POS_ADJ
ADJ.All.Pos.Plur.VerbPartPres=POS_ADJ
ADJ.All.Pos.Sing=POS_ADJ
ADJ.All.Pos.Sing.VerbPartPast=POS_ADJ
ADJ.All.Pos.Sing.VerbPartPres=POS_ADJ
ADJ.Cau.Pos.Plur=POS_ADJ
ADJ.Cau.Pos.Plur.VerbPartPast=POS_ADJ
ADJ.Cau.Pos.Plur.VerbPartPres=POS_ADJ
ADJ.Cau.Pos.Sing=POS_ADJ
ADJ.Cau.Pos.Sing.VerbPartPast=POS_ADJ
ADJ.Cau.Pos.Sing.VerbPartPres=POS_ADJ
ADJ.Dat.Cmp.Plur=POS_ADJ
ADJ.Dat.Cmp.Sing=POS_ADJ
ADJ.Dat.Cmp.Sing.VerbPartPast=POS_ADJ
ADJ.Dat.NumOrd.Sing=POS_ADJ
ADJ.Dat.Pos.Plur=POS_ADJ
ADJ.Dat.Pos.Plur.VerbPartPast=POS_ADJ
ADJ.Dat.Pos.Plur.VerbPartPres=POS_ADJ
ADJ.Dat.Pos.Sing=POS_ADJ
ADJ.Dat.Pos.Sing.VerbPartFut=POS_ADJ
ADJ.Dat.Pos.Sing.VerbPartPast=POS_ADJ
ADJ.Dat.Pos.Sing.VerbPartPres=POS_ADJ
ADJ.Dat.Sup.Sing=POS_ADJ
ADJ.Del.Cmp.Sing=POS_ADJ
ADJ.Del.Pos.Plur=POS_ADJ
ADJ.Del.Pos.Plur.VerbPartPast=POS_ADJ
ADJ.Del.Pos.Plur.VerbPartPres=POS_ADJ
ADJ.Del.Pos.Sing=POS_ADJ
ADJ.Del.Pos.Sing.VerbPartPast=POS_ADJ
ADJ.Del.Pos.Sing.VerbPartPres=POS_ADJ
ADJ.Del.Sup.Sing=POS_ADJ
ADJ.Ela.Cmp.Sing=POS_ADJ
ADJ.Ela.Pos.Plur=POS_ADJ
ADJ.Ela.Pos.Plur.VerbPartPast=POS_ADJ
ADJ.Ela.Pos.Plur.VerbPartPres=POS_ADJ
ADJ.Ela.Pos.Sing=POS_ADJ
ADJ.Ela.Pos.Sing.VerbPartPast=POS_ADJ
ADJ.Ela.Pos.Sing.VerbPartPres=POS_ADJ
ADJ.Ess.Cmp.Sing=POS_ADJ
ADJ.Ess.Cmp.Sing.VerbPartPast=POS_ADJ
ADJ.Ess.Pos.Sing=POS_ADJ
ADJ.Ess.Pos.Sing.VerbPartFut=POS_ADJ
ADJ.Ess.Pos.Sing.VerbPartPast=POS_ADJ
ADJ.Ess.Pos.Sing.VerbPartPres=POS_ADJ
ADJ.Ess.Sup.Sing=POS_ADJ
ADJ.Gen.Cmp.Plur=POS_ADJ
ADJ.Gen.Cmp.Sing=POS_ADJ
ADJ.Gen.Cmp.Sing.VerbPartPast=POS_ADJ
ADJ.Gen.Cmp.Sing.VerbPartPres=POS_ADJ
ADJ.Gen.NumOrd.Sing=POS_ADJ
ADJ.Gen.Pos.Plur=POS_ADJ
ADJ.Gen.Pos.Plur.VerbPartPast=POS_ADJ
ADJ.Gen.Pos.Plur.VerbPartPres=POS_ADJ
ADJ.Gen.Pos.Sing=POS_ADJ
ADJ.Gen.Pos.Sing.VerbPartPast=POS_ADJ
ADJ.Gen.Pos.Sing.VerbPartPres=POS_ADJ
ADJ.Ill.Pos.Plur=POS_ADJ
ADJ.Ill.Pos.Plur.VerbPartPast=POS_ADJ
ADJ.Ill.Pos.Plur.VerbPartPres=POS_ADJ
ADJ.Ill.Pos.Sing=POS_ADJ
ADJ.Ill.Pos.Sing.VerbPartPast=POS_ADJ
ADJ.Ill.Pos.Sing.VerbPartPres=POS_ADJ
ADJ.Ine.Cmp.Sing=POS_ADJ
ADJ.Ine.Cmp.Sing.VerbPartPast=POS_ADJ
ADJ.Ine.NumOrd.Sing=POS_ADJ
ADJ.Ine.Pos.Plur=POS_ADJ
ADJ.Ine.Pos.Plur.VerbPartFut=POS_ADJ
ADJ.Ine.Pos.Plur.VerbPartPast=POS_ADJ
ADJ.Ine.Pos.Plur.VerbPartPres=POS_ADJ
ADJ.Ine.Pos.Sing=POS_ADJ
ADJ.Ine.Pos.Sing.VerbPartPast=POS_ADJ
ADJ.Ine.Pos.Sing.VerbPartPres=POS_ADJ
ADJ.Ins.Cmp.Plur=POS_ADJ
ADJ.Ins.Cmp.Sing=POS_ADJ
ADJ.Ins.Pos.Plur=POS_ADJ
ADJ.Ins.Pos.Plur.VerbPartPast=POS_ADJ
ADJ.Ins.Pos.Plur.VerbPartPres=POS_ADJ
ADJ.Ins.Pos.Sing=POS_ADJ
ADJ.Ins.Pos.Sing.VerbPartFut=POS_ADJ
ADJ.Ins.Pos.Sing.VerbPartPast=POS_ADJ
ADJ.Ins.Pos.Sing.VerbPartPres=POS_ADJ
ADJ.Ins.Sup.Sing=POS_ADJ
ADJ.Nom.Abs.Sing=POS_ADJ
ADJ.Nom.Cmp.Plur=POS_ADJ
ADJ.Nom.Cmp.Plur.VerbPartPast=POS_ADJ
ADJ.Nom.Cmp.Plur.VerbPartPres=POS_ADJ
ADJ.Nom.Cmp.Sing=POS_ADJ
ADJ.Nom.Cmp.Sing.VerbPartPast=POS_ADJ
ADJ.Nom.Cmp.Sing.VerbPartPres=POS_ADJ
ADJ.Nom.NumOrd.Plur=POS_ADJ
ADJ.Nom.NumOrd.Sing=POS_ADJ
ADJ.Nom.Pos.Plur=POS_ADJ
ADJ.Nom.Pos.Plur.VerbPartFut=POS_ADJ
ADJ.Nom.Pos.Plur.VerbPartPast=POS_ADJ
ADJ.Nom.Pos.Plur.VerbPartPres=POS_ADJ
ADJ.Nom.Pos.Sing=POS_ADJ
ADJ.Nom.Pos.Sing.VerbPartFut=POS_ADJ
ADJ.Nom.Pos.Sing.VerbPartPast=POS_ADJ
ADJ.Nom.Pos.Sing.VerbPartPres=POS_ADJ
ADJ.Nom.Sup.Plur=POS_ADJ
ADJ.Nom.Sup.Sing=POS_ADJ
ADJ.Nom.f.Plur.VerbPartPres=POS_ADJ
ADJ.Sub.Cmp.Sing=POS_ADJ
ADJ.Sub.Cmp.Sing.VerbPartPast=POS_ADJ
ADJ.Sub.NumOrd.Sing=POS_ADJ
ADJ.Sub.Pos.Plur=POS_ADJ
ADJ.Sub.Pos.Plur.VerbPartFut=POS_ADJ
ADJ.Sub.Pos.Plur.VerbPartPast=POS_ADJ
ADJ.Sub.Pos.Plur.VerbPartPres=POS_ADJ
ADJ.Sub.Pos.Sing=POS_ADJ
ADJ.Sub.Pos.Sing.VerbPartPast=POS_ADJ
ADJ.Sub.Pos.Sing.VerbPartPres=POS_ADJ
ADJ.Sub.Sup.Plur=POS_ADJ
ADJ.Sub.Sup.Sing=POS_ADJ
ADJ.Sup.Cmp.Sing=POS_ADJ
ADJ.Sup.Cmp.Sing.VerbPartPast=POS_ADJ
ADJ.Sup.NumOrd.Sing=POS_ADJ
ADJ.Sup.Pos.Plur=POS_ADJ
ADJ.Sup.Pos.Plur.VerbPartPast=POS_ADJ
ADJ.Sup.Pos.Plur.VerbPartPres=POS_ADJ
ADJ.Sup.Pos.Sing=POS_ADJ
ADJ.Sup.Pos.Sing.VerbPartPast=POS_ADJ
ADJ.Sup.Pos.Sing.VerbPartPres=POS_ADJ
ADJ.Tem.Pos.Plur=POS_ADJ
ADJ.Tem.Pos.Sing=POS_ADJ
ADJ.Tem.Pos.Sing.VerbPartPast=POS_ADJ
ADJ.Tem.Sup.Sing=POS_ADJ
ADJ.Ter.Pos.Plur=POS_ADJ
ADJ.Ter.Pos.Sing=POS_ADJ
ADJ.Ter.Pos.Sing.VerbPartPast=POS_ADJ
ADJ.Ter.Pos.Sing.VerbPartPres=POS_ADJ
ADJ.Tra.Cmp.Sing=POS_ADJ
ADJ.Tra.Cmp.Sing.VerbPartPast=POS_ADJ
ADJ.Tra.Cmp.Sing.VerbPartPres=POS_ADJ
ADJ.Tra.Pos.Plur=POS_ADJ
ADJ.Tra.Pos.Plur.VerbPartPast=POS_ADJ
ADJ.Tra.Pos.Plur.VerbPartPres=POS_ADJ
ADJ.Tra.Pos.Sing=POS_ADJ
ADJ.Tra.Pos.Sing.VerbPartFut=POS_ADJ
ADJ.Tra.Pos.Sing.VerbPartPast=POS_ADJ
ADJ.Tra.Pos.Sing.VerbPartPres=POS_ADJ
ADJ.Tra.Sup.Sing=POS_ADJ
ADP=POS_ADP
ADV=POS_ADV
ADV.Cmp=POS_ADV
ADV.Cmp.PronDem=POS_ADV
ADV.Plur.3.Pronl=POS_ADV
ADV.Pos=POS_ADV
ADV.Pos.PronDem=POS_ADV
ADV.Pos.PronInd=POS_ADV
ADV.PronDem=POS_ADV
ADV.PronInd=POS_ADV
ADV.PronInt=POS_ADV
ADV.PronNeg=POS_ADV
ADV.PronRel=POS_ADV
ADV.PronTot=POS_ADV
ADV.Sing.3.Pronl=POS_ADV
ADV.Sup=POS_ADV
ADV.VerbTrans=POS_ADV
AUX.Def.Ind.Plur.2.Pres.Act=POS_AUX
AUX.Def.Ind.Sing.1.Pres.Act=POS_AUX
AUX.Def.Ind.Sing.2.Pres.Act=POS_AUX
AUX.Ind.Ind.Plur.2.Pres.Act=POS_AUX
AUX.Ind.Ind.Sing.2.Pres.Act=POS_AUX
AUX.Ind.Ind.Sing.3.Past.Act=POS_AUX
CONJ=POS_CONJ
DET.Def.PronArt=POS_DET
DET.Ind.PronArt=POS_DET
INTJ=POS_INTJ
NOUN.6.Sing=POS_NOUN
NOUN.Abl.Plur=POS_NOUN
NOUN.Abl.Sing=POS_NOUN
NOUN.Abs.Plur=POS_NOUN
NOUN.Abs.Sing=POS_NOUN
NOUN.Acc.Plur=POS_NOUN
NOUN.Acc.Sing=POS_NOUN
NOUN.Ade.Plur=POS_NOUN
NOUN.Ade.Sing=POS_NOUN
NOUN.All.Plur=POS_NOUN
NOUN.All.Sing=POS_NOUN
NOUN.Cau.Plur=POS_NOUN
NOUN.Cau.Sing=POS_NOUN
NOUN.Com.Sing=POS_NOUN
NOUN.Dat.Plur=POS_NOUN
NOUN.Dat.Sing=POS_NOUN
NOUN.Del.Plur=POS_NOUN
NOUN.Del.Sing=POS_NOUN
NOUN.Dis.Sing=POS_NOUN
NOUN.Ela.Plur=POS_NOUN
NOUN.Ela.Sing=POS_NOUN
NOUN.Ess.Plur=POS_NOUN
NOUN.Ess.Sing=POS_NOUN
NOUN.Gen.Plur=POS_NOUN
NOUN.Gen.Sing=POS_NOUN
NOUN.Ill.Plur=POS_NOUN
NOUN.Ill.Sing=POS_NOUN
NOUN.Ine.Plur=POS_NOUN
NOUN.Ine.Sing=POS_NOUN
NOUN.Ins.Plur=POS_NOUN
NOUN.Ins.Sing=POS_NOUN
NOUN.Loc.Sing=POS_NOUN
NOUN.Nom.Plur=POS_NOUN
NOUN.Nom.Sing=POS_NOUN
NOUN.Sub.Plur=POS_NOUN
NOUN.Sub.Sing=POS_NOUN
NOUN.Sup.Plur=POS_NOUN
NOUN.Sup.Sing=POS_NOUN
NOUN.Tem.Plur=POS_NOUN
NOUN.Tem.Sing=POS_NOUN
NOUN.Ter.Plur=POS_NOUN
NOUN.Ter.Sing=POS_NOUN
NOUN.Tra.Plur=POS_NOUN
NOUN.Tra.Sing=POS_NOUN
NUM.Abl.NumCard.Plur=POS_NUM
NUM.Abl.NumCard.Sing=POS_NUM
NUM.Abl.NumFrac.Sing=POS_NUM
NUM.Abl.Sing=POS_NUM
NUM.Abs.NumCard.Plur=POS_NUM
NUM.Abs.NumCard.Sing=POS_NUM
NUM.Acc.NumCard.Plur=POS_NUM
NUM.Acc.NumCard.Sing=POS_NUM
NUM.Acc.NumFrac.Sing=POS_NUM
NUM.Acc.Sing=POS_NUM
NUM.Ade.NumCard.Plur=POS_NUM
NUM.Ade.NumCard.Sing=POS_NUM
NUM.Ade.Sing=POS_NUM
NUM.All.NumCard.Plur=POS_NUM
NUM.All.NumCard.Sing=POS_NUM
NUM.All.NumFrac.Sing=POS_NUM
NUM.All.Sing=POS_NUM
NUM.Cau.NumCard.Plur=POS_NUM
NUM.Cau.NumCard.Sing=POS_NUM
NUM.Cau.NumFrac.Sing=POS_NUM
NUM.Cau.Sing=POS_NUM
NUM.Dat.NumCard.Plur=POS_NUM
NUM.Dat.NumCard.Sing=POS_NUM
NUM.Dat.Sing=POS_NUM
NUM.Del.NumCard.Plur=POS_NUM
NUM.Del.NumCard.Sing=POS_NUM
NUM.Del.NumFrac.Sing=POS_NUM
NUM.Del.Sing=POS_NUM
NUM.Dis.NumCard.Sing=POS_NUM
NUM.Ela.NumCard.Plur=POS_NUM
NUM.Ela.NumCard.Sing=POS_NUM
NUM.Ela.Sing=POS_NUM
NUM.Ess.NumCard.Sing=POS_NUM
NUM.Gen.NumCard.Plur=POS_NUM
NUM.Gen.NumCard.Sing=POS_NUM
NUM.Gen.NumFrac.Sing=POS_NUM
NUM.Gen.Sing=POS_NUM
NUM.Ill.NumCard.Plur=POS_NUM
NUM.Ill.NumCard.Sing=POS_NUM
NUM.Ill.NumFrac.Sing=POS_NUM
NUM.Ill.Sing=POS_NUM
NUM.Ine.NumCard.Plur=POS_NUM
NUM.Ine.NumCard.Sing=POS_NUM
NUM.Ine.NumFrac.Sing=POS_NUM
NUM.Ine.Plur=POS_NUM
NUM.Ine.Sing=POS_NUM
NUM.Ins.NumCard.Plur=POS_NUM
NUM.Ins.NumCard.Sing=POS_NUM
NUM.Ins.NumFrac.Sing=POS_NUM
NUM.Ins.Sing=POS_NUM
NUM.Nom.NumCard.Plur=POS_NUM
NUM.Nom.NumCard.Sing=POS_NUM
NUM.Nom.NumDist.Sing=POS_NUM
NUM.Nom.NumFrac.Sing=POS_NUM
NUM.Nom.Plur=POS_NUM
NUM.Nom.Sing=POS_NUM
NUM.Sub.NumCard.Plur=POS_NUM
NUM.Sub.NumCard.Sing=POS_NUM
NUM.Sub.NumFrac.Sing=POS_NUM
NUM.Sub.Sing=POS_NUM
NUM.Sup.NumCard.Plur=POS_NUM
NUM.Sup.NumCard.Sing=POS_NUM
NUM.Sup.NumFrac.Sing=POS_NUM
NUM.Sup.Sing=POS_NUM
NUM.Tem.NumCard.Sing=POS_NUM
NUM.Tem.NumFrac.Sing=POS_NUM
NUM.Tem.Sing=POS_NUM
NUM.Ter.NumCard.Plur=POS_NUM
NUM.Ter.NumCard.Sing=POS_NUM
NUM.Ter.NumFrac.Sing=POS_NUM
NUM.Ter.Sing=POS_NUM
NUM.Tra.NumCard.Plur=POS_NUM
NUM.Tra.NumCard.Sing=POS_NUM
PART=POS_PART
PRON.6.Sing.3.PronDem=POS_PRON
PRON.6.Sing.3.PronInd=POS_PRON
PRON.6.Sing.3.PronInt=POS_PRON
PRON.6.Sing.3.PronRel=POS_PRON
PRON.6.Sing.3.PronTot=POS_PRON
PRON.Abl.Plur.1.PronPrs=POS_PRON
PRON.Abl.Plur.2.PronPrs=POS_PRON
PRON.Abl.Plur.3.PronDem=POS_PRON
PRON.Abl.Plur.3.PronInd=POS_PRON
PRON.Abl.Plur.3.PronPrs=POS_PRON
PRON.Abl.Plur.3.PronRel=POS_PRON
PRON.Abl.Plur.3.Yes=POS_PRON
PRON.Abl.Sing.1.PronPrs=POS_PRON
PRON.Abl.Sing.1.Yes=POS_PRON
PRON.Abl.Sing.2.PronPrs=POS_PRON
PRON.Abl.Sing.3.PronDem=POS_PRON
PRON.Abl.Sing.3.PronInd=POS_PRON
PRON.Abl.Sing.3.PronInt=POS_PRON
PRON.Abl.Sing.3.PronPrs=POS_PRON
PRON.Abl.Sing.3.PronRcp=POS_PRON
PRON.Abl.Sing.3.PronRel=POS_PRON
PRON.Abl.Sing.3.PronTot=POS_PRON
PRON.Abl.Sing.3.Yes=POS_PRON
PRON.Abl.Sing.3.Yes.PronPrs=POS_PRON
PRON.Abs.Sing.3.PronDem=POS_PRON
PRON.Abs.Sing.3.PronInd=POS_PRON
PRON.Abs.Sing.3.PronInt=POS_PRON
PRON.Abs.Sing.3.PronPrs=POS_PRON
PRON.Abs.Sing.3.PronRel=POS_PRON
PRON.Abs.Sing.3.Yes.PronPrs=POS_PRON
PRON.Acc.Plur.1.PronPrs=POS_PRON
PRON.Acc.Plur.1.PronTot=POS_PRON
PRON.Acc.Plur.1.Yes=POS_PRON
PRON.Acc.Plur.1.Yes.PronPrs=POS_PRON
PRON.Acc.Plur.2.PronPrs=POS_PRON
PRON.Acc.Plur.3.PronDem=POS_PRON
PRON.Acc.Plur.3.PronInd=POS_PRON
PRON.Acc.Plur.3.PronInt=POS_PRON
PRON.Acc.Plur.3.PronPrs=POS_PRON
PRON.Acc.Plur.3.PronRel=POS_PRON
PRON.Acc.Plur.3.PronTot=POS_PRON
PRON.Acc.Plur.3.Yes=POS_PRON
PRON.Acc.Sing.1.PronPrs=POS_PRON
PRON.Acc.Sing.1.Yes=POS_PRON
PRON.Acc.Sing.2.PronPrs=POS_PRON
PRON.Acc.Sing.2.Yes=POS_PRON
PRON.Acc.Sing.3.PronDem=POS_PRON
PRON.Acc.Sing.3.PronInd=POS_PRON
PRON.Acc.Sing.3.PronInt=POS_PRON
PRON.Acc.Sing.3.PronPrs=POS_PRON
PRON.Acc.Sing.3.PronRcp=POS_PRON
PRON.Acc.Sing.3.PronRel=POS_PRON
PRON.Acc.Sing.3.PronTot=POS_PRON
PRON.Acc.Sing.3.Yes=POS_PRON
PRON.Acc.Sing.3.Yes.PronPrs=POS_PRON
PRON.Ade.Plur.1.PronPrs=POS_PRON
PRON.Ade.Plur.2.PronPrs=POS_PRON
PRON.Ade.Plur.3.PronDem=POS_PRON
PRON.Ade.Plur.3.PronInd=POS_PRON
PRON.Ade.Plur.3.PronPrs=POS_PRON
PRON.Ade.Plur.3.PronRel=POS_PRON
PRON.Ade.Sing.1.PronPrs=POS_PRON
PRON.Ade.Sing.2.PronPrs=POS_PRON
PRON.Ade.Sing.3.PronDem=POS_PRON
PRON.Ade.Sing.3.PronInd=POS_PRON
PRON.Ade.Sing.3.PronInt=POS_PRON
PRON.Ade.Sing.3.PronPrs=POS_PRON
PRON.Ade.Sing.3.PronRel=POS_PRON
PRON.Ade.Sing.3.PronTot=POS_PRON
PRON.Ade.Sing.3.Yes=POS_PRON
PRON.Ade.Sing.3.Yes.PronPrs=POS_PRON
PRON.All.Plur.1.PronPrs=POS_PRON
PRON.All.Plur.1.PronTot=POS_PRON
PRON.All.Plur.1.Yes=POS_PRON
PRON.All.Plur.2.PronPrs=POS_PRON
PRON.All.Plur.3.PronDem=POS_PRON
PRON.All.Plur.3.PronInd=POS_PRON
PRON.All.Plur.3.PronInt=POS_PRON
PRON.All.Plur.3.PronPrs=POS_PRON
PRON.All.Plur.3.PronRel=POS_PRON
PRON.All.Plur.3.Yes=POS_PRON
PRON.All.Sing.1.PronPrs=POS_PRON
PRON.All.Sing.1.Yes=POS_PRON
PRON.All.Sing.2.PronPrs=POS_PRON
PRON.All.Sing.2.Yes.PronPrs=POS_PRON
PRON.All.Sing.3.PronDem=POS_PRON
PRON.All.Sing.3.PronInd=POS_PRON
PRON.All.Sing.3.PronInt=POS_PRON
PRON.All.Sing.3.PronPrs=POS_PRON
PRON.All.Sing.3.PronRcp=POS_PRON
PRON.All.Sing.3.PronRel=POS_PRON
PRON.All.Sing.3.PronTot=POS_PRON
PRON.All.Sing.3.Yes=POS_PRON
PRON.All.Sing.3.Yes.PronPrs=POS_PRON
PRON.Cau.Plur.1.PronPrs=POS_PRON
PRON.Cau.Plur.1.Yes=POS_PRON
PRON.Cau.Plur.2.PronPrs=POS_PRON
PRON.Cau.Plur.3.PronDem=POS_PRON
PRON.Cau.Plur.3.PronInd=POS_PRON
PRON.Cau.Plur.3.PronPrs=POS_PRON
PRON.Cau.Plur.3.PronRel=POS_PRON
PRON.Cau.Plur.3.PronTot=POS_PRON
PRON.Cau.Sing.1.PronPrs=POS_PRON
PRON.Cau.Sing.2.PronPrs=POS_PRON
PRON.Cau.Sing.3.PronDem=POS_PRON
PRON.Cau.Sing.3.PronInd=POS_PRON
PRON.Cau.Sing.3.PronInt=POS_PRON
PRON.Cau.Sing.3.PronPrs=POS_PRON
PRON.Cau.Sing.3.PronRcp=POS_PRON
PRON.Cau.Sing.3.PronRel=POS_PRON
PRON.Cau.Sing.3.PronTot=POS_PRON
PRON.Cau.Sing.3.Yes=POS_PRON
PRON.Dat.Plur.1.PronPrs=POS_PRON
PRON.Dat.Plur.1.Yes=POS_PRON
PRON.Dat.Plur.2.PronPrs=POS_PRON
PRON.Dat.Plur.3.PronDem=POS_PRON
PRON.Dat.Plur.3.PronInd=POS_PRON
PRON.Dat.Plur.3.PronPrs=POS_PRON
PRON.Dat.Plur.3.PronRel=POS_PRON
PRON.Dat.Plur.3.Yes=POS_PRON
PRON.Dat.Sing.1.PronPrs=POS_PRON
PRON.Dat.Sing.1.Yes=POS_PRON
PRON.Dat.Sing.2.PronPrs=POS_PRON
PRON.Dat.Sing.2.Yes=POS_PRON
PRON.Dat.Sing.3.PronDem=POS_PRON
PRON.Dat.Sing.3.PronInd=POS_PRON
PRON.Dat.Sing.3.PronInt=POS_PRON
PRON.Dat.Sing.3.PronPrs=POS_PRON
PRON.Dat.Sing.3.PronRcp=POS_PRON
PRON.Dat.Sing.3.PronRel=POS_PRON
PRON.Dat.Sing.3.PronTot=POS_PRON
PRON.Dat.Sing.3.Yes=POS_PRON
PRON.Dat.Sing.3.Yes.PronPrs=POS_PRON
PRON.Del.Plur.1.PronPrs=POS_PRON
PRON.Del.Plur.1.Yes=POS_PRON
PRON.Del.Plur.2.PronPrs=POS_PRON
PRON.Del.Plur.3.PronDem=POS_PRON
PRON.Del.Plur.3.PronInd=POS_PRON
PRON.Del.Plur.3.PronPrs=POS_PRON
PRON.Del.Plur.3.PronRel=POS_PRON
PRON.Del.Plur.3.Yes=POS_PRON
PRON.Del.Sing.1.PronDem=POS_PRON
PRON.Del.Sing.1.PronPrs=POS_PRON
PRON.Del.Sing.1.Yes=POS_PRON
PRON.Del.Sing.2.PronPrs=POS_PRON
PRON.Del.Sing.2.Yes=POS_PRON
PRON.Del.Sing.3.PronDem=POS_PRON
PRON.Del.Sing.3.PronInd=POS_PRON
PRON.Del.Sing.3.PronInt=POS_PRON
PRON.Del.Sing.3.PronPrs=POS_PRON
PRON.Del.Sing.3.PronRcp=POS_PRON
PRON.Del.Sing.3.PronRel=POS_PRON
PRON.Del.Sing.3.PronTot=POS_PRON
PRON.Del.Sing.3.Yes=POS_PRON
PRON.Ela.Plur.1.PronPrs=POS_PRON
PRON.Ela.Plur.2.PronPrs=POS_PRON
PRON.Ela.Plur.3.PronDem=POS_PRON
PRON.Ela.Plur.3.PronPrs=POS_PRON
PRON.Ela.Plur.3.PronRel=POS_PRON
PRON.Ela.Plur.3.Yes=POS_PRON
PRON.Ela.Sing.1.PronPrs=POS_PRON
PRON.Ela.Sing.1.Yes=POS_PRON
PRON.Ela.Sing.2.PronPrs=POS_PRON
PRON.Ela.Sing.3.PronDem=POS_PRON
PRON.Ela.Sing.3.PronInd=POS_PRON
PRON.Ela.Sing.3.PronInt=POS_PRON
PRON.Ela.Sing.3.PronPrs=POS_PRON
PRON.Ela.Sing.3.PronRel=POS_PRON
PRON.Ela.Sing.3.PronTot=POS_PRON
PRON.Ela.Sing.3.Yes=POS_PRON
PRON.Ela.Sing.3.Yes.PronPrs=POS_PRON
PRON.Ess.Sing.3.PronDem=POS_PRON
PRON.Ess.Sing.3.PronInd=POS_PRON
PRON.Ess.Sing.3.PronInt=POS_PRON
PRON.Ess.Sing.3.PronRel=POS_PRON
PRON.Ess.Sing.3.PronTot=POS_PRON
PRON.Gen.Plur.3.PronDem=POS_PRON
PRON.Gen.Plur.3.PronRel=POS_PRON
PRON.Gen.Sing.3.PronDem=POS_PRON
PRON.Gen.Sing.3.PronInd=POS_PRON
PRON.Gen.Sing.3.PronInt=POS_PRON
PRON.Gen.Sing.3.PronPrs=POS_PRON
PRON.Gen.Sing.3.PronRcp=POS_PRON
PRON.Gen.Sing.3.PronRel=POS_PRON
PRON.Gen.Sing.3.PronTot=POS_PRON
PRON.Gen.Sing.3.Yes=POS_PRON
PRON.Ill.Plur.1.PronPrs=POS_PRON
PRON.Ill.Plur.1.Yes=POS_PRON
PRON.Ill.Plur.2.PronPrs=POS_PRON
PRON.Ill.Plur.3.PronDem=POS_PRON
PRON.Ill.Plur.3.PronPrs=POS_PRON
PRON.Ill.Plur.3.PronRel=POS_PRON
PRON.Ill.Plur.3.Yes=POS_PRON
PRON.Ill.Sing.1.PronPrs=POS_PRON
PRON.Ill.Sing.1.Yes=POS_PRON
PRON.Ill.Sing.2.PronPrs=POS_PRON
PRON.Ill.Sing.3.PronDem=POS_PRON
PRON.Ill.Sing.3.PronInd=POS_PRON
PRON.Ill.Sing.3.PronInt=POS_PRON
PRON.Ill.Sing.3.PronPrs=POS_PRON
PRON.Ill.Sing.3.PronRcp=POS_PRON
PRON.Ill.Sing.3.PronRel=POS_PRON
PRON.Ill.Sing.3.PronTot=POS_PRON
PRON.Ill.Sing.3.Yes=POS_PRON
PRON.Ill.Sing.3.Yes.PronPrs=POS_PRON
PRON.Ine.Plur.1.PronPrs=POS_PRON
PRON.Ine.Plur.1.Yes=POS_PRON
PRON.Ine.Plur.2.PronPrs=POS_PRON
PRON.Ine.Plur.3.PronDem=POS_PRON
PRON.Ine.Plur.3.PronInd=POS_PRON
PRON.Ine.Plur.3.PronPrs=POS_PRON
PRON.Ine.Plur.3.PronRel=POS_PRON
PRON.Ine.Plur.3.Yes=POS_PRON
PRON.Ine.Sing.1.PronPrs=POS_PRON
PRON.Ine.Sing.1.Yes=POS_PRON
PRON.Ine.Sing.2.PronPrs=POS_PRON
PRON.Ine.Sing.3.PronDem=POS_PRON
PRON.Ine.Sing.3.PronInd=POS_PRON
PRON.Ine.Sing.3.PronInt=POS_PRON
PRON.Ine.Sing.3.PronPrs=POS_PRON
PRON.Ine.Sing.3.PronRcp=POS_PRON
PRON.Ine.Sing.3.PronRel=POS_PRON
PRON.Ine.Sing.3.PronTot=POS_PRON
PRON.Ine.Sing.3.Yes=POS_PRON
PRON.Ine.Sing.3.Yes.PronPrs=POS_PRON
PRON.Ins.Plur.1.PronPrs=POS_PRON
PRON.Ins.Plur.1.Yes=POS_PRON
PRON.Ins.Plur.2.PronPrs=POS_PRON
PRON.Ins.Plur.3.PronDem=POS_PRON
PRON.Ins.Plur.3.PronInd=POS_PRON
PRON.Ins.Plur.3.PronInt=POS_PRON
PRON.Ins.Plur.3.PronPrs=POS_PRON
PRON.Ins.Plur.3.PronRel=POS_PRON
PRON.Ins.Plur.3.PronTot=POS_PRON
PRON.Ins.Plur.3.Yes=POS_PRON
PRON.Ins.Sing.1.PronPrs=POS_PRON
PRON.Ins.Sing.1.Yes=POS_PRON
PRON.Ins.Sing.2.PronPrs=POS_PRON
PRON.Ins.Sing.3.PronDem=POS_PRON
PRON.Ins.Sing.3.PronInd=POS_PRON
PRON.Ins.Sing.3.PronInt=POS_PRON
PRON.Ins.Sing.3.PronPrs=POS_PRON
PRON.Ins.Sing.3.PronRcp=POS_PRON
PRON.Ins.Sing.3.PronRel=POS_PRON
PRON.Ins.Sing.3.PronTot=POS_PRON
PRON.Ins.Sing.3.Yes=POS_PRON
PRON.Ins.Sing.3.Yes.PronPrs=POS_PRON
PRON.Nom.Plur.1.PronPrs=POS_PRON
PRON.Nom.Plur.1.PronTot=POS_PRON
PRON.Nom.Plur.1.Yes=POS_PRON
PRON.Nom.Plur.2.PronPrs=POS_PRON
PRON.Nom.Plur.3.PronDem=POS_PRON
PRON.Nom.Plur.3.PronInd=POS_PRON
PRON.Nom.Plur.3.PronInt=POS_PRON
PRON.Nom.Plur.3.PronPrs=POS_PRON
PRON.Nom.Plur.3.PronRel=POS_PRON
PRON.Nom.Plur.3.PronTot=POS_PRON
PRON.Nom.Plur.3.Yes=POS_PRON
PRON.Nom.Sing.1.PronPrs=POS_PRON
PRON.Nom.Sing.1.Yes=POS_PRON
PRON.Nom.Sing.2.PronPrs=POS_PRON
PRON.Nom.Sing.2.Yes=POS_PRON
PRON.Nom.Sing.3.PronDem=POS_PRON
PRON.Nom.Sing.3.PronInd=POS_PRON
PRON.Nom.Sing.3.PronInt=POS_PRON
PRON.Nom.Sing.3.PronPrs=POS_PRON
PRON.Nom.Sing.3.PronRcp=POS_PRON
PRON.Nom.Sing.3.PronRel=POS_PRON
PRON.Nom.Sing.3.PronTot=POS_PRON
PRON.Nom.Sing.3.Yes=POS_PRON
PRON.Nom.Sing.3.Yes.PronPrs=POS_PRON
PRON.Sub.Plur.1.PronPrs=POS_PRON
PRON.Sub.Plur.1.Yes=POS_PRON
PRON.Sub.Plur.2.PronPrs=POS_PRON
PRON.Sub.Plur.3.PronDem=POS_PRON
PRON.Sub.Plur.3.PronInd=POS_PRON
PRON.Sub.Plur.3.PronPrs=POS_PRON
PRON.Sub.Plur.3.PronRel=POS_PRON
PRON.Sub.Plur.3.Yes=POS_PRON
PRON.Sub.Sing.1.PronPrs=POS_PRON
PRON.Sub.Sing.1.Yes=POS_PRON
PRON.Sub.Sing.2.PronPrs=POS_PRON
PRON.Sub.Sing.2.Yes=POS_PRON
PRON.Sub.Sing.3.PronDem=POS_PRON
PRON.Sub.Sing.3.PronInd=POS_PRON
PRON.Sub.Sing.3.PronInt=POS_PRON
PRON.Sub.Sing.3.PronPrs=POS_PRON
PRON.Sub.Sing.3.PronRcp=POS_PRON
PRON.Sub.Sing.3.PronRel=POS_PRON
PRON.Sub.Sing.3.PronTot=POS_PRON
PRON.Sub.Sing.3.Yes=POS_PRON
PRON.Sup.Plur.1.PronPrs=POS_PRON
PRON.Sup.Plur.1.Yes=POS_PRON
PRON.Sup.Plur.2.PronPrs=POS_PRON
PRON.Sup.Plur.3.PronDem=POS_PRON
PRON.Sup.Plur.3.PronInd=POS_PRON
PRON.Sup.Plur.3.PronPrs=POS_PRON
PRON.Sup.Plur.3.PronRel=POS_PRON
PRON.Sup.Plur.3.Yes=POS_PRON
PRON.Sup.Sing.1.PronPrs=POS_PRON
PRON.Sup.Sing.1.Yes=POS_PRON
PRON.Sup.Sing.2.PronPrs=POS_PRON
PRON.Sup.Sing.3.PronDem=POS_PRON
PRON.Sup.Sing.3.PronInd=POS_PRON
PRON.Sup.Sing.3.PronInt=POS_PRON
PRON.Sup.Sing.3.PronPrs=POS_PRON
PRON.Sup.Sing.3.PronRcp=POS_PRON
PRON.Sup.Sing.3.PronRel=POS_PRON
PRON.Sup.Sing.3.PronTot=POS_PRON
PRON.Sup.Sing.3.Yes=POS_PRON
PRON.Ter.Sing.3.PronDem=POS_PRON
PRON.Ter.Sing.3.PronPrs=POS_PRON
PRON.Tra.Plur.1.PronPrs=POS_PRON
PRON.Tra.Plur.3.Yes=POS_PRON
PRON.Tra.Sing.1.PronPrs=POS_PRON
PRON.Tra.Sing.2.PronPrs=POS_PRON
PRON.Tra.Sing.3.PronDem=POS_PRON
PRON.Tra.Sing.3.PronInd=POS_PRON
PRON.Tra.Sing.3.PronTot=POS_PRON
PRON.o.Plur.1.PronPrs=POS_PRON
PROPN.Abl.Sing=POS_PROPN
PROPN.Abs.Sing=POS_PROPN
PROPN.Acc.Plur=POS_PROPN
PROPN.Acc.Sing=POS_PROPN
PROPN.Ade.Plur=POS_PROPN
PROPN.Ade.Sing=POS_PROPN
PROPN.All.Plur=POS_PROPN
PROPN.All.Sing=POS_PROPN
PROPN.Cau.Sing=POS_PROPN
PROPN.Com.Sing=POS_PROPN
PROPN.Dat.Sing=POS_PROPN
PROPN.Del.Sing=POS_PROPN
PROPN.Ela.Sing=POS_PROPN
PROPN.Gen.Plur=POS_PROPN
PROPN.Gen.Sing=POS_PROPN
PROPN.Ill.Sing=POS_PROPN
PROPN.Ine.Plur=POS_PROPN
PROPN.Ine.Sing=POS_PROPN
PROPN.Ins.Plur=POS_PROPN
PROPN.Ins.Sing=POS_PROPN
PROPN.Loc.Sing=POS_PROPN
PROPN.Nom.Plur=POS_PROPN
PROPN.Nom.Sing=POS_PROPN
PROPN.Sub.Plur=POS_PROPN
PROPN.Sub.Sing=POS_PROPN
PROPN.Sup.Plur=POS_PROPN
PROPN.Sup.Sing=POS_PROPN
PROPN.Tem.Sing=POS_PROPN
PROPN.Ter.Sing=POS_PROPN
PROPN.Tra.Sing=POS_PROPN
PUNCT=POS_PUNCT
PUNCT.!=POS_PUNCT
PUNCT."=POS_PUNCT
PUNCT.%=POS_PUNCT
PUNCT.(=POS_PUNCT
PUNCT.)=POS_PUNCT
PUNCT.,=POS_PUNCT
PUNCT.-=POS_PUNCT
PUNCT.\:=POS_PUNCT
PUNCT.;=POS_PUNCT
PUNCT.?=POS_PUNCT
PUNCT.period=POS_PUNCT
SCONJ=POS_SCONJ
SYM=POS_SYM
SYM..Nom.Sing=POS_SYM
SYM.Abl.Sing.w=POS_SYM
SYM.Acc.Sing.w=POS_SYM
SYM.Ade.Sing.w=POS_SYM
SYM.Nom.Sing.m=POS_SYM
SYM.Nom.Sing.o=POS_SYM
SYM.Nom.Sing.p=POS_SYM
SYM.Nom.Sing.w=POS_SYM
SYM.Sub.Sing.w=POS_SYM
SYM.Sup.Sing.w=POS_SYM
SYM.m=POS_SYM
SYM.o=POS_SYM
VERB.2.Cnd,Pot.Sing.1.Pres.VerbFin.Act=POS_VERB
VERB.2.Cnd.Sing.1.Pres.VerbFin.Act=POS_VERB
VERB.2.Imp.Sing.1.Pres.VerbFin.Act=POS_VERB
VERB.2.Imp.Sing.1.Pres.VerbFin.Cau=POS_VERB
VERB.2.Ind.Sing.1.Past.VerbFin.Act=POS_VERB
VERB.2.Ind.Sing.1.Past.VerbFin.Cau=POS_VERB
VERB.2.Ind.Sing.1.Pres.VerbFin.Act=POS_VERB
VERB.2.Ind.Sing.1.Pres.VerbFin.Cau=POS_VERB
VERB.2.Pot.Sing.1.Past.VerbFin.Act=POS_VERB
VERB.2.Pot.Sing.1.Pres.VerbFin.Act=POS_VERB
VERB.Def.Cnd,Pot.Plur.1.Pres.VerbFin.Act=POS_VERB
VERB.Def.Cnd,Pot.Plur.2.Pres.VerbFin.Act=POS_VERB
VERB.Def.Cnd,Pot.Plur.3.Pres.VerbFin.Act=POS_VERB
VERB.Def.Cnd,Pot.Sing.1.Pres.VerbFin.Act=POS_VERB
VERB.Def.Cnd,Pot.Sing.2.Pres.VerbFin.Act=POS_VERB
VERB.Def.Cnd,Pot.Sing.3.Pres.VerbFin.Act=POS_VERB
VERB.Def.Cnd,Pot.Sing.3.Pres.VerbFin.Cau=POS_VERB
VERB.Def.Cnd.Plur.1.Pres.VerbFin.Act=POS_VERB
VERB.Def.Cnd.Plur.2.Pres.VerbFin.Act=POS_VERB
VERB.Def.Cnd.Plur.3.Pres.VerbFin.Act=POS_VERB
VERB.Def.Cnd.Plur.3.Pres.VerbFin.Cau=POS_VERB
VERB.Def.Cnd.Sing.1.Pres.VerbFin.Act=POS_VERB
VERB.Def.Cnd.Sing.1.Pres.VerbFin.Cau=POS_VERB
VERB.Def.Cnd.Sing.2.Pres.VerbFin.Act=POS_VERB
VERB.Def.Cnd.Sing.2.Pres.VerbFin.Cau=POS_VERB
VERB.Def.Cnd.Sing.3.Pres.VerbFin.Act=POS_VERB
VERB.Def.Cnd.Sing.3.Pres.VerbFin.Cau=POS_VERB
VERB.Def.Imp,Pot.Plur.1.Pres.VerbFin.Act=POS_VERB
VERB.Def.Imp,Pot.Plur.2.Pres.VerbFin.Act=POS_VERB
VERB.Def.Imp,Pot.Plur.3.Pres.VerbFin.Act=POS_VERB
VERB.Def.Imp,Pot.Plur.3.Pres.VerbFin.Cau=POS_VERB
VERB.Def.Imp,Pot.Sing.1.Pres.VerbFin.Act=POS_VERB
VERB.Def.Imp,Pot.Sing.2.Pres.VerbFin.Act=POS_VERB
VERB.Def.Imp,Pot.Sing.3.Pres.VerbFin.Act=POS_VERB
VERB.Def.Imp.Plur.1.Pres.VerbFin.Act=POS_VERB
VERB.Def.Imp.Plur.1.Pres.VerbFin.Cau=POS_VERB
VERB.Def.Imp.Plur.2.Pres.VerbFin.Act=POS_VERB
VERB.Def.Imp.Plur.2.Pres.VerbFin.Cau=POS_VERB
VERB.Def.Imp.Plur.3.Pres.VerbFin.Act=POS_VERB
VERB.Def.Imp.Plur.3.Pres.VerbFin.Cau=POS_VERB
VERB.Def.Imp.Sing.1.Pres.VerbFin.Act=POS_VERB
VERB.Def.Imp.Sing.1.Pres.VerbFin.Cau=POS_VERB
VERB.Def.Imp.Sing.2.Pres.VerbFin.Act=POS_VERB
VERB.Def.Imp.Sing.2.Pres.VerbFin.Cau=POS_VERB
VERB.Def.Imp.Sing.3.Pres.VerbFin.Act=POS_VERB
VERB.Def.Imp.Sing.3.Pres.VerbFin.Cau=POS_VERB
VERB.Def.Ind.Plur.1.Past.VerbFin.Act=POS_VERB
VERB.Def.Ind.Plur.1.Past.VerbFin.Cau=POS_VERB
VERB.Def.Ind.Plur.1.Pres.VerbFin.Act=POS_VERB
VERB.Def.Ind.Plur.1.Pres.VerbFin.Cau=POS_VERB
VERB.Def.Ind.Plur.2.Past.VerbFin.Act=POS_VERB
VERB.Def.Ind.Plur.2.Pres.VerbFin.Act=POS_VERB
VERB.Def.Ind.Plur.3.Past.VerbFin.Act=POS_VERB
VERB.Def.Ind.Plur.3.Past.VerbFin.Cau=POS_VERB
VERB.Def.Ind.Plur.3.Pres.VerbFin.Act=POS_VERB
VERB.Def.Ind.Plur.3.Pres.VerbFin.Cau=POS_VERB
VERB.Def.Ind.Sing.1.Past.VerbFin.Act=POS_VERB
VERB.Def.Ind.Sing.1.Past.VerbFin.Cau=POS_VERB
VERB.Def.Ind.Sing.1.Pres.VerbFin.Act=POS_VERB
VERB.Def.Ind.Sing.1.Pres.VerbFin.Cau=POS_VERB
VERB.Def.Ind.Sing.2.Past.VerbFin.Act=POS_VERB
VERB.Def.Ind.Sing.2.Past.VerbFin.Cau=POS_VERB
VERB.Def.Ind.Sing.2.Pres.VerbFin.Act=POS_VERB
VERB.Def.Ind.Sing.2.Pres.VerbFin.Cau=POS_VERB
VERB.Def.Ind.Sing.3.Past.VerbFin.Act=POS_VERB
VERB.Def.Ind.Sing.3.Past.VerbFin.Cau=POS_VERB
VERB.Def.Ind.Sing.3.Pres.VerbFin.Act=POS_VERB
VERB.Def.Ind.Sing.3.Pres.VerbFin.Cau=POS_VERB
VERB.Def.Pot.Plur.1.Past.VerbFin.Act=POS_VERB
VERB.Def.Pot.Plur.1.Pres.VerbFin.Act=POS_VERB
VERB.Def.Pot.Plur.1.Pres.VerbFin.Cau=POS_VERB
VERB.Def.Pot.Plur.2.Past.VerbFin.Act=POS_VERB
VERB.Def.Pot.Plur.2.Pres.VerbFin.Act=POS_VERB
VERB.Def.Pot.Plur.3.Past.VerbFin.Act=POS_VERB
VERB.Def.Pot.Plur.3.Pres.VerbFin.Act=POS_VERB
VERB.Def.Pot.Plur.3.Pres.VerbFin.Cau=POS_VERB
VERB.Def.Pot.Sing.1.Past.VerbFin.Act=POS_VERB
VERB.Def.Pot.Sing.1.Pres.VerbFin.Act=POS_VERB
VERB.Def.Pot.Sing.2.Past.VerbFin.Act=POS_VERB
VERB.Def.Pot.Sing.2.Pres.VerbFin.Act=POS_VERB
VERB.Def.Pot.Sing.3.Past.VerbFin.Act=POS_VERB
VERB.Def.Pot.Sing.3.Pres.VerbFin.Act=POS_VERB
VERB.Def.Pot.Sing.3.Pres.VerbFin.Cau=POS_VERB
VERB.Freq.Def.Cnd.Plur.1.Pres.VerbFin.Act=POS_VERB
VERB.Freq.Def.Cnd.Sing.1.Pres.VerbFin.Act=POS_VERB
VERB.Freq.Def.Cnd.Sing.3.Pres.VerbFin.Act=POS_VERB
VERB.Freq.Def.Imp.Plur.1.Pres.VerbFin.Act=POS_VERB
VERB.Freq.Def.Imp.Sing.1.Pres.VerbFin.Act=POS_VERB
VERB.Freq.Def.Imp.Sing.2.Pres.VerbFin.Act=POS_VERB
VERB.Freq.Def.Imp.Sing.3.Pres.VerbFin.Act=POS_VERB
VERB.Freq.Def.Ind.Plur.1.Past.VerbFin.Act=POS_VERB
VERB.Freq.Def.Ind.Plur.1.Pres.VerbFin.Act=POS_VERB
VERB.Freq.Def.Ind.Plur.3.Past.VerbFin.Act=POS_VERB
VERB.Freq.Def.Ind.Plur.3.Pres.VerbFin.Act=POS_VERB
VERB.Freq.Def.Ind.Sing.1.Past.VerbFin.Act=POS_VERB
VERB.Freq.Def.Ind.Sing.1.Pres.VerbFin.Act=POS_VERB
VERB.Freq.Def.Ind.Sing.2.Pres.VerbFin.Act=POS_VERB
VERB.Freq.Def.Ind.Sing.3.Past.VerbFin.Act=POS_VERB
VERB.Freq.Def.Ind.Sing.3.Pres.VerbFin.Act=POS_VERB
VERB.Freq.Def.Pot.Plur.1.Pres.VerbFin.Act=POS_VERB
VERB.Freq.Def.Pot.Plur.1.Pres.VerbFin.Cau=POS_VERB
VERB.Freq.Ind.Cnd,Pot.Sing.3.Pres.VerbFin.Act=POS_VERB
VERB.Freq.Ind.Cnd.Plur.1.Pres.VerbFin.Act=POS_VERB
VERB.Freq.Ind.Cnd.Sing.1.Pres.VerbFin.Act=POS_VERB
VERB.Freq.Ind.Imp.Plur.1.Pres.VerbFin.Act=POS_VERB
VERB.Freq.Ind.Imp.Plur.3.Pres.VerbFin.Act=POS_VERB
VERB.Freq.Ind.Imp.Sing.1.Pres.VerbFin.Act=POS_VERB
VERB.Freq.Ind.Imp.Sing.2.Pres.VerbFin.Act=POS_VERB
VERB.Freq.Ind.Imp.Sing.3.Pres.VerbFin.Act=POS_VERB
VERB.Freq.Ind.Ind.Plur.1.Past.VerbFin.Act=POS_VERB
VERB.Freq.Ind.Ind.Plur.1.Pres.VerbFin.Act=POS_VERB
VERB.Freq.Ind.Ind.Plur.2.Pres.VerbFin.Act=POS_VERB
VERB.Freq.Ind.Ind.Plur.3.Past.VerbFin.Act=POS_VERB
VERB.Freq.Ind.Ind.Plur.3.Pres.VerbFin.Act=POS_VERB
VERB.Freq.Ind.Ind.Sing.1.Past.VerbFin.Act=POS_VERB
VERB.Freq.Ind.Ind.Sing.1.Pres.VerbFin.Act=POS_VERB
VERB.Freq.Ind.Ind.Sing.2.Pres.VerbFin.Act=POS_VERB
VERB.Freq.Ind.Ind.Sing.3.Past.VerbFin.Act=POS_VERB
VERB.Freq.Ind.Ind.Sing.3.Pres.VerbFin.Act=POS_VERB
VERB.Freq.Plur.3.Pres.VerbInf.Act=POS_VERB
VERB.Freq.Sing.1.Pres.VerbInf.Act=POS_VERB
VERB.Freq.Sing.2.Pres.VerbInf.Act=POS_VERB
VERB.Freq.Sing.3.Pres.VerbInf.Act=POS_VERB
VERB.Freq.VerbInf.Act=POS_VERB
VERB.Ind.Cnd,Pot.Plur.1.Pres.VerbFin.Act=POS_VERB
VERB.Ind.Cnd,Pot.Plur.2.Pres.VerbFin.Act=POS_VERB
VERB.Ind.Cnd,Pot.Plur.3.Pres.VerbFin.Act=POS_VERB
VERB.Ind.Cnd,Pot.Sing.1.Pres.VerbFin.Act=POS_VERB
VERB.Ind.Cnd,Pot.Sing.2.Pres.VerbFin.Act=POS_VERB
VERB.Ind.Cnd,Pot.Sing.3.Pres.VerbFin.Act=POS_VERB
VERB.Ind.Cnd.Plur.1.Pres.VerbFin.Act=POS_VERB
VERB.Ind.Cnd.Plur.2.Pres.VerbFin.Act=POS_VERB
VERB.Ind.Cnd.Plur.3.Pres.VerbFin.Act=POS_VERB
VERB.Ind.Cnd.Plur.3.Pres.VerbFin.Cau=POS_VERB
VERB.Ind.Cnd.Sing.1.Pres.VerbFin.Act=POS_VERB
VERB.Ind.Cnd.Sing.1.Pres.VerbFin.Cau=POS_VERB
VERB.Ind.Cnd.Sing.2.Pres.VerbFin.Act=POS_VERB
VERB.Ind.Cnd.Sing.3.Pres.VerbFin.Act=POS_VERB
VERB.Ind.Cnd.Sing.3.Pres.VerbFin.Cau=POS_VERB
VERB.Ind.Imp,Pot.Plur.1.Pres.VerbFin.Act=POS_VERB
VERB.Ind.Imp,Pot.Plur.3.Pres.VerbFin.Act=POS_VERB
VERB.Ind.Imp,Pot.Sing.1.Pres.VerbFin.Act=POS_VERB
VERB.Ind.Imp,Pot.Sing.2.Pres.VerbFin.Act=POS_VERB
VERB.Ind.Imp,Pot.Sing.3.Pres.VerbFin.Act=POS_VERB
VERB.Ind.Imp.Plur.1.Pres.VerbFin.Act=POS_VERB
VERB.Ind.Imp.Plur.1.Pres.VerbFin.Cau=POS_VERB
VERB.Ind.Imp.Plur.2.Pres.VerbFin.Act=POS_VERB
VERB.Ind.Imp.Plur.2.Pres.VerbFin.Cau=POS_VERB
VERB.Ind.Imp.Plur.3.Pres.VerbFin.Act=POS_VERB
VERB.Ind.Imp.Plur.3.Pres.VerbFin.Cau=POS_VERB
VERB.Ind.Imp.Sing.1.Pres.VerbFin.Act=POS_VERB
VERB.Ind.Imp.Sing.2.Pres.VerbFin.Act=POS_VERB
VERB.Ind.Imp.Sing.2.Pres.VerbFin.Cau=POS_VERB
VERB.Ind.Imp.Sing.3.Pres=POS_VERB
VERB.Ind.Imp.Sing.3.Pres.VerbFin.Act=POS_VERB
VERB.Ind.Imp.Sing.3.Pres.VerbFin.Cau=POS_VERB
VERB.Ind.Ind.Plur.1.Past.VerbFin.Act=POS_VERB
VERB.Ind.Ind.Plur.1.Past.VerbFin.Cau=POS_VERB
VERB.Ind.Ind.Plur.1.Pres.VerbFin.Act=POS_VERB
VERB.Ind.Ind.Plur.1.Pres.VerbFin.Cau=POS_VERB
VERB.Ind.Ind.Plur.2.Past.VerbFin.Act=POS_VERB
VERB.Ind.Ind.Plur.2.Pres.VerbFin.Act=POS_VERB
VERB.Ind.Ind.Plur.3.Past.VerbFin.Act=POS_VERB
VERB.Ind.Ind.Plur.3.Past.VerbFin.Cau=POS_VERB
VERB.Ind.Ind.Plur.3.Pres.VerbFin.Act=POS_VERB
VERB.Ind.Ind.Plur.3.Pres.VerbFin.Cau=POS_VERB
VERB.Ind.Ind.Sing.1.Past.VerbFin.Act=POS_VERB
VERB.Ind.Ind.Sing.1.Past.VerbFin.Cau=POS_VERB
VERB.Ind.Ind.Sing.1.Pres.VerbFin.Act=POS_VERB
VERB.Ind.Ind.Sing.1.Pres.VerbFin.Cau=POS_VERB
VERB.Ind.Ind.Sing.2.Past.VerbFin.Act=POS_VERB
VERB.Ind.Ind.Sing.2.Past.VerbFin.Cau=POS_VERB
VERB.Ind.Ind.Sing.2.Pres.VerbFin.Act=POS_VERB
VERB.Ind.Ind.Sing.2.Pres.VerbFin.Cau=POS_VERB
VERB.Ind.Ind.Sing.3.Past.VerbFin.Act=POS_VERB
VERB.Ind.Ind.Sing.3.Past.VerbFin.Cau=POS_VERB
VERB.Ind.Ind.Sing.3.Pres=POS_VERB
VERB.Ind.Ind.Sing.3.Pres.VerbFin.Act=POS_VERB
VERB.Ind.Ind.Sing.3.Pres.VerbFin.Cau=POS_VERB
VERB.Ind.Pot.Plur.1.Past.VerbFin.Act=POS_VERB
VERB.Ind.Pot.Plur.1.Pres.VerbFin.Act=POS_VERB
VERB.Ind.Pot.Plur.1.Pres.VerbFin.Cau=POS_VERB
VERB.Ind.Pot.Plur.2.Past.VerbFin.Act=POS_VERB
VERB.Ind.Pot.Plur.2.Pres.VerbFin.Act=POS_VERB
VERB.Ind.Pot.Plur.3.Past.VerbFin.Act=POS_VERB
VERB.Ind.Pot.Plur.3.Pres.VerbFin.Act=POS_VERB
VERB.Ind.Pot.Plur.3.Pres.VerbFin.Cau=POS_VERB
VERB.Ind.Pot.Sing.1.Past.VerbFin.Act=POS_VERB
VERB.Ind.Pot.Sing.1.Pres.VerbFin.Act=POS_VERB
VERB.Ind.Pot.Sing.2.Past.VerbFin.Act=POS_VERB
VERB.Ind.Pot.Sing.2.Pres.VerbFin.Act=POS_VERB
VERB.Ind.Pot.Sing.3.Past.VerbFin.Act=POS_VERB
VERB.Ind.Pot.Sing.3.Pres.VerbFin.Act=POS_VERB
VERB.Ind.Pot.Sing.3.Pres.VerbFin.Cau=POS_VERB
VERB.Indone.o.3.p.i.VerbFin.Act=POS_VERB
VERB.Plur.1.Pres.VerbInf.Act=POS_VERB
VERB.Plur.1.Pres.VerbInf.Cau=POS_VERB
VERB.Plur.1.VerbInf.Act=POS_VERB
VERB.Plur.1.VerbInf.Cau=POS_VERB
VERB.Plur.2.Pres.VerbInf.Act=POS_VERB
VERB.Plur.2.Pres.VerbInf.Cau=POS_VERB
VERB.Plur.3.Pres.VerbInf.Act=POS_VERB
VERB.Plur.3.Pres.VerbInf.Cau=POS_VERB
VERB.Plur.3.VerbInf.Act=POS_VERB
VERB.Pot,n.VerbFin.Act=POS_VERB
VERB.Pot.Sing.1.Pres.VerbInf.Act=POS_VERB
VERB.Pot.VerbInf.Act=POS_VERB
VERB.Sing.1.Pres.VerbInf.Act=POS_VERB
VERB.Sing.1.Pres.VerbInf.Cau=POS_VERB
VERB.Sing.1.VerbInf.Act=POS_VERB
VERB.Sing.1.VerbInf.Cau=POS_VERB
VERB.Sing.2.Pres.VerbInf.Act=POS_VERB
VERB.Sing.2.VerbInf.Act=POS_VERB
VERB.Sing.3.Pres.VerbInf.Act=POS_VERB
VERB.Sing.3.Pres.VerbInf.Cau=POS_VERB
VERB.Sing.3.VerbInf.Act=POS_VERB
VERB.Sing.3.VerbInf.Cau=POS_VERB
VERB.VerbInf.Act=POS_VERB
VERB.VerbInf.Cau=POS_VERB
X=POS_X

# Catch-all rule
*=POS
