# Tanl
#
# Tanl tagset adapted for Italian

__META_SOURCE_URL__=Source: http://medialab.di.unipi.it/wiki/Tanl_POS_Tagset
__META_TYPE_BASE__=de.tudarmstadt.ukp.dkpro.core.api.lexmorph.type.pos.

*=POS
APn=POS_ADJ
APp=POS_ADJ
APs=POS_ADJ
An=POS_ADJ
Ap=POS_ADJ
As=POS_ADJ
B=POS_ADV
BN=POS_ADV
CC=POS_CONJ
CS=POS_CONJ
DD=POS_DET
DE=POS_DET
DI=POS_DET
DQ=POS_DET
DR=POS_DET
E=POS_X
EA=POS_X
FB=POS_PUNCT
FC=POS_PUNCT
FF=POS_PUNCT
FS=POS_PUNCT
I=POS_X
N=POS_NUM
NOn=POS_X
NOp=POS_X
NOs=POS_X
PC=POS_PRON
PD=POS_PRON
PE=POS_PRON
PI=POS_PRON
PP=POS_PRON
PQ=POS_PRON
PR=POS_PRON
RD=POS_DET
RI=POS_DET
SA=POS_NOUN
SP=POS_PROPN
SWn=POS_X
SWp=POS_X
SWs=POS_X
Sn=POS_NOUN
Sp=POS_NOUN
Ss=POS_NOUN
T=POS_X
VAci=POS_VERB
VAci3=POS_VERB
VAcp3=POS_VERB
VAdp=POS_VERB
VAdp3=POS_VERB
VAf=POS_VERB
VAg=POS_VERB
VAif=POS_VERB
VAif3=POS_VERB
VAii=POS_VERB
VAii3=POS_VERB
VAip=POS_VERB
VAip3=POS_VERB
VAis=POS_VERB
VAis3=POS_VERB
VAm=POS_VERB
VAp=POS_VERB
VMci=POS_VERB
VMci3=POS_VERB
VMcp=POS_VERB
VMcp3=POS_VERB
VMdp=POS_VERB
VMdp3=POS_VERB
VMf=POS_VERB
VMg=POS_VERB
VMif=POS_VERB
VMif3=POS_VERB
VMii=POS_VERB
VMii3=POS_VERB
VMip=POS_VERB
VMip3=POS_VERB
VMis=POS_VERB
VMis3=POS_VERB
VMp=POS_VERB
Vci=POS_VERB
Vci3=POS_VERB
Vcp=POS_VERB
Vcp3=POS_VERB
Vdp=POS_VERB
Vdp3=POS_VERB
Vf=POS_VERB
Vg=POS_VERB
Vif=POS_VERB
Vif3=POS_VERB
Vii=POS_VERB
Vii3=POS_VERB
Vip=POS_VERB
Vip3=POS_VERB
Vis=POS_VERB
Vis3=POS_VERB
Vm=POS_VERB
Vm3=POS_VERB
Vp=POS_VERB
