# TreeTagger Norwegian tagset
#
# Norwegian TreeTagger Part-of-Speech Tags. The coarse part-of-speech is encoded in
# the head of each tag (the part before the first '.') and follows the Universal
# POS categories (ADJ, ADP, ADV, AUX, CCONJ/CONJ, DET, INTJ, NOUN, NUM, PART, PRON,
# PROPN, PUNCT, SCONJ, SYM, VERB, X); the remainder encodes morphological features.
# The '_' tag (unspecified) and SENT are mapped to POS_X and POS_PUNCT respectively.
#
# Source: extracted from the TreeTagger model using TT4J
__META_SOURCE_URL__=https\://www.cis.uni-muenchen.de/~schmid/tools/TreeTagger/
__META_TYPE_BASE__=de.tudarmstadt.ukp.dkpro.core.api.lexmorph.type.pos.

ADJ=POS_ADJ
ADJ.Abbr=POS_ADJ
ADJ.Abbr.Pos=POS_ADJ
ADJ.Cmp=POS_ADJ
ADJ.Def.Pos.Masc.Sing=POS_ADJ
ADJ.Def.Pos.Sing=POS_ADJ
ADJ.Def.Sing.Part=POS_ADJ
ADJ.Def.Sup=POS_ADJ
ADJ.Gen.Cmp=POS_ADJ
ADJ.Gen.Def.Pos.Sing=POS_ADJ
ADJ.Gen.Def.Sing.Part=POS_ADJ
ADJ.Gen.Ind.Pos.Neut.Sing=POS_ADJ
ADJ.Gen.Ind.Pos.Sing=POS_ADJ
ADJ.Gen.Pos.Plur=POS_ADJ
ADJ.Ind.Masc.Sing.Part=POS_ADJ
ADJ.Ind.Neut.Sing=POS_ADJ
ADJ.Ind.Neut.Sing.Part=POS_ADJ
ADJ.Ind.Pos=POS_ADJ
ADJ.Ind.Pos.Masc.Sing=POS_ADJ
ADJ.Ind.Pos.Neut.Sing=POS_ADJ
ADJ.Ind.Pos.Sing=POS_ADJ
ADJ.Ind.Sing=POS_ADJ
ADJ.Ind.Sing.Part=POS_ADJ
ADJ.Ind.Sup=POS_ADJ
ADJ.Part=POS_ADJ
ADJ.Plur=POS_ADJ
ADJ.Plur.Part=POS_ADJ
ADJ.Pos=POS_ADJ
ADJ.Pos.Plur=POS_ADJ
ADJ.Sing.Part=POS_ADJ
ADJ.Sup=POS_ADJ
ADP=POS_ADP
ADP.Abbr=POS_ADP
ADV=POS_ADV
ADV.Abbr=POS_ADV
ADV.Neg=POS_ADV
AUX.Imp.Fin=POS_AUX
AUX.Ind.Past.Fin=POS_AUX
AUX.Ind.Pres.Fin=POS_AUX
AUX.Inf=POS_AUX
AUX.Part=POS_AUX
CCONJ=POS_CONJ
DET.Def.Dem=POS_DET
DET.Def.Prs=POS_DET
DET.Def.Sing.Dem=POS_DET
DET.Fem.Sing.Art=POS_DET
DET.Fem.Sing.Dem=POS_DET
DET.Fem.Sing.Ind=POS_DET
DET.Fem.Sing.Int=POS_DET
DET.Fem.Sing.Poss.Prs=POS_DET
DET.Fem.Sing.Prs=POS_DET
DET.Fem.Sing.Tot=POS_DET
DET.Gen.Fem.Sing.Dem=POS_DET
DET.Gen.Ind.Masc.Sing.Dem=POS_DET
DET.Gen.Masc.Sing.Art=POS_DET
DET.Gen.Masc.Sing.Dem=POS_DET
DET.Gen.Neut.Sing.Dem=POS_DET
DET.Gen.Plur.Dem=POS_DET
DET.Gen.Plur.Tot=POS_DET
DET.Ind=POS_DET
DET.Ind.Fem.Sing.Dem=POS_DET
DET.Ind.Fem.Sing.Prs=POS_DET
DET.Ind.Masc.Sing.Dem=POS_DET
DET.Ind.Masc.Sing.Prs=POS_DET
DET.Ind.Neut.Sing.Dem=POS_DET
DET.Ind.Neut.Sing.Prs=POS_DET
DET.Masc.Sing.Art=POS_DET
DET.Masc.Sing.Dem=POS_DET
DET.Masc.Sing.Ind=POS_DET
DET.Masc.Sing.Int=POS_DET
DET.Masc.Sing.Neg.Neg=POS_DET
DET.Masc.Sing.Poss.Prs=POS_DET
DET.Masc.Sing.Tot=POS_DET
DET.Neut.Sing.Art=POS_DET
DET.Neut.Sing.Dem=POS_DET
DET.Neut.Sing.Dem,Ind=POS_DET
DET.Neut.Sing.Ind=POS_DET
DET.Neut.Sing.Int=POS_DET
DET.Neut.Sing.Neg.Neg=POS_DET
DET.Neut.Sing.Poss.Prs=POS_DET
DET.Neut.Sing.Tot=POS_DET
DET.Plur.Art=POS_DET
DET.Plur.Dem=POS_DET
DET.Plur.Ind=POS_DET
DET.Plur.Int=POS_DET
DET.Plur.Neg.Neg=POS_DET
DET.Plur.Poss.Prs=POS_DET
DET.Plur.Poss.Rcp=POS_DET
DET.Plur.Prs=POS_DET
DET.Plur.Tot=POS_DET
DET.Prs=POS_DET
INTJ=POS_INTJ
NOUN=POS_NOUN
NOUN.Abbr=POS_NOUN
NOUN.Abbr.Def,Ind.Masc.Plur,Sing=POS_NOUN
NOUN.Abbr.Def,Ind.Masc.Sing=POS_NOUN
NOUN.Abbr.Def,Ind.Neut.Plur,Sing=POS_NOUN
NOUN.Abbr.Fem=POS_NOUN
NOUN.Abbr.Gen=POS_NOUN
NOUN.Abbr.Masc=POS_NOUN
NOUN.Def.Fem.Plur=POS_NOUN
NOUN.Def.Fem.Sing=POS_NOUN
NOUN.Def.Masc.Plur=POS_NOUN
NOUN.Def.Masc.Sing=POS_NOUN
NOUN.Def.Neut.Plur=POS_NOUN
NOUN.Def.Neut.Sing=POS_NOUN
NOUN.Def.Plur=POS_NOUN
NOUN.Fem=POS_NOUN
NOUN.Gen=POS_NOUN
NOUN.Gen.Def.Fem.Plur=POS_NOUN
NOUN.Gen.Def.Fem.Sing=POS_NOUN
NOUN.Gen.Def.Masc.Plur=POS_NOUN
NOUN.Gen.Def.Masc.Sing=POS_NOUN
NOUN.Gen.Def.Neut.Plur=POS_NOUN
NOUN.Gen.Def.Neut.Sing=POS_NOUN
NOUN.Gen.Fem=POS_NOUN
NOUN.Gen.Ind.Fem.Plur=POS_NOUN
NOUN.Gen.Ind.Fem.Sing=POS_NOUN
NOUN.Gen.Ind.Masc.Plur=POS_NOUN
NOUN.Gen.Ind.Masc.Sing=POS_NOUN
NOUN.Gen.Ind.Neut.Plur=POS_NOUN
NOUN.Gen.Ind.Neut.Sing=POS_NOUN
NOUN.Ind.Fem.Plur=POS_NOUN
NOUN.Ind.Fem.Sing=POS_NOUN
NOUN.Ind.Masc=POS_NOUN
NOUN.Ind.Masc.Plur=POS_NOUN
NOUN.Ind.Masc.Sing=POS_NOUN
NOUN.Ind.Neut.Plur=POS_NOUN
NOUN.Ind.Neut.Sing=POS_NOUN
NOUN.Ind.Plur=POS_NOUN
NOUN.Masc=POS_NOUN
NOUN.Neut=POS_NOUN
NOUN.Plur=POS_NOUN
NUM.Card=POS_NUM
NUM.Def.Card=POS_NUM
NUM.Def.Sing.Card=POS_NUM
NUM.Fem.Sing.Card=POS_NUM
NUM.Gen.Plur.Card=POS_NUM
NUM.Masc.Sing.Card=POS_NUM
NUM.Neut.Sing.Card=POS_NUM
NUM.Plur.Card=POS_NUM
NUM.Sing.Card=POS_NUM
PART=POS_PART
PRON.Acc.Plur.3.Prs=POS_PRON
PRON.Acc.Prs.Reflex=POS_PRON
PRON.Fem,Masc.Sing.3.Ind,Prs=POS_PRON
PRON.Fem,Masc.Sing.3.Neg.Neg,Prs=POS_PRON
PRON.Fem,Masc.Sing.3.Prs=POS_PRON
PRON.Fem,Masc.Sing.3.Prs,Tot=POS_PRON
PRON.Hum.Acc.Fem.Sing.3.Prs=POS_PRON
PRON.Hum.Acc.Masc.Sing.3.Prs=POS_PRON
PRON.Hum.Acc.Plur.1.Prs=POS_PRON
PRON.Hum.Acc.Plur.2.Prs=POS_PRON
PRON.Hum.Acc.Sing.1.Prs=POS_PRON
PRON.Hum.Acc.Sing.2.Prs=POS_PRON
PRON.Hum.Gen,Nom.Sing.Art,Prs=POS_PRON
PRON.Hum.Gen.Sing.Art,Prs=POS_PRON
PRON.Hum.Int=POS_PRON
PRON.Hum.Nom.Fem.Sing.3.Prs=POS_PRON
PRON.Hum.Nom.Masc.Sing.3.Prs=POS_PRON
PRON.Hum.Nom.Plur.1.Prs=POS_PRON
PRON.Hum.Nom.Plur.2.Prs=POS_PRON
PRON.Hum.Nom.Sing.1.Prs=POS_PRON
PRON.Hum.Nom.Sing.2.Prs=POS_PRON
PRON.Hum.Nom.Sing.Prs=POS_PRON
PRON.Hum.Plur.Rcp=POS_PRON
PRON.Hum.Poss.Int=POS_PRON
PRON.Hum.Sing.Art,Prs=POS_PRON
PRON.Int=POS_PRON
PRON.Neut.Sing.3.Ind,Prs=POS_PRON
PRON.Neut.Sing.3.Prs=POS_PRON
PRON.Nom.Plur.3.Prs=POS_PRON
PRON.Plur.3.Ind,Prs=POS_PRON
PRON.Plur.3.Neg.Neg,Prs=POS_PRON
PRON.Plur.3.Prs=POS_PRON
PRON.Plur.3.Prs,Tot=POS_PRON
PRON.Prs=POS_PRON
PRON.Rel=POS_PRON
PRON.Sing.Neg.Neg=POS_PRON
PROPN=POS_PROPN
PROPN.Abbr=POS_PROPN
PROPN.Abbr.Gen=POS_PROPN
PROPN.Fem=POS_PROPN
PROPN.Gen=POS_PROPN
PROPN.Gen.Fem=POS_PROPN
PROPN.Gen.Masc=POS_PROPN
PROPN.Gen.Neut=POS_PROPN
PROPN.Masc=POS_PROPN
PROPN.Neut=POS_PROPN
PUNCT=POS_PUNCT
PUNCT.Colon=POS_PUNCT
PUNCT.Comma=POS_PUNCT
PUNCT.Hyphen=POS_PUNCT
PUNCT.Paren=POS_PUNCT
PUNCT.Quot=POS_PUNCT
PUNCT.Sent=POS_PUNCT
SCONJ=POS_SCONJ
SYM=POS_SYM
VERB=POS_VERB
VERB.Abbr.Ind.Pres.Fin=POS_VERB
VERB.Imp.Fin=POS_VERB
VERB.Ind.Past.Fin=POS_VERB
VERB.Ind.Past.Fin.Pass=POS_VERB
VERB.Ind.Pres.Fin=POS_VERB
VERB.Ind.Pres.Fin.Pass=POS_VERB
VERB.Ind.Sing.Part=POS_VERB
VERB.Inf=POS_VERB
VERB.Inf.Pass=POS_VERB
VERB.Part=POS_VERB
X=POS_X

# Catch-all rule
*=POS
