# MSD
#
# Morphosyntactic Specifications for Russian

__META_SOURCE_URL__=http://corpus.leeds.ac.uk/mocky/msd-ru.html
__META_TYPE_BASE__=de.tudarmstadt.ukp.dkpro.core.api.lexmorph.type.pos.

,=POS_PUNCT
-=POS_PUNCT
Afcmsnf=POS_ADJ
Afpfpgf=POS_ADJ
Afpfsaf=POS_ADJ
Afpfsas=POS_ADJ
Afpfsdf=POS_ADJ
Afpfsgf=POS_ADJ
Afpfsif=POS_ADJ
Afpfslf=POS_ADJ
Afpfsnf=POS_ADJ
Afpfsns=POS_ADJ
Afpmpaf=POS_ADJ
Afpmpdf=POS_ADJ
Afpmpgf=POS_ADJ
Afpmpif=POS_ADJ
Afpmplf=POS_ADJ
Afpmpnf=POS_ADJ
Afpmpns=POS_ADJ
Afpmsaf=POS_ADJ
Afpmsdf=POS_ADJ
Afpmsds=POS_ADJ
Afpmsgf=POS_ADJ
Afpmsgs=POS_ADJ
Afpmsif=POS_ADJ
Afpmslf=POS_ADJ
Afpmsnf=POS_ADJ
Afpmsns=POS_ADJ
Afpnpaf=POS_ADJ
Afpnpnf=POS_ADJ
Afpnsaf=POS_ADJ
Afpnsdf=POS_ADJ
Afpnsgf=POS_ADJ
Afpnsif=POS_ADJ
Afpnslf=POS_ADJ
Afpnsnf=POS_ADJ
Afpnsns=POS_ADJ
C=POS_CONJ
I=POS_X
Mc=POS_NUM
Mc---d=POS_NUM
Mc--a=POS_NUM
Mc--ad=POS_NUM
Mc--d=POS_NUM
Mc--dd=POS_NUM
Mc--g=POS_NUM
Mc--gd=POS_NUM
Mc--i=POS_NUM
Mc--id=POS_NUM
Mc--l=POS_NUM
Mc--n=POS_NUM
Mcf-a=POS_NUM
Mcf-d=POS_NUM
Mcf-g=POS_NUM
Mcf-i=POS_NUM
Mcf-l=POS_NUM
Mcf-n=POS_NUM
Mcm-a=POS_NUM
Mcm-d=POS_NUM
Mcm-g=POS_NUM
Mcm-i=POS_NUM
Mcm-l=POS_NUM
Mcm-n=POS_NUM
Mcn-a=POS_NUM
Mcn-d=POS_NUM
Mcn-g=POS_NUM
Mcn-i=POS_NUM
Mcn-l=POS_NUM
Mcn-n=POS_NUM
Mo---d=POS_NUM
Mo--g=POS_NUM
Mo--i=POS_NUM
Mo-pa=POS_NUM
Mo-pad=POS_NUM
Mo-pd=POS_NUM
Mo-pdd=POS_NUM
Mo-pg=POS_NUM
Mo-pgd=POS_NUM
Mo-pi=POS_NUM
Mo-pid=POS_NUM
Mo-pl=POS_NUM
Mo-pld=POS_NUM
Mo-pn=POS_NUM
Mo-pnd=POS_NUM
Mo-sad=POS_NUM
Mof=POS_NUM
Mof-a=POS_NUM
Mof-d=POS_NUM
Mof-g=POS_NUM
Mof-i=POS_NUM
Mof-l=POS_NUM
Mof-n=POS_NUM
Mofsa=POS_NUM
Mofsad=POS_NUM
Mofsd=POS_NUM
Mofsdd=POS_NUM
Mofsg=POS_NUM
Mofsgd=POS_NUM
Mofsi=POS_NUM
Mofsid=POS_NUM
Mofsl=POS_NUM
Mofsld=POS_NUM
Mofsn=POS_NUM
Mofsnd=POS_NUM
Mom-a=POS_NUM
Mom-d=POS_NUM
Mom-g=POS_NUM
Mom-i=POS_NUM
Mom-l=POS_NUM
Mom-n=POS_NUM
Momsa=POS_NUM
Momsad=POS_NUM
Momsd=POS_NUM
Momsg=POS_NUM
Momsgd=POS_NUM
Momsi=POS_NUM
Momsid=POS_NUM
Momsl=POS_NUM
Momsld=POS_NUM
Momsn=POS_NUM
Momsnd=POS_NUM
Mon-a=POS_NUM
Mon-d=POS_NUM
Mon-g=POS_NUM
Mon-i=POS_NUM
Mon-l=POS_NUM
Mon-n=POS_NUM
Monsa=POS_NUM
Monsad=POS_NUM
Monsd=POS_NUM
Monsg=POS_NUM
Monsgd=POS_NUM
Monsi=POS_NUM
Monsid=POS_NUM
Monsl=POS_NUM
Monsn=POS_NUM
Monsnd=POS_NUM
Nccpay=POS_NOUN
Nccpdy=POS_NOUN
Nccpgy=POS_NOUN
Nccpiy=POS_NOUN
Nccply=POS_NOUN
Nccpny=POS_NOUN
Nccsay=POS_NOUN
Nccsdy=POS_NOUN
Nccsgn=POS_NOUN
Nccsgy=POS_NOUN
Nccsiy=POS_NOUN
Nccsly=POS_NOUN
Nccsnn=POS_NOUN
Nccsny=POS_NOUN
Ncfpan=POS_NOUN
Ncfpay=POS_NOUN
Ncfpdn=POS_NOUN
Ncfpdy=POS_NOUN
Ncfpgn=POS_NOUN
Ncfpgy=POS_NOUN
Ncfpin=POS_NOUN
Ncfpiy=POS_NOUN
Ncfpln=POS_NOUN
Ncfply=POS_NOUN
Ncfpnn=POS_NOUN
Ncfpny=POS_NOUN
Ncfsan=POS_NOUN
Ncfsay=POS_NOUN
Ncfsdn=POS_NOUN
Ncfsdy=POS_NOUN
Ncfsgn=POS_NOUN
Ncfsgy=POS_NOUN
Ncfsin=POS_NOUN
Ncfsiy=POS_NOUN
Ncfsln=POS_NOUN
Ncfsly=POS_NOUN
Ncfsnn=POS_NOUN
Ncfsnnl=POS_NOUN
Ncfsnnp=POS_NOUN
Ncfsny=POS_NOUN
Ncfsvy=POS_NOUN
Ncmpan=POS_NOUN
Ncmpay=POS_NOUN
Ncmpdn=POS_NOUN
Ncmpdy=POS_NOUN
Ncmpgn=POS_NOUN
Ncmpgy=POS_NOUN
Ncmpin=POS_NOUN
Ncmpiy=POS_NOUN
Ncmpln=POS_NOUN
Ncmply=POS_NOUN
Ncmpnn=POS_NOUN
Ncmpnnl=POS_NOUN
Ncmpny=POS_NOUN
Ncmsan=POS_NOUN
Ncmsay=POS_NOUN
Ncmsdn=POS_NOUN
Ncmsdy=POS_NOUN
Ncmsgn=POS_NOUN
Ncmsgy=POS_NOUN
Ncmsin=POS_NOUN
Ncmsiy=POS_NOUN
Ncmsln=POS_NOUN
Ncmsly=POS_NOUN
Ncmsnn=POS_NOUN
Ncmsnnl=POS_NOUN
Ncmsnnp=POS_NOUN
Ncmsny=POS_NOUN
Ncmsvn=POS_NOUN
Ncmsvy=POS_NOUN
Ncnpan=POS_NOUN
Ncnpay=POS_NOUN
Ncnpdn=POS_NOUN
Ncnpdy=POS_NOUN
Ncnpgn=POS_NOUN
Ncnpgy=POS_NOUN
Ncnpin=POS_NOUN
Ncnpiy=POS_NOUN
Ncnpln=POS_NOUN
Ncnply=POS_NOUN
Ncnpnn=POS_NOUN
Ncnpny=POS_NOUN
Ncnsan=POS_NOUN
Ncnsay=POS_NOUN
Ncnsdn=POS_NOUN
Ncnsdy=POS_NOUN
Ncnsgn=POS_NOUN
Ncnsgy=POS_NOUN
Ncnsin=POS_NOUN
Ncnsiy=POS_NOUN
Ncnsln=POS_NOUN
Ncnsly=POS_NOUN
Ncnsnn=POS_NOUN
Ncnsny=POS_NOUN
Npcpay=POS_NOUN
Npcsay=POS_NOUN
Npcsdy=POS_NOUN
Npcsgy=POS_NOUN
Npcsiy=POS_NOUN
Npcsly=POS_NOUN
Npcsnn=POS_NOUN
Npcsny=POS_NOUN
Npcsvy=POS_NOUN
Npfpay=POS_NOUN
Npfpdy=POS_NOUN
Npfpgy=POS_NOUN
Npfpiy=POS_NOUN
Npfpny=POS_NOUN
Npfsay=POS_NOUN
Npfsdy=POS_NOUN
Npfsgn=POS_NOUN
Npfsgy=POS_NOUN
Npfsiy=POS_NOUN
Npfsly=POS_NOUN
Npfsnn=POS_NOUN
Npfsny=POS_NOUN
Npfsvy=POS_NOUN
Npmpay=POS_NOUN
Npmpdy=POS_NOUN
Npmpgy=POS_NOUN
Npmpiy=POS_NOUN
Npmpny=POS_NOUN
Npmpvy=POS_NOUN
Npmsay=POS_NOUN
Npmsdn=POS_NOUN
Npmsdy=POS_NOUN
Npmsgn=POS_NOUN
Npmsgy=POS_NOUN
Npmsiy=POS_NOUN
Npmsly=POS_NOUN
Npmsnn=POS_NOUN
Npmsny=POS_NOUN
Npmsvy=POS_NOUN
Npnsan=POS_NOUN
Npnsnn=POS_NOUN
P-----a=POS_PRON
P-----r=POS_PRON
P----an=POS_PRON
P----ar=POS_PRON
P----dn=POS_PRON
P----dr=POS_PRON
P----gn=POS_PRON
P----gr=POS_PRON
P----in=POS_PRON
P----ir=POS_PRON
P----ln=POS_PRON
P----nn=POS_PRON
P---p-a=POS_PRON
P---paa=POS_PRON
P---pan=POS_PRON
P---pda=POS_PRON
P---pdn=POS_PRON
P---pga=POS_PRON
P---pgn=POS_PRON
P---pia=POS_PRON
P---pin=POS_PRON
P---pla=POS_PRON
P---pln=POS_PRON
P---pna=POS_PRON
P---pnn=POS_PRON
P---san=POS_PRON
P---sar=POS_PRON
P---sdn=POS_PRON
P---sdr=POS_PRON
P---sga=POS_PRON
P---sgn=POS_PRON
P---sgr=POS_PRON
P---sia=POS_PRON
P---sin=POS_PRON
P---sir=POS_PRON
P---sln=POS_PRON
P---snn=POS_PRON
P--f-aa=POS_PRON
P--f-la=POS_PRON
P--fpaa=POS_PRON
P--fs-a=POS_PRON
P--fsaa=POS_PRON
P--fsan=POS_PRON
P--fsda=POS_PRON
P--fsdn=POS_PRON
P--fsga=POS_PRON
P--fsgn=POS_PRON
P--fsia=POS_PRON
P--fsin=POS_PRON
P--fsla=POS_PRON
P--fsln=POS_PRON
P--fsna=POS_PRON
P--fsnn=POS_PRON
P--m-aa=POS_PRON
P--m-ga=POS_PRON
P--m-ia=POS_PRON
P--m-la=POS_PRON
P--mpga=POS_PRON
P--ms-a=POS_PRON
P--msaa=POS_PRON
P--msan=POS_PRON
P--msda=POS_PRON
P--msdn=POS_PRON
P--msga=POS_PRON
P--msgn=POS_PRON
P--msia=POS_PRON
P--msin=POS_PRON
P--msla=POS_PRON
P--msln=POS_PRON
P--msna=POS_PRON
P--msnn=POS_PRON
P--n-an=POS_PRON
P--n-ga=POS_PRON
P--n-la=POS_PRON
P--n-na=POS_PRON
P--npan=POS_PRON
P--npgn=POS_PRON
P--npnn=POS_PRON
P--ns-a=POS_PRON
P--nsaa=POS_PRON
P--nsan=POS_PRON
P--nsda=POS_PRON
P--nsdn=POS_PRON
P--nsga=POS_PRON
P--nsgn=POS_PRON
P--nsia=POS_PRON
P--nsin=POS_PRON
P--nsla=POS_PRON
P--nsln=POS_PRON
P--nsna=POS_PRON
P--nsnn=POS_PRON
P-1-pan=POS_PRON
P-1-pdn=POS_PRON
P-1-pgn=POS_PRON
P-1-pin=POS_PRON
P-1-pln=POS_PRON
P-1-pnn=POS_PRON
P-1-san=POS_PRON
P-1-sdn=POS_PRON
P-1-sgn=POS_PRON
P-1-sin=POS_PRON
P-1-sln=POS_PRON
P-1-snn=POS_PRON
P-1nsnn=POS_PRON
P-2-pan=POS_PRON
P-2-pdn=POS_PRON
P-2-pgn=POS_PRON
P-2-pin=POS_PRON
P-2-pln=POS_PRON
P-2-pnn=POS_PRON
P-2-san=POS_PRON
P-2-sdn=POS_PRON
P-2-sgn=POS_PRON
P-2-sin=POS_PRON
P-2-sln=POS_PRON
P-2-snn=POS_PRON
P-2msdn=POS_PRON
P-2nsan=POS_PRON
P-3-pan=POS_PRON
P-3-pdn=POS_PRON
P-3-pgn=POS_PRON
P-3-pin=POS_PRON
P-3-pln=POS_PRON
P-3-pnn=POS_PRON
P-3-san=POS_PRON
P-3fsan=POS_PRON
P-3fsdn=POS_PRON
P-3fsgn=POS_PRON
P-3fsin=POS_PRON
P-3fsln=POS_PRON
P-3fsnn=POS_PRON
P-3msan=POS_PRON
P-3msdn=POS_PRON
P-3msgn=POS_PRON
P-3msin=POS_PRON
P-3msln=POS_PRON
P-3msnn=POS_PRON
P-3nsan=POS_PRON
P-3nsdn=POS_PRON
P-3nsgn=POS_PRON
P-3nsin=POS_PRON
P-3nsln=POS_PRON
P-3nsnn=POS_PRON
Q=POS_X
R=POS_ADV
Rc=POS_ADV
SENT=POS_PUNCT
Sp-a=POS_X
Sp-d=POS_X
Sp-g=POS_X
Sp-i=POS_X
Sp-l=POS_X
Sp-n=POS_X
Vmg----a-p=POS_VERB
Vmg----m-p=POS_VERB
Vmgp---a-e=POS_VERB
Vmgp---a-p=POS_VERB
Vmgp---m-e=POS_VERB
Vmgp---m-p=POS_VERB
Vmgs---a-e=POS_VERB
Vmgs---a-p=POS_VERB
Vmgs---m-e=POS_VERB
Vmgs---m-p=POS_VERB
Vmi-1--a-e=POS_VERB
Vmif1p-a-e=POS_VERB
Vmif1p-a-p=POS_VERB
Vmif1p-m-p=POS_VERB
Vmif1s-a-e=POS_VERB
Vmif1s-a-p=POS_VERB
Vmif1s-m-p=POS_VERB
Vmif2p-a-e=POS_VERB
Vmif2p-a-p=POS_VERB
Vmif2p-m-p=POS_VERB
Vmif2s-a-e=POS_VERB
Vmif2s-a-p=POS_VERB
Vmif2s-m-p=POS_VERB
Vmif3p-a-e=POS_VERB
Vmif3p-a-p=POS_VERB
Vmif3p-m-p=POS_VERB
Vmif3s-a-e=POS_VERB
Vmif3s-a-p=POS_VERB
Vmif3s-m-p=POS_VERB
Vmip---m-e=POS_VERB
Vmip1p-a-e=POS_VERB
Vmip1p-a-p=POS_VERB
Vmip1p-m-e=POS_VERB
Vmip1s-a-e=POS_VERB
Vmip1s-a-p=POS_VERB
Vmip1s-m-e=POS_VERB
Vmip2p-a-e=POS_VERB
Vmip2p-m-e=POS_VERB
Vmip2s-a-e=POS_VERB
Vmip2s-m-e=POS_VERB
Vmip3p-a-e=POS_VERB
Vmip3p-a-p=POS_VERB
Vmip3p-m-e=POS_VERB
Vmip3p-p-e=POS_VERB
Vmip3s-a-e=POS_VERB
Vmip3s-m-e=POS_VERB
Vmip3s-p-e=POS_VERB
Vmis---a-e=POS_VERB
Vmis---a-p=POS_VERB
Vmis---m-e=POS_VERB
Vmis--nm-e=POS_VERB
Vmis-p-a-e=POS_VERB
Vmis-p-a-p=POS_VERB
Vmis-p-m-e=POS_VERB
Vmis-p-m-p=POS_VERB
Vmis-p-p-e=POS_VERB
Vmis-s-a-e=POS_VERB
Vmis-s-a-p=POS_VERB
Vmis-sfa-e=POS_VERB
Vmis-sfa-p=POS_VERB
Vmis-sfm-e=POS_VERB
Vmis-sfm-p=POS_VERB
Vmis-sfp-e=POS_VERB
Vmis-sma-e=POS_VERB
Vmis-sma-p=POS_VERB
Vmis-smm-e=POS_VERB
Vmis-smm-p=POS_VERB
Vmis-smp-e=POS_VERB
Vmis-smp-p=POS_VERB
Vmis-sna-e=POS_VERB
Vmis-sna-p=POS_VERB
Vmis-snm-e=POS_VERB
Vmis-snm-p=POS_VERB
Vmis-snp-e=POS_VERB
Vmm--s-a-e=POS_VERB
Vmm-1p-a-e=POS_VERB
Vmm-1p-a-p=POS_VERB
Vmm-1p-m-p=POS_VERB
Vmm-1s-a-e=POS_VERB
Vmm-1s-a-p=POS_VERB
Vmm-1s-m-p=POS_VERB
Vmm-2--a-e=POS_VERB
Vmm-2--a-p=POS_VERB
Vmm-2p-a-e=POS_VERB
Vmm-2p-a-p=POS_VERB
Vmm-2p-m-e=POS_VERB
Vmm-2p-m-p=POS_VERB
Vmm-2s-a-e=POS_VERB
Vmm-2s-a-p=POS_VERB
Vmm-2s-m-e=POS_VERB
Vmm-2s-m-p=POS_VERB
Vmn----a-e=POS_VERB
Vmn----a-p=POS_VERB
Vmn----m-e=POS_VERB
Vmn----m-p=POS_VERB
Vmn----p-e=POS_VERB
Vmpp-p-a-ea=POS_VERB
Vmpp-p-a-ed=POS_VERB
Vmpp-p-a-eg=POS_VERB
Vmpp-p-a-ei=POS_VERB
Vmpp-p-a-el=POS_VERB
Vmpp-p-a-en=POS_VERB
Vmpp-p-afea=POS_VERB
Vmpp-p-afed=POS_VERB
Vmpp-p-afeg=POS_VERB
Vmpp-p-afei=POS_VERB
Vmpp-p-afel=POS_VERB
Vmpp-p-afen=POS_VERB
Vmpp-p-m-ea=POS_VERB
Vmpp-p-m-ed=POS_VERB
Vmpp-p-m-eg=POS_VERB
Vmpp-p-m-ei=POS_VERB
Vmpp-p-m-el=POS_VERB
Vmpp-p-m-en=POS_VERB
Vmpp-p-mfea=POS_VERB
Vmpp-p-mfed=POS_VERB
Vmpp-p-mfeg=POS_VERB
Vmpp-p-mfei=POS_VERB
Vmpp-p-mfel=POS_VERB
Vmpp-p-mfen=POS_VERB
Vmpp-p-p-ea=POS_VERB
Vmpp-p-p-ed=POS_VERB
Vmpp-p-p-eg=POS_VERB
Vmpp-p-p-en=POS_VERB
Vmpp-p-pfea=POS_VERB
Vmpp-p-pfed=POS_VERB
Vmpp-p-pfeg=POS_VERB
Vmpp-p-pfei=POS_VERB
Vmpp-p-pfel=POS_VERB
Vmpp-p-pfen=POS_VERB
Vmpp-p-pse=POS_VERB
Vmpp-pma-eg=POS_VERB
Vmpp-s-a-ei=POS_VERB
Vmpp-s-afei=POS_VERB
Vmpp-sfa-ea=POS_VERB
Vmpp-sfa-ed=POS_VERB
Vmpp-sfa-eg=POS_VERB
Vmpp-sfa-ei=POS_VERB
Vmpp-sfa-el=POS_VERB
Vmpp-sfa-en=POS_VERB
Vmpp-sfafea=POS_VERB
Vmpp-sfafed=POS_VERB
Vmpp-sfafeg=POS_VERB
Vmpp-sfafei=POS_VERB
Vmpp-sfafel=POS_VERB
Vmpp-sfafen=POS_VERB
Vmpp-sfm-ea=POS_VERB
Vmpp-sfm-ed=POS_VERB
Vmpp-sfm-eg=POS_VERB
Vmpp-sfm-ei=POS_VERB
Vmpp-sfm-el=POS_VERB
Vmpp-sfm-en=POS_VERB
Vmpp-sfmfea=POS_VERB
Vmpp-sfmfed=POS_VERB
Vmpp-sfmfeg=POS_VERB
Vmpp-sfmfei=POS_VERB
Vmpp-sfmfel=POS_VERB
Vmpp-sfmfen=POS_VERB
Vmpp-sfp-ea=POS_VERB
Vmpp-sfp-eg=POS_VERB
Vmpp-sfp-ei=POS_VERB
Vmpp-sfp-el=POS_VERB
Vmpp-sfp-en=POS_VERB
Vmpp-sfpfea=POS_VERB
Vmpp-sfpfed=POS_VERB
Vmpp-sfpfeg=POS_VERB
Vmpp-sfpfei=POS_VERB
Vmpp-sfpfel=POS_VERB
Vmpp-sfpfen=POS_VERB
Vmpp-sfpse=POS_VERB
Vmpp-sma-ea=POS_VERB
Vmpp-sma-ed=POS_VERB
Vmpp-sma-eg=POS_VERB
Vmpp-sma-ei=POS_VERB
Vmpp-sma-el=POS_VERB
Vmpp-sma-en=POS_VERB
Vmpp-smafea=POS_VERB
Vmpp-smafed=POS_VERB
Vmpp-smafeg=POS_VERB
Vmpp-smafei=POS_VERB
Vmpp-smafel=POS_VERB
Vmpp-smafen=POS_VERB
Vmpp-smase=POS_VERB
Vmpp-smm-ea=POS_VERB
Vmpp-smm-ed=POS_VERB
Vmpp-smm-eg=POS_VERB
Vmpp-smm-ei=POS_VERB
Vmpp-smm-el=POS_VERB
Vmpp-smm-en=POS_VERB
Vmpp-smmfea=POS_VERB
Vmpp-smmfed=POS_VERB
Vmpp-smmfeg=POS_VERB
Vmpp-smmfei=POS_VERB
Vmpp-smmfel=POS_VERB
Vmpp-smmfen=POS_VERB
Vmpp-smp-ea=POS_VERB
Vmpp-smp-eg=POS_VERB
Vmpp-smp-ei=POS_VERB
Vmpp-smp-el=POS_VERB
Vmpp-smp-en=POS_VERB
Vmpp-smpfea=POS_VERB
Vmpp-smpfed=POS_VERB
Vmpp-smpfeg=POS_VERB
Vmpp-smpfei=POS_VERB
Vmpp-smpfel=POS_VERB
Vmpp-smpfen=POS_VERB
Vmpp-smpse=POS_VERB
Vmpp-sna-ea=POS_VERB
Vmpp-sna-ed=POS_VERB
Vmpp-sna-eg=POS_VERB
Vmpp-sna-ei=POS_VERB
Vmpp-sna-el=POS_VERB
Vmpp-sna-en=POS_VERB
Vmpp-snafea=POS_VERB
Vmpp-snafed=POS_VERB
Vmpp-snafeg=POS_VERB
Vmpp-snafei=POS_VERB
Vmpp-snafel=POS_VERB
Vmpp-snafen=POS_VERB
Vmpp-snm-ea=POS_VERB
Vmpp-snm-ed=POS_VERB
Vmpp-snm-eg=POS_VERB
Vmpp-snm-ei=POS_VERB
Vmpp-snm-en=POS_VERB
Vmpp-snmfea=POS_VERB
Vmpp-snmfed=POS_VERB
Vmpp-snmfeg=POS_VERB
Vmpp-snmfei=POS_VERB
Vmpp-snmfel=POS_VERB
Vmpp-snmfen=POS_VERB
Vmpp-snp-ea=POS_VERB
Vmpp-snp-ed=POS_VERB
Vmpp-snp-eg=POS_VERB
Vmpp-snp-ei=POS_VERB
Vmpp-snp-en=POS_VERB
Vmpp-snpfea=POS_VERB
Vmpp-snpfed=POS_VERB
Vmpp-snpfeg=POS_VERB
Vmpp-snpfei=POS_VERB
Vmpp-snpfel=POS_VERB
Vmpp-snpfen=POS_VERB
Vmpp-snpse=POS_VERB
Vmps-p-a-ea=POS_VERB
Vmps-p-a-ed=POS_VERB
Vmps-p-a-eg=POS_VERB
Vmps-p-a-ei=POS_VERB
Vmps-p-a-el=POS_VERB
Vmps-p-a-en=POS_VERB
Vmps-p-a-pa=POS_VERB
Vmps-p-a-pd=POS_VERB
Vmps-p-a-pg=POS_VERB
Vmps-p-a-pi=POS_VERB
Vmps-p-a-pl=POS_VERB
Vmps-p-a-pn=POS_VERB
Vmps-p-afea=POS_VERB
Vmps-p-afed=POS_VERB
Vmps-p-afeg=POS_VERB
Vmps-p-afei=POS_VERB
Vmps-p-afel=POS_VERB
Vmps-p-afen=POS_VERB
Vmps-p-afpa=POS_VERB
Vmps-p-afpd=POS_VERB
Vmps-p-afpg=POS_VERB
Vmps-p-afpi=POS_VERB
Vmps-p-afpl=POS_VERB
Vmps-p-afpn=POS_VERB
Vmps-p-m-ea=POS_VERB
Vmps-p-m-eg=POS_VERB
Vmps-p-m-ei=POS_VERB
Vmps-p-m-el=POS_VERB
Vmps-p-m-en=POS_VERB
Vmps-p-m-pa=POS_VERB
Vmps-p-m-pd=POS_VERB
Vmps-p-m-pg=POS_VERB
Vmps-p-m-pi=POS_VERB
Vmps-p-m-pl=POS_VERB
Vmps-p-m-pn=POS_VERB
Vmps-p-mfea=POS_VERB
Vmps-p-mfed=POS_VERB
Vmps-p-mfeg=POS_VERB
Vmps-p-mfei=POS_VERB
Vmps-p-mfel=POS_VERB
Vmps-p-mfen=POS_VERB
Vmps-p-mfpa=POS_VERB
Vmps-p-mfpd=POS_VERB
Vmps-p-mfpg=POS_VERB
Vmps-p-mfpi=POS_VERB
Vmps-p-mfpl=POS_VERB
Vmps-p-mfpn=POS_VERB
Vmps-p-p-ed=POS_VERB
Vmps-p-p-eg=POS_VERB
Vmps-p-p-ei=POS_VERB
Vmps-p-p-en=POS_VERB
Vmps-p-p-pa=POS_VERB
Vmps-p-p-pd=POS_VERB
Vmps-p-p-pg=POS_VERB
Vmps-p-p-pi=POS_VERB
Vmps-p-p-pl=POS_VERB
Vmps-p-p-pn=POS_VERB
Vmps-p-pfea=POS_VERB
Vmps-p-pfed=POS_VERB
Vmps-p-pfeg=POS_VERB
Vmps-p-pfei=POS_VERB
Vmps-p-pfel=POS_VERB
Vmps-p-pfen=POS_VERB
Vmps-p-pfpa=POS_VERB
Vmps-p-pfpd=POS_VERB
Vmps-p-pfpg=POS_VERB
Vmps-p-pfpi=POS_VERB
Vmps-p-pfpl=POS_VERB
Vmps-p-pfpn=POS_VERB
Vmps-p-pse=POS_VERB
Vmps-p-psp=POS_VERB
Vmps-s-pfpa=POS_VERB
Vmps-s-pfpn=POS_VERB
Vmps-sfa-ea=POS_VERB
Vmps-sfa-ed=POS_VERB
Vmps-sfa-eg=POS_VERB
Vmps-sfa-ei=POS_VERB
Vmps-sfa-el=POS_VERB
Vmps-sfa-en=POS_VERB
Vmps-sfa-pa=POS_VERB
Vmps-sfa-pd=POS_VERB
Vmps-sfa-pg=POS_VERB
Vmps-sfa-pi=POS_VERB
Vmps-sfa-pl=POS_VERB
Vmps-sfa-pn=POS_VERB
Vmps-sfafea=POS_VERB
Vmps-sfafed=POS_VERB
Vmps-sfafeg=POS_VERB
Vmps-sfafei=POS_VERB
Vmps-sfafel=POS_VERB
Vmps-sfafen=POS_VERB
Vmps-sfafpa=POS_VERB
Vmps-sfafpd=POS_VERB
Vmps-sfafpg=POS_VERB
Vmps-sfafpi=POS_VERB
Vmps-sfafpl=POS_VERB
Vmps-sfafpn=POS_VERB
Vmps-sfm-ea=POS_VERB
Vmps-sfm-eg=POS_VERB
Vmps-sfm-el=POS_VERB
Vmps-sfm-en=POS_VERB
Vmps-sfm-pa=POS_VERB
Vmps-sfm-pd=POS_VERB
Vmps-sfm-pg=POS_VERB
Vmps-sfm-pi=POS_VERB
Vmps-sfm-pl=POS_VERB
Vmps-sfm-pn=POS_VERB
Vmps-sfmfea=POS_VERB
Vmps-sfmfed=POS_VERB
Vmps-sfmfeg=POS_VERB
Vmps-sfmfei=POS_VERB
Vmps-sfmfel=POS_VERB
Vmps-sfmfen=POS_VERB
Vmps-sfmfpa=POS_VERB
Vmps-sfmfpd=POS_VERB
Vmps-sfmfpg=POS_VERB
Vmps-sfmfpi=POS_VERB
Vmps-sfmfpl=POS_VERB
Vmps-sfmfpn=POS_VERB
Vmps-sfp-ea=POS_VERB
Vmps-sfp-ed=POS_VERB
Vmps-sfp-eg=POS_VERB
Vmps-sfp-ei=POS_VERB
Vmps-sfp-en=POS_VERB
Vmps-sfp-pa=POS_VERB
Vmps-sfp-pd=POS_VERB
Vmps-sfp-pg=POS_VERB
Vmps-sfp-pi=POS_VERB
Vmps-sfp-pl=POS_VERB
Vmps-sfp-pn=POS_VERB
Vmps-sfpfea=POS_VERB
Vmps-sfpfed=POS_VERB
Vmps-sfpfeg=POS_VERB
Vmps-sfpfei=POS_VERB
Vmps-sfpfel=POS_VERB
Vmps-sfpfen=POS_VERB
Vmps-sfpfpa=POS_VERB
Vmps-sfpfpd=POS_VERB
Vmps-sfpfpg=POS_VERB
Vmps-sfpfpi=POS_VERB
Vmps-sfpfpl=POS_VERB
Vmps-sfpfpn=POS_VERB
Vmps-sfpse=POS_VERB
Vmps-sfpsp=POS_VERB
Vmps-sma-ea=POS_VERB
Vmps-sma-ed=POS_VERB
Vmps-sma-eg=POS_VERB
Vmps-sma-ei=POS_VERB
Vmps-sma-el=POS_VERB
Vmps-sma-en=POS_VERB
Vmps-sma-pa=POS_VERB
Vmps-sma-pd=POS_VERB
Vmps-sma-pg=POS_VERB
Vmps-sma-pi=POS_VERB
Vmps-sma-pl=POS_VERB
Vmps-sma-pn=POS_VERB
Vmps-smafea=POS_VERB
Vmps-smafed=POS_VERB
Vmps-smafeg=POS_VERB
Vmps-smafei=POS_VERB
Vmps-smafel=POS_VERB
Vmps-smafen=POS_VERB
Vmps-smafpa=POS_VERB
Vmps-smafpd=POS_VERB
Vmps-smafpg=POS_VERB
Vmps-smafpi=POS_VERB
Vmps-smafpl=POS_VERB
Vmps-smafpn=POS_VERB
Vmps-smm-ea=POS_VERB
Vmps-smm-ed=POS_VERB
Vmps-smm-eg=POS_VERB
Vmps-smm-ei=POS_VERB
Vmps-smm-en=POS_VERB
Vmps-smm-pa=POS_VERB
Vmps-smm-pd=POS_VERB
Vmps-smm-pg=POS_VERB
Vmps-smm-pi=POS_VERB
Vmps-smm-pl=POS_VERB
Vmps-smm-pn=POS_VERB
Vmps-smmfea=POS_VERB
Vmps-smmfeg=POS_VERB
Vmps-smmfei=POS_VERB
Vmps-smmfel=POS_VERB
Vmps-smmfen=POS_VERB
Vmps-smmfpa=POS_VERB
Vmps-smmfpd=POS_VERB
Vmps-smmfpg=POS_VERB
Vmps-smmfpi=POS_VERB
Vmps-smmfpl=POS_VERB
Vmps-smmfpn=POS_VERB
Vmps-smp-ea=POS_VERB
Vmps-smp-eg=POS_VERB
Vmps-smp-ei=POS_VERB
Vmps-smp-en=POS_VERB
Vmps-smp-pa=POS_VERB
Vmps-smp-pd=POS_VERB
Vmps-smp-pg=POS_VERB
Vmps-smp-pi=POS_VERB
Vmps-smp-pl=POS_VERB
Vmps-smp-pn=POS_VERB
Vmps-smpfea=POS_VERB
Vmps-smpfed=POS_VERB
Vmps-smpfeg=POS_VERB
Vmps-smpfei=POS_VERB
Vmps-smpfel=POS_VERB
Vmps-smpfen=POS_VERB
Vmps-smpfpa=POS_VERB
Vmps-smpfpd=POS_VERB
Vmps-smpfpg=POS_VERB
Vmps-smpfpi=POS_VERB
Vmps-smpfpl=POS_VERB
Vmps-smpfpn=POS_VERB
Vmps-smpse=POS_VERB
Vmps-smpsp=POS_VERB
Vmps-sna-ea=POS_VERB
Vmps-sna-eg=POS_VERB
Vmps-sna-ei=POS_VERB
Vmps-sna-el=POS_VERB
Vmps-sna-en=POS_VERB
Vmps-sna-p=POS_VERB
Vmps-sna-pa=POS_VERB
Vmps-sna-pd=POS_VERB
Vmps-sna-pg=POS_VERB
Vmps-sna-pi=POS_VERB
Vmps-sna-pl=POS_VERB
Vmps-sna-pn=POS_VERB
Vmps-snafea=POS_VERB
Vmps-snafed=POS_VERB
Vmps-snafeg=POS_VERB
Vmps-snafei=POS_VERB
Vmps-snafel=POS_VERB
Vmps-snafen=POS_VERB
Vmps-snafpa=POS_VERB
Vmps-snafpd=POS_VERB
Vmps-snafpg=POS_VERB
Vmps-snafpi=POS_VERB
Vmps-snafpl=POS_VERB
Vmps-snafpn=POS_VERB
Vmps-snm-ea=POS_VERB
Vmps-snm-eg=POS_VERB
Vmps-snm-en=POS_VERB
Vmps-snm-pa=POS_VERB
Vmps-snm-pg=POS_VERB
Vmps-snm-pi=POS_VERB
Vmps-snm-pl=POS_VERB
Vmps-snm-pn=POS_VERB
Vmps-snmfea=POS_VERB
Vmps-snmfed=POS_VERB
Vmps-snmfeg=POS_VERB
Vmps-snmfei=POS_VERB
Vmps-snmfel=POS_VERB
Vmps-snmfen=POS_VERB
Vmps-snmfpa=POS_VERB
Vmps-snmfpd=POS_VERB
Vmps-snmfpg=POS_VERB
Vmps-snmfpi=POS_VERB
Vmps-snmfpl=POS_VERB
Vmps-snmfpn=POS_VERB
Vmps-snp-el=POS_VERB
Vmps-snp-p=POS_VERB
Vmps-snp-pa=POS_VERB
Vmps-snp-pd=POS_VERB
Vmps-snp-pg=POS_VERB
Vmps-snp-pi=POS_VERB
Vmps-snp-pl=POS_VERB
Vmps-snp-pn=POS_VERB
Vmps-snpfea=POS_VERB
Vmps-snpfeg=POS_VERB
Vmps-snpfen=POS_VERB
Vmps-snpfpa=POS_VERB
Vmps-snpfpd=POS_VERB
Vmps-snpfpg=POS_VERB
Vmps-snpfpi=POS_VERB
Vmps-snpfpl=POS_VERB
Vmps-snpfpn=POS_VERB
Vmps-snpse=POS_VERB
Vmps-snpsp=POS_VERB

*=POS
