# LCMC
#
# The LCMC tagset

__META_SOURCE_URL__=http://www.lancs.ac.uk/fass/projects/corpus/LCMC/lcmc/lcmc_tagset.htm
__META_TYPE_BASE__=de.tudarmstadt.ukp.dkpro.core.api.lexmorph.type.pos.

# Catch-all rule
*=POS

# a          adjective
a=POS_ADJ
# ad        adjective as adverbial
ad=POS_ADJ
# ag        adjective morpheme
a=POS_ADJ
# an        adjective with nominal function
a=POS_ADJ
# b          non-predicate adjective
b=POS_ADJ
# bg        non-predicate adjective morpheme
bg=POS_ADJ
# c           conjunction
c=POS_CONJ
# cg         conjunction morpheme
cg=POS_CONJ
# d           adverb
d=POS_ADV
# dg         adverb morpheme
dg=POS_ADV
# e           interjection
e=POS_INTJ
# ew        sentential punctuation
ew=POS_PUNCT
# f            directional locality
# fg          locality morpheme
# g           morpheme
# h           prefix
# i            idiom
# j            abbreviation
# k           suffix
# l            fixed expressions
# m         numeral
m=POS_NUM
# mg       numeric morpheme
mg=POS_NUM
# n           common noun
n=POS_NOUN
# ng         noun morpheme
ng=POS_NOUN
# nr          personal name
nr=POS_PROPN
# ns         place name
ns=POS_PROPN
# nt          organization name
nt=POS_PROPN
# nx         nominal character string
nx=POS_PROPN
# nz         other proper noun
nz=POS_PROPN
# o           onomatopoeia
# p           preposition
p=POS_ADP
# pg         preposition morpheme
pg=POS_ADP
# q           classifier
# qg         classifier morpheme
# r            pronoun
r=POS_PRON
# rg          pronoun morpheme
rg=POS_PRON
# s           space word
# t            time word
# tg          time word morpheme
# u           auxiliary
u=POS_AUX
# v           verb
v=POS_VERB
# vd         verb as adverbial
v=POS_VERB
# vg         verb morpheme
v=POS_VERB
# vn         verb with nominal function
v=POS_VERB
# w          symbol and non-sentential punctuation
w=POS_SYM
# x           unclassified items
# y           modal particle
y=POS_PART
# yg         modal particle morpheme
yg=POS_PART
# z           descriptive
# zg         descriptive morpheme