# Brown tagset as in DKPro Toolbox
# 
NN=de.tudarmstadt.ukp.dkpro.core.api.lexmorph.type.pos.NN
pct=de.tudarmstadt.ukp.dkpro.core.api.lexmorph.type.pos.PUNC
IN=de.tudarmstadt.ukp.dkpro.core.api.lexmorph.type.pos.PP
AT=de.tudarmstadt.ukp.dkpro.core.api.lexmorph.type.pos.ART
NNS=de.tudarmstadt.ukp.dkpro.core.api.lexmorph.type.pos.NN
NP=de.tudarmstadt.ukp.dkpro.core.api.lexmorph.type.pos.NN
JJ=de.tudarmstadt.ukp.dkpro.core.api.lexmorph.type.pos.ADJ
VB=de.tudarmstadt.ukp.dkpro.core.api.lexmorph.type.pos.V
VBD=de.tudarmstadt.ukp.dkpro.core.api.lexmorph.type.pos.V
VBN=de.tudarmstadt.ukp.dkpro.core.api.lexmorph.type.pos.V
CD=de.tudarmstadt.ukp.dkpro.core.api.lexmorph.type.pos.CARD
CC=de.tudarmstadt.ukp.dkpro.core.api.lexmorph.type.pos.CONJ
CS=de.tudarmstadt.ukp.dkpro.core.api.lexmorph.type.pos.CONJ
VBG=de.tudarmstadt.ukp.dkpro.core.api.lexmorph.type.pos.V
MD=de.tudarmstadt.ukp.dkpro.core.api.lexmorph.type.pos.V
TO=de.tudarmstadt.ukp.dkpro.core.api.lexmorph.type.pos.PP
RB=de.tudarmstadt.ukp.dkpro.core.api.lexmorph.type.pos.ADV
PPS=de.tudarmstadt.ukp.dkpro.core.api.lexmorph.type.pos.PR
AP=de.tudarmstadt.ukp.dkpro.core.api.lexmorph.type.pos.ART
PPg=de.tudarmstadt.ukp.dkpro.core.api.lexmorph.type.pos.PR
BEDZ=de.tudarmstadt.ukp.dkpro.core.api.lexmorph.type.pos.V
BE=de.tudarmstadt.ukp.dkpro.core.api.lexmorph.type.pos.V
BEZ=de.tudarmstadt.ukp.dkpro.core.api.lexmorph.type.pos.V
DT=de.tudarmstadt.ukp.dkpro.core.api.lexmorph.type.pos.ART
NR=de.tudarmstadt.ukp.dkpro.core.api.lexmorph.type.pos.ADV
WDT=de.tudarmstadt.ukp.dkpro.core.api.lexmorph.type.pos.ART
OD=de.tudarmstadt.ukp.dkpro.core.api.lexmorph.type.pos.CARD
VBZ=de.tudarmstadt.ukp.dkpro.core.api.lexmorph.type.pos.V
WPS=de.tudarmstadt.ukp.dkpro.core.api.lexmorph.type.pos.PR
PPSS=de.tudarmstadt.ukp.dkpro.core.api.lexmorph.type.pos.PR
NNG=de.tudarmstadt.ukp.dkpro.core.api.lexmorph.type.pos.N
NEG=de.tudarmstadt.ukp.dkpro.core.api.lexmorph.type.pos.ADV
PPO=de.tudarmstadt.ukp.dkpro.core.api.lexmorph.type.pos.PR
QL=de.tudarmstadt.ukp.dkpro.core.api.lexmorph.type.pos.ADV
RP=de.tudarmstadt.ukp.dkpro.core.api.lexmorph.type.pos.ADV
RP=de.tudarmstadt.ukp.dkpro.core.api.lexmorph.type.pos.ADV
DTS=de.tudarmstadt.ukp.dkpro.core.api.lexmorph.type.pos.ART
NPG=de.tudarmstadt.ukp.dkpro.core.api.lexmorph.type.pos.N
HVZ=de.tudarmstadt.ukp.dkpro.core.api.lexmorph.type.pos.V
WRB=de.tudarmstadt.ukp.dkpro.core.api.lexmorph.type.pos.ADV
BER=de.tudarmstadt.ukp.dkpro.core.api.lexmorph.type.pos.V
BEN=de.tudarmstadt.ukp.dkpro.core.api.lexmorph.type.pos.V
EX=de.tudarmstadt.ukp.dkpro.core.api.lexmorph.type.pos.ADV
DT=de.tudarmstadt.ukp.dkpro.core.api.lexmorph.type.pos.ART
HV=de.tudarmstadt.ukp.dkpro.core.api.lexmorph.type.pos.V
BED=de.tudarmstadt.ukp.dkpro.core.api.lexmorph.type.pos.V
HVD=de.tudarmstadt.ukp.dkpro.core.api.lexmorph.type.pos.V
RBR=de.tudarmstadt.ukp.dkpro.core.api.lexmorph.type.pos.ADV
ABN=de.tudarmstadt.ukp.dkpro.core.api.lexmorph.type.pos.ADV
NPS=de.tudarmstadt.ukp.dkpro.core.api.lexmorph.type.pos.N
JJT=de.tudarmstadt.ukp.dkpro.core.api.lexmorph.type.pos.ADJ
BEG=de.tudarmstadt.ukp.dkpro.core.api.lexmorph.type.pos.V
PN=de.tudarmstadt.ukp.dkpro.core.api.lexmorph.type.pos.PR
JJR=de.tudarmstadt.ukp.dkpro.core.api.lexmorph.type.pos.ADJ
DOD=de.tudarmstadt.ukp.dkpro.core.api.lexmorph.type.pos.V
ABX=de.tudarmstadt.ukp.dkpro.core.api.lexmorph.type.pos.ADV
JJS=de.tudarmstadt.ukp.dkpro.core.api.lexmorph.type.pos.ADJ
NNSG=de.tudarmstadt.ukp.dkpro.core.api.lexmorph.type.pos.N
PPL=de.tudarmstadt.ukp.dkpro.core.api.lexmorph.type.pos.PR
DOZ=de.tudarmstadt.ukp.dkpro.core.api.lexmorph.type.pos.V
DO=de.tudarmstadt.ukp.dkpro.core.api.lexmorph.type.pos.V
ABL=de.tudarmstadt.ukp.dkpro.core.api.lexmorph.type.pos.ADV
PPLS=de.tudarmstadt.ukp.dkpro.core.api.lexmorph.type.pos.PR
WPO=de.tudarmstadt.ukp.dkpro.core.api.lexmorph.type.pos.PR
NRg=de.tudarmstadt.ukp.dkpro.core.api.lexmorph.type.pos.N
RBT=de.tudarmstadt.ukp.dkpro.core.api.lexmorph.type.pos.ADV
*=de.tudarmstadt.ukp.dkpro.core.api.lexmorph.type.pos.O