# XIADA
#
# Tagset used by the XIADA: Etiquetador/Lematizador do Galego Actual

__META_SOURCE_URL__=http://corpus.cirp.es/xiada/
__META_SOURCE_URL__.1=http://corpus.cirp.es/xiada/etiquetario.html
__META_TYPE_BASE__=de.tudarmstadt.ukp.dkpro.core.api.lexmorph.type.pos.

# A - Adxectivo
A0aa=ADJ
A0ap=ADJ
A0as=ADJ
A0fa=ADJ
A0fp=ADJ
A0fs=ADJ
A0ma=ADJ
A0mp=ADJ
A0ms=ADJ
Acap=ADJ
Acas=ADJ
Acfp=ADJ
Acfs=ADJ
Acmp=ADJ
Acms=ADJ
Asap=ADJ
Asas=ADJ
Asfp=ADJ
Asfs=ADJ
Asmp=ADJ
Asms=ADJ
# C - Conxunción
Cc=CONJ
Cs=CONJ
Cs+Ddfp=CONJ
Cs+Ddfs=CONJ
Cs+Ddmp=CONJ
Cs+Ddms=CONJ
# D - Artigo
Ddfp=ART
Ddfp+Spfp=ART
Ddfs=ART
Ddfs+Spfs=ART
Ddmp=ART
Ddmp+Spmp=ART
Ddms=ART
Ddms+Spms=ART
Difp=ART
Difs=ART
Dimp=ART
Dims=ART
Dims+Spms=ART
# E - Demostrativo
Edfp=PR
Edfs=PR
Edmp=PR
Edmp+Inmp=PR
Edms=PR
Enfp=PR
Enfs=PR
Enmp=PR
Enms=PR
Enns=PR
# G - interrogativo/ exclamativo
Gdaa=PR
Gdap=PR
Gdas=PR
Gdfp=PR
Gdfs=PR
Gdmp=PR
Gdms=PR
Gnaa=PR
Gnap=PR
Gnas=PR
Gnfp=PR
Gnfs=PR
Gnmp=PR
Gnms=PR
# I - Indefinido
Iafp=PR
Iafs=PR
Iamp=PR
Iams=PR
Idap=PR
Idas=PR
Idfp=PR
Idfp+Ddfp=PR
Idfs=PR
Idmp=PR
Idmp+Ddmp=PR
Idms=PR
In00=PR
Inaa=PR
Inap=PR
Inas=PR
Infp=PR
Infs=PR
Inmp=PR
Inmp+Ddmp=PR
Inms=PR
# L - Locución
La0=O
Lcc=O
Lcc+Ddfp=O
Lcc+Ddfs=O
Lcc+Ddmp=O
Lcc+Ddms=O
Lcs=O
Lp0=O
Lp0+Ddfp=O
Lp0+Ddfs=O
Lp0+Ddmp=O
Lp0+Ddms=O
Lp0+Difp=O
Lp0+Difs=O
Lp0+Dimp=O
Lp0+Dims=O
Lp0+Edfp=O
Lp0+Edfs=O
Lp0+Edmp=O
Lp0+Enfs=O
Lp0+Enmp=O
Lp0+Enns=O
Lp0+Idfp=O
Lp0+Idmp=O
Lp0+Ncdms=O
Lp0+Sp00=O
# M - Posesivo
Md1pfp=PR
Md1pfs=PR
Md1pmp=PR
Md1pms=PR
Md1sfp=PR
Md1sfs=PR
Md1smp=PR
Md1sms=PR
Md2pfp=PR
Md2pfs=PR
Md2pmp=PR
Md2pms=PR
Md2sfp=PR
Md2sfs=PR
Md2smp=PR
Md2sms=PR
Md3afp=PR
Md3afs=PR
Md3amp=PR
Md3ams=PR
Md3pfp=PR
Md3pfs=PR
Md3pmp=PR
Md3pms=PR
Md3sfp=PR
Md3sfs=PR
Md3smp=PR
Md3sms=PR
Mn1pfp=PR
Mn1pfs=PR
Mn1pmp=PR
Mn1pms=PR
Mn1sfp=PR
Mn1sfs=PR
Mn1smp=PR
Mn1sms=PR
Mn2pfp=PR
Mn2pfs=PR
Mn2pmp=PR
Mn2pms=PR
Mn2sfp=PR
Mn2sfs=PR
Mn2smp=PR
Mn2sms=PR
Mn3afp=PR
Mn3afs=PR
Mn3amp=PR
Mn3ams=PR
Mn3pfp=PR
Mn3pfs=PR
Mn3pmp=PR
Mn3pms=PR
Mn3sfp=PR
Mn3sfs=PR
Mn3smp=PR
Mn3sms=PR
# N - Numeral
Ncdap=CARD
Ncdfp=CARD
Ncdfs=CARD
Ncdmp=CARD
Ncdms=CARD
Ncnap=CARD
Ncnfp=CARD
Ncnfs=CARD
Ncnmp=CARD
Ncnms=CARD
Nodfp=CARD
Nodfs=CARD
Nodmp=CARD
Nodms=CARD
Nonfp=CARD
Nonfs=CARD
Nonmp=CARD
Nonms=CARD
# P - Preposición
P=PP
P+Ddfp=PP
P+Ddfs=PP
P+Ddmp=PP
P+Ddms=PP
P+Difp=PP
P+Difs=PP
P+Dimp=PP
P+Dims=PP
P+Edfp=PP
P+Edfs=PP
P+Edmp=PP
P+Edmp+Inmp=PP
P+Edms=PP
P+Enfp=PP
P+Enfs=PP
P+Enmp=PP
P+Enms=PP
P+Enns=PP
P+Iafp=PP
P+Iamp=PP
P+Idfp=PP
P+Idfp+Ddfp=PP
P+Idfs=PP
P+Idmp=PP
P+Idms=PP
P+Infp=PP
P+Infs=PP
P+Inmp=PP
P+Inms=PP
P+Ncdfs=PP
P+Ncdms=PP
P+Ncnfs=PP
P+Rtp3fp=PP
P+Rtp3fs=PP
P+Rtp3mp=PP
P+Rtp3ms=PP
P+Sp00=PP
P+Spfp=PP
P+Spfs=PP
P+Spmp=PP
P+Spms=PP
P+Wn=PP
P-Rtp3mp=PP
# Q - Signo de puntuación
Q=PUNC
Q!=PUNC
Q"=PUNC
Q'=PUNC
Q(=PUNC
Q)=PUNC
Q,=PUNC
Q-=PUNC
Q.=PUNC
Q...=PUNC
Q/=PUNC
Q\:=PUNC
Q;=PUNC
Q?=PUNC
Q[=PUNC
Q]=PUNC
Q_=PUNC
Q{=PUNC
Q}=PUNC
Q¡=PUNC
Q¿=PUNC
# R - Pronome
Raa1ap=PR
Raa1as=PR
Raa1fp=PR
Raa1fs=PR
Raa1mp=PR
Raa1ms=PR
Raa2ap=PR
Raa2as=PR
Raa2fp=PR
Raa2fs=PR
Raa2mp=PR
Raa2ms=PR
Raa3fp=PR
Raa3fs=PR
Raa3mp=PR
Raa3ms=PR
Rad1ap=PR
Rad1ap+Raa3ms=PR
Rad1as=PR
Rad1as+Raa3fs=PR
Rad1as+Raa3ms=PR
Rad1fp=PR
Rad1fs=PR
Rad1mp=PR
Rad1mp+Raa3fs=PR
Rad1ms=PR
Rad2ap=PR
Rad2ap+Raa3ms=PR
Rad2as=PR
Rad2fp=PR
Rad2fs=PR
Rad2mp=PR
Rad2mp+Raa3ms=PR
Rad2ms=PR
Rad3ap=PR
Rad3as=PR
Rad3as+Raa3ms=PR
Rad3fp=PR
Rad3fs=PR
Rad3fs+Raa3ms=PR
Rad3mp=PR
Rad3ms=PR
Rad3ms+Raa3fp=PR
Rad3ms+Raa3ms=PR
Raf1ap=PR
Raf1as=PR
Raf1fp=PR
Raf1fs=PR
Raf1mp=PR
Raf1ms=PR
Raf2ap=PR
Raf2as=PR
Raf2fp=PR
Raf2fs=PR
Raf2mp=PR
Raf2ms=PR
Rao3aa=PR
Rtn1ap=PR
Rtn1as=PR
Rtn1fp=PR
Rtn1fs=PR
Rtn1mp=PR
Rtn1ms=PR
Rtn2ap=PR
Rtn2as=PR
Rtn2fp=PR
Rtn2fs=PR
Rtn2mp=PR
Rtn2ms=PR
Rtn3ap=PR
Rtn3as=PR
Rtn3fp=PR
Rtn3fs=PR
Rtn3mp=PR
Rtn3ms=PR
Rtn3ns=PR
Rtp1ap=PR
Rtp1as=PR
Rtp1fp=PR
Rtp1fs=PR
Rtp1mp=PR
Rtp1ms=PR
Rtp2ap=PR
Rtp2as=PR
Rtp2fp=PR
Rtp2fs=PR
Rtp2mp=PR
Rtp2ms=PR
Rtp3aa=PR
Rtp3ap=PR
Rtp3as=PR
Rtp3fp=PR
Rtp3fs=PR
Rtp3mp=PR
Rtp3ms=PR
Rtp3ns=PR
# S - Substantivo
SA0fs=NN
Scaa=NN
Scap=NN
Scas=NN
Scfa=NN
Scfp=NN
Scfs=NN
Scma=NN
Scmp=NN
Scms=NN
Sp00=NP
Spf0=NP
Spfp=NP
Spfs=NP
Spm0=NP
Spmp=NP
Spms=NP
# T - Relativo
Tdfp=PR
Tdfs=PR
Tdmp=PR
Tdms=PR
Tnaa=PR
Tnap=PR
Tnas=PR
Tnfp=PR
Tnfs=PR
Tnmp=PR
Tnms=PR
# V - Verbo
V0f000=V
V0f000+Raa1ap=V
V0f000+Raa1as=V
V0f000+Raa1fp=V
V0f000+Raa1mp=V
V0f000+Raa1ms=V
V0f000+Raa2ap=V
V0f000+Raa2ms=V
V0f000+Raa3fp=V
V0f000+Raa3fs=V
V0f000+Raa3mp=V
V0f000+Raa3ms=V
V0f000+Rad1ap=V
V0f000+Rad1fs=V
V0f000+Rad1mp=V
V0f000+Rad1ms=V
V0f000+Rad2ap=V
V0f000+Rad3ap=V
V0f000+Rad3as=V
V0f000+Rad3as+Raa3fs=V
V0f000+Rad3as+Raa3ms=V
V0f000+Rad3fp=V
V0f000+Rad3fs=V
V0f000+Rad3fs+Raa3ms=V
V0f000+Rad3mp=V
V0f000+Rad3mp+Raa3mp=V
V0f000+Rad3ms=V
V0f000+Rad3ms+Raa3fp=V
V0f000+Raf1ap=V
V0f000+Raf1as=V
V0f000+Raf2as=V
V0f000+Raf2fp=V
V0f000+Rao3aa=V
V0f000+Rao3aa+Rad1ap=V
V0f10p=V
V0f10p+Raa1ap=V
V0f10p+Raa3ms=V
V0f20p=V
V0f20s=V
V0f30p=V
V0f30p+Rad3fs=V
V0f30p+Rao3aa=V
V0m10p=V
V0m20p=V
V0m20p+Raa3ms=V
V0m20p+Raf2ap=V
V0m20s=V
V0m20s+Raa2as=V
V0m20s+Rad3ap=V
V0m20s+Rad3mp=V
V0m20s+Raf2as=V
V0m20s+Raf2ms=V
V0p0fp=V
V0p0fs=V
V0p0mp=V
V0p0ms=V
V0x000=V
V0x000+Raa1ap=V
V0x000+Raa3fp=V
V0x000+Raa3fs=V
V0x000+Raa3mp=V
V0x000+Raa3ms=V
V0x000+Rad1ap=V
V0x000+Rad1as+Raa3mp=V
V0x000+Rad3ap=V
V0x000+Rad3as=V
V0x000+Rad3fp=V
V0x000+Rad3fs=V
V0x000+Rad3mp=V
V0x000+Rad3ms=V
V0x000+Rad3ms+Raa3ms=V
V0x000+Rao3aa=V
V0x10p=V
V0x20p=V
Vci10p=V
Vci10s=V
Vci10s+Raa3mp=V
Vci10s+Raa3ms=V
Vci20p=V
Vci20s=V
Vci20s+Raa2as=V
Vci30p=V
Vci30p+Rad1ap=V
Vci30p+Rao3aa=V
Vci30s=V
Vci30s+Raa3ms=V
Vci30s+Rad1ap=V
Vci30s+Rad1as=V
Vci30s+Rad1ms=V
Vci30s+Rad3ap=V
Vci30s+Rad3as=V
Vci30s+Rad3fs=V
Vci30s+Rad3ms=V
Vci30s+Rao3aa=V
Vcia0s=V
Vei10p=V
Vei10p+Raa3ms=V
Vei10p+Rad3ms=V
Vei10p+Raf1ap=V
Vei10s=V
Vei10s+Raa1as=V
Vei10s+Raa1ms=V
Vei10s+Raa3fp=V
Vei10s+Raa3fs=V
Vei10s+Raa3mp=V
Vei10s+Raa3ms=V
Vei10s+Rad3as=V
Vei10s+Rad3as+Raa3ms=V
Vei10s+Rad3mp=V
Vei10s+Rad3ms=V
Vei10s+Raf1as=V
Vei10s+Raf1ms=V
Vei20p=V
Vei20s=V
Vei20s+Raa3ms=V
Vei20s+Rad1as=V
Vei20s+Raf2as=V
Vei30p=V
Vei30p+Raa1ap=V
Vei30p+Raa1as=V
Vei30p+Raa3fs=V
Vei30p+Raa3ms=V
Vei30p+Rad1as=V
Vei30p+Rad3as=V
Vei30p+Rad3fp=V
Vei30p+Rad3fs=V
Vei30p+Rad3mp=V
Vei30p+Rad3ms=V
Vei30p+Rao3aa=V
Vei30p+Rao3aa+Rad3fp=V
Vei30p+Rao3aa+Rad3fs=V
Vei30s=V
Vei30s+Raa1ap=V
Vei30s+Raa1as=V
Vei30s+Raa3as=V
Vei30s+Raa3fp=V
Vei30s+Raa3fs=V
Vei30s+Raa3mp=V
Vei30s+Raa3ms=V
Vei30s+Rad1ap=V
Vei30s+Rad1as=V
Vei30s+Rad1fs=V
Vei30s+Rad1ms=V
Vei30s+Rad1ms+Raa3fp=V
Vei30s+Rad3ap=V
Vei30s+Rad3as=V
Vei30s+Rad3fp=V
Vei30s+Rad3fs=V
Vei30s+Rad3mp=V
Vei30s+Rad3ms=V
Vei30s+Rao3aa=V
Vei30s+Rao3aa+Rad3as=V
Vei30s+Rao3aa+Rad3ms=V
Ves10p=V
Ves10s=V
Ves20p=V
Ves20s=V
Ves30p=V
Ves30s=V
Vesa0s=V
Vfi10p=V
Vfi10p+Raa1ap=V
Vfi10p+Raa3ms=V
Vfi10p+Rad3fp=V
Vfi10p+Raf1ap=V
Vfi10s=V
Vfi10s+Rad3mp=V
Vfi20p=V
Vfi20s=V
Vfi30p=V
Vfi30p+Rad3fs=V
Vfi30p+Rad3mp=V
Vfi30p+Rad3ms=V
Vfi30p+Rad3ms+Raa3ms=V
Vfi30p+Rao3aa=V
Vfi30p+Rao3aa+Rad3as=V
Vfi30s=V
Vfi30s+Raa3fp=V
Vfi30s+Raa3fs=V
Vfi30s+Raa3mp=V
Vfi30s+Raa3ms=V
Vfi30s+Rad3as=V
Vfi30s+Rad3fp=V
Vfi30s+Rad3fs=V
Vfi30s+Rad3mp=V
Vfi30s+Rad3ms=V
Vfi30s+Rao3aa=V
Vfi30s+Rao3aa+Rad3as=V
Vfi30s+Rao3aa+Rad3fs=V
Vfs10p=V
Vfs10s=V
Vfs20p=V
Vfs20s=V
Vfs30p=V
Vfs30s=V
Vfsa0s=V
Vii10p=V
Vii10p+Raa3fs=V
Vii10s=V
Vii10s+Rad3ap=V
Vii20p=V
Vii20s=V
Vii30p=V
Vii30p+Raa3fp=V
Vii30p+Raa3fs=V
Vii30p+Rad1ms=V
Vii30p+Rad3fp=V
Vii30p+Rad3mp=V
Vii30p+Rao3aa=V
Vii30s=V
Vii30s+Raa3fp=V
Vii30s+Rad1ap=V
Vii30s+Rad1as=V
Vii30s+Rad3as=V
Vii30s+Rad3fs=V
Vii30s+Rad3mp=V
Vii30s+Rad3ms=V
Vii30s+Rao3aa=V
Vii30s+Rao3aa+Rad3as=V
Viia0s=V
Vli10p=V
Vli10s=V
Vli20p=V
Vli20s=V
Vli30p=V
Vli30p+Rad3as=V
Vli30p+Rao3aa=V
Vli30s=V
Vli30s+Raa3ms=V
Vli30s+Rad3as=V
Vli30s+Rao3aa=V
Vlia0s=V
Vpi10p=V
Vpi10p+Raa1ap=V
Vpi10p+Raa2ap=V
Vpi10p+Raa3fp=V
Vpi10p+Raa3fs=V
Vpi10p+Raa3mp=V
Vpi10p+Raa3ms=V
Vpi10p+Rad1ap=V
Vpi10p+Rad2fs=V
Vpi10p+Rad3mp=V
Vpi10p+Raf1ap=V
Vpi10p+Raf1fp=V
Vpi10p+Raf1mp=V
Vpi10s=V
Vpi10s+Raa1as=V
Vpi10s+Raa1ms=V
Vpi10s+Raa3fp=V
Vpi10s+Raa3fs=V
Vpi10s+Raa3mp=V
Vpi10s+Raa3ms=V
Vpi10s+Rad1as=V
Vpi10s+Rad3as=V
Vpi10s+Rad3mp=V
Vpi10s+Rad3ms=V
Vpi10s+Raf1as=V
Vpi10s+Raf1fs=V
Vpi10s+Raf1ms=V
Vpi20p=V
Vpi20s=V
Vpi20s+Raa2as=V
Vpi20s+Raa3fs=V
Vpi30p=V
Vpi30p+Raa1ap=V
Vpi30p+Raa3fp=V
Vpi30p+Raa3fs=V
Vpi30p+Raa3mp=V
Vpi30p+Raa3ms=V
Vpi30p+Rad1ap=V
Vpi30p+Rad1as=V
Vpi30p+Rad1mp=V
Vpi30p+Rad3ap=V
Vpi30p+Rad3as=V
Vpi30p+Rad3fp=V
Vpi30p+Rad3fs=V
Vpi30p+Rad3mp=V
Vpi30p+Rad3ms=V
Vpi30p+Rao3aa=V
Vpi30p+Rao3aa+Rad1ap=V
Vpi30s=V
Vpi30s+Raa1ap=V
Vpi30s+Raa1as=V
Vpi30s+Raa1mp=V
Vpi30s+Raa2as=V
Vpi30s+Raa3fp=V
Vpi30s+Raa3fs=V
Vpi30s+Raa3mp=V
Vpi30s+Raa3ms=V
Vpi30s+Rad1ap=V
Vpi30s+Rad1ap+Raa3fs=V
Vpi30s+Rad1as=V
Vpi30s+Rad1fs=V
Vpi30s+Rad1ms=V
Vpi30s+Rad2as=V
Vpi30s+Rad2fp=V
Vpi30s+Rad3ap=V
Vpi30s+Rad3as=V
Vpi30s+Rad3fp=V
Vpi30s+Rad3fs=V
Vpi30s+Rad3mp=V
Vpi30s+Rad3ms=V
Vpi30s+Rao3aa=V
Vpi30s+Rao3aa+Rad1ap=V
Vpi30s+Rao3aa+Rad3ap=V
Vpi30s+Rao3aa+Rad3fs=V
Vpi30s+Rao3aa+Rad3mp=V
Vpi30s+Rao3aa+Rad3ms=V
Vps10p=V
Vps10p+Raa1ap=V
Vps10p+Raa3ms=V
Vps10p+Raf1ap=V
Vps10s=V
Vps20p=V
Vps20s=V
Vps30p=V
Vps30p+Rad3fs=V
Vps30p+Rao3aa=V
Vps30s=V
Vps30s+Raa1ap=V
Vps30s+Rad1as=V
Vps30s+Rao3aa=V
Vpsa0s=V
# W - Adverbio
Wg=ADV
Wm=ADV
Wn=ADV
Wr=ADV
# Y - Interxección
Y=O
# Z - Categoría periférica
Za00=O
Zaas=O
Zafp=O
Zafs=O
Zamp=O
Zams=O
Zams+Ncnms=O
Zf00=O
Zg00=O
Zgaa=O
Zgfa=O
Zgfp=O
Zgfs=O
Zgma=O
Zgmp=O
Zgms=O
Zo00=O
Zs00=O
Zs00+Ncdmp=O
Zs00+Ncnmp=O
Zs00+Ncnms=O

*=POS

