# STTS Tag Table (1995/1999)
#
# Source: http://www.ims.uni-stuttgart.de/projekte/corplex/TagSets/stts-table.html
# $(	sonstige Satzzeichen; satzintern	- [,]()
$(=de.tudarmstadt.ukp.dkpro.core.api.lexmorph.type.pos.PUNC
# $,	Komma	,
$,=de.tudarmstadt.ukp.dkpro.core.api.lexmorph.type.pos.PUNC
# $.	Satzbeendende Interpunktion	. ? ! ; :
$.=de.tudarmstadt.ukp.dkpro.core.api.lexmorph.type.pos.PUNC
*=de.tudarmstadt.ukp.dkpro.core.api.lexmorph.type.pos.O
# ADJA	attributives Adjektiv	[das] große [Haus]
ADJA=de.tudarmstadt.ukp.dkpro.core.api.lexmorph.type.pos.ADJ
# ADJD	adverbiales oder prädikatives Adjektiv	[er fährt] schnell, [er ist] schnell
ADJD=de.tudarmstadt.ukp.dkpro.core.api.lexmorph.type.pos.ADJ
# ADV	Adverb	schon, bald, doch
ADV=de.tudarmstadt.ukp.dkpro.core.api.lexmorph.type.pos.ADV
# APPO	Postposition	[ihm] zufolge, [der Sache] wegen
APPO=de.tudarmstadt.ukp.dkpro.core.api.lexmorph.type.pos.PP
# APPR	Präposition; Zirkumposition links	in [der Stadt], ohne [mich]
APPR=de.tudarmstadt.ukp.dkpro.core.api.lexmorph.type.pos.PP
# APPRART	Präposition mit Artikel	im [Haus], zur [Sache]
APPRART=de.tudarmstadt.ukp.dkpro.core.api.lexmorph.type.pos.PP
# APZR	Zirkumposition rechts	[von jetzt] an
APZR=de.tudarmstadt.ukp.dkpro.core.api.lexmorph.type.pos.PP
# ART	bestimmter oder unbestimmter Artikel	der, die, das, ein, eine
ART=de.tudarmstadt.ukp.dkpro.core.api.lexmorph.type.pos.ART
# CARD	Kardinalzahl	zwei [Männer], [im Jahre] 1994
CARD=de.tudarmstadt.ukp.dkpro.core.api.lexmorph.type.pos.CARD
# FM	Fremdsprachliches Material	[Er hat das mit ``] A big fish ['' übersetzt]
FM=de.tudarmstadt.ukp.dkpro.core.api.lexmorph.type.pos.O
# ITJ	Interjektion	mhm, ach, tja
ITJ=de.tudarmstadt.ukp.dkpro.core.api.lexmorph.type.pos.O
# KOKOM	Vergleichskonjunktion	als, wie
KOKOM=de.tudarmstadt.ukp.dkpro.core.api.lexmorph.type.pos.CONJ
# KON	nebenordnende Konjunktion	und, oder, aber
KON=de.tudarmstadt.ukp.dkpro.core.api.lexmorph.type.pos.CONJ
# KOUI	unterordnende Konjunktion mit ``zu'' und Infinitiv	um [zu leben], anstatt [zu fragen]
KOUI=de.tudarmstadt.ukp.dkpro.core.api.lexmorph.type.pos.CONJ
# KOUS	unterordnende Konjunktion mit Satz	weil, daß, damit, wenn, ob
KOUS=de.tudarmstadt.ukp.dkpro.core.api.lexmorph.type.pos.CONJ
# NE	Eigennamen	Hans, Hamburg, HSV
NE=de.tudarmstadt.ukp.dkpro.core.api.lexmorph.type.pos.NP
# NN	normales Nomen	Tisch, Herr, [das] Reisen
NN=de.tudarmstadt.ukp.dkpro.core.api.lexmorph.type.pos.NN
# PAV	Pronominaladverb	dafür, dabei, deswegen, trotzdem
PAV=de.tudarmstadt.ukp.dkpro.core.api.lexmorph.type.pos.PR
# PDAT	attribuierendes Demonstrativpronomen	jener [Mensch]
PDAT=de.tudarmstadt.ukp.dkpro.core.api.lexmorph.type.pos.PR
# PDS	substituierendes Demonstrativpronomen	dieser, jener
PDS=de.tudarmstadt.ukp.dkpro.core.api.lexmorph.type.pos.PR
# PIAT	attribuierendes Indefinitpronomen ohne Determiner	kein [Mensch], irgendein [Glas]
PIAT=de.tudarmstadt.ukp.dkpro.core.api.lexmorph.type.pos.PR
# PIDAT	attribuierendes Indefinitpronomen mit Determiner	[ein] wenig [Wasser], [die] beiden [Brüder]
PIDAT=de.tudarmstadt.ukp.dkpro.core.api.lexmorph.type.pos.PR
# PIS	substituierendes Indefinitpronomen	keiner, viele, man, niemand
PIS=de.tudarmstadt.ukp.dkpro.core.api.lexmorph.type.pos.PR
# PPER	irreflexives Personalpronomen	ich, er, ihm, mich, dir
PPER=de.tudarmstadt.ukp.dkpro.core.api.lexmorph.type.pos.PR
# PPOSAT	attribuierendes Possessivpronomen	mein [Buch], deine [Mutter]
PPOSAT=de.tudarmstadt.ukp.dkpro.core.api.lexmorph.type.pos.PR
# PPOSS	substituierendes Possessivpronomen	meins, deiner
PPOSS=de.tudarmstadt.ukp.dkpro.core.api.lexmorph.type.pos.PR
# PRELAT	attribuierendes Relativpronomen	[der Mann ,] dessen [Hund]
PRELAT=de.tudarmstadt.ukp.dkpro.core.api.lexmorph.type.pos.PR
# PRELS	substituierendes Relativpronomen	[der Hund ,] der
PRELS=de.tudarmstadt.ukp.dkpro.core.api.lexmorph.type.pos.PR
# PRF	reflexives Personalpronomen	sich, einander, dich, mir
PRF=de.tudarmstadt.ukp.dkpro.core.api.lexmorph.type.pos.PR
# PTKA	Partikel bei Adjektiv oder Adverb	am [schönsten], zu [schnell]
PTKA=de.tudarmstadt.ukp.dkpro.core.api.lexmorph.type.pos.O
# PTKANT	Antwortpartikel	ja, nein, danke, bitte
PTKANT=de.tudarmstadt.ukp.dkpro.core.api.lexmorph.type.pos.O
# PTKNEG	Negationspartikel	nicht
PTKNEG=de.tudarmstadt.ukp.dkpro.core.api.lexmorph.type.pos.O
# PTKVZ	abgetrennter Verbzusatz	[er kommt] an, [er fährt] rad
PTKVZ=de.tudarmstadt.ukp.dkpro.core.api.lexmorph.type.pos.V
# PTKZU	``zu'' vor Infinitiv	zu [gehen]
PTKZU=de.tudarmstadt.ukp.dkpro.core.api.lexmorph.type.pos.O
# PWAT	attribuierendes Interrogativpronomen	welche [Farbe], wessen [Hut] 
PWAT=de.tudarmstadt.ukp.dkpro.core.api.lexmorph.type.pos.PR
# PWAV	adverbiales Interrogativ- oder Relativpronomen	warum, wo, wann, worüber, wobei
PWAV=de.tudarmstadt.ukp.dkpro.core.api.lexmorph.type.pos.PR
# PWS	substituierendes Interrogativpronomen	wer, was
PWS=de.tudarmstadt.ukp.dkpro.core.api.lexmorph.type.pos.PR
# TRUNC	Kompositions-Erstglied	An- [und Abreise]
TRUNC=de.tudarmstadt.ukp.dkpro.core.api.lexmorph.type.pos.O 
# VAFIN	finites Verb, aux	[du] bist, [wir] werden
VAFIN=de.tudarmstadt.ukp.dkpro.core.api.lexmorph.type.pos.V
# VAIMP	Imperativ, aux	sei [ruhig !]
VAIMP=de.tudarmstadt.ukp.dkpro.core.api.lexmorph.type.pos.V
# VAINF	Infinitiv, aux	werden, sein
VAINF=de.tudarmstadt.ukp.dkpro.core.api.lexmorph.type.pos.V
# VAPP	Partizip Perfekt, aux	gewesen
VAPP=de.tudarmstadt.ukp.dkpro.core.api.lexmorph.type.pos.V
# VMFIN	finites Verb, modal	dürfen
VMFIN=de.tudarmstadt.ukp.dkpro.core.api.lexmorph.type.pos.V
# VMINF	Infinitiv, modal	wollen
VMINF=de.tudarmstadt.ukp.dkpro.core.api.lexmorph.type.pos.V
# VMPP	Partizip Perfekt, modal	gekonnt, [er hat gehen] können
VMPP=de.tudarmstadt.ukp.dkpro.core.api.lexmorph.type.pos.V
# VVFIN	finites Verb, voll	[du] gehst, [wir] kommen [an]
VVFIN=de.tudarmstadt.ukp.dkpro.core.api.lexmorph.type.pos.V
# VVIMP	Imperativ, voll	komm [!]
VVIMP=de.tudarmstadt.ukp.dkpro.core.api.lexmorph.type.pos.V
# VVINF	Infinitiv, voll	gehen, ankommen
VVINF=de.tudarmstadt.ukp.dkpro.core.api.lexmorph.type.pos.V
# VVIZU	Infinitiv mit ``zu'', voll	anzukommen, loszulassen
VVIZU=de.tudarmstadt.ukp.dkpro.core.api.lexmorph.type.pos.V
# VVPP	Partizip Perfekt, voll	gegangen, angekommen
VVPP=de.tudarmstadt.ukp.dkpro.core.api.lexmorph.type.pos.V
# XY	Nichtwort, Sonderzeichen enthaltend	3:7, H2O, D2XW3
XY=de.tudarmstadt.ukp.dkpro.core.api.lexmorph.type.pos.O