$=de.tudarmstadt.ukp.dkpro.core.api.lexmorph.type.pos.CARD
&=de.tudarmstadt.ukp.dkpro.core.api.lexmorph.type.pos.CONJ
*=de.tudarmstadt.ukp.dkpro.core.api.lexmorph.type.pos.O
,=de.tudarmstadt.ukp.dkpro.core.api.lexmorph.type.pos.PUNC
@=de.tudarmstadt.ukp.dkpro.core.api.lexmorph.type.pos.tweet.AT
A=de.tudarmstadt.ukp.dkpro.core.api.lexmorph.type.pos.ADJ
D=de.tudarmstadt.ukp.dkpro.core.api.lexmorph.type.pos.ART
E=de.tudarmstadt.ukp.dkpro.core.api.lexmorph.type.pos.tweet.EMO
G=de.tudarmstadt.ukp.dkpro.core.api.lexmorph.type.pos.O
L=de.tudarmstadt.ukp.dkpro.core.api.lexmorph.type.pos.tweet.NNV
M=de.tudarmstadt.ukp.dkpro.core.api.lexmorph.type.pos.tweet.NPV
N=de.tudarmstadt.ukp.dkpro.core.api.lexmorph.type.pos.NN
O=de.tudarmstadt.ukp.dkpro.core.api.lexmorph.type.pos.PR
P=de.tudarmstadt.ukp.dkpro.core.api.lexmorph.type.pos.PP
R=de.tudarmstadt.ukp.dkpro.core.api.lexmorph.type.pos.ADV
S=de.tudarmstadt.ukp.dkpro.core.api.lexmorph.type.pos.NN
T=de.tudarmstadt.ukp.dkpro.core.api.lexmorph.type.pos.V
U=de.tudarmstadt.ukp.dkpro.core.api.lexmorph.type.pos.tweet.URL
V=de.tudarmstadt.ukp.dkpro.core.api.lexmorph.type.pos.V
Y=de.tudarmstadt.ukp.dkpro.core.api.lexmorph.type.pos.O
Z=de.tudarmstadt.ukp.dkpro.core.api.lexmorph.type.pos.NP
\u0021=de.tudarmstadt.ukp.dkpro.core.api.lexmorph.type.pos.tweet.INT
\u0023=de.tudarmstadt.ukp.dkpro.core.api.lexmorph.type.pos.tweet.HASH
^=de.tudarmstadt.ukp.dkpro.core.api.lexmorph.type.pos.NP 
~=de.tudarmstadt.ukp.dkpro.core.api.lexmorph.type.pos.tweet.DM