# NEGRA phrasal categories
#
# Source: http://www.coli.uni-saarland.de/projects/sfb378/negra-corpus/knoten.html
#

# AA superlative phrase with "am"
AA=de.tudarmstadt.ukp.dkpro.core.api.syntax.type.constituent.Constituent
# CVZ coordinated zu-marked infinitive
CVZ=de.tudarmstadt.ukp.dkpro.core.api.syntax.type.constituent.Constituent
# AP adjektive phrase	
AP=de.tudarmstadt.ukp.dkpro.core.api.syntax.type.constituent.Constituent
# DL discourse level constituent
DL=de.tudarmstadt.ukp.dkpro.core.api.syntax.type.constituent.Constituent
# AVP adverbial phrase	
AVP=de.tudarmstadt.ukp.dkpro.core.api.syntax.type.constituent.Constituent
# ISU idiosyncratis unit
ISU=de.tudarmstadt.ukp.dkpro.core.api.syntax.type.constituent.Constituent
# CAC coordinated adposition	
CAC=de.tudarmstadt.ukp.dkpro.core.api.syntax.type.constituent.Constituent
# MPN multi-word proper noun
MPN=de.tudarmstadt.ukp.dkpro.core.api.syntax.type.constituent.Constituent
# CAP coordinated adjektive phrase	
CAP=de.tudarmstadt.ukp.dkpro.core.api.syntax.type.constituent.Constituent
# MTA multi-token adjective
MTA=de.tudarmstadt.ukp.dkpro.core.api.syntax.type.constituent.Constituent
# CAVP coordinated adverbial phrase	
CAVP=de.tudarmstadt.ukp.dkpro.core.api.syntax.type.constituent.Constituent
# NM multi-token number
NM=de.tudarmstadt.ukp.dkpro.core.api.syntax.type.constituent.Constituent
# CCP coordinated complementiser	
CCP=de.tudarmstadt.ukp.dkpro.core.api.syntax.type.constituent.Constituent
# NP noun phrase
NP=de.tudarmstadt.ukp.dkpro.core.api.syntax.type.constituent.Constituent
# CH chunk	
CH=de.tudarmstadt.ukp.dkpro.core.api.syntax.type.constituent.Constituent
# PP adpositional phrase
PP=de.tudarmstadt.ukp.dkpro.core.api.syntax.type.constituent.Constituent
# CNP coordinated noun phrase	
CNP=de.tudarmstadt.ukp.dkpro.core.api.syntax.type.constituent.Constituent
# QL quasi-languag
QL=de.tudarmstadt.ukp.dkpro.core.api.syntax.type.constituent.Constituent
# CO coordination	
CO=de.tudarmstadt.ukp.dkpro.core.api.syntax.type.constituent.Constituent
# S sentence
S=de.tudarmstadt.ukp.dkpro.core.api.syntax.type.constituent.Constituent
# CPP coordinated adpositional phrase	
CPP=de.tudarmstadt.ukp.dkpro.core.api.syntax.type.constituent.Constituent
# VP verb phrase (non-finite)
VP=de.tudarmstadt.ukp.dkpro.core.api.syntax.type.constituent.Constituent
# CS coordinated sentence	
CS=de.tudarmstadt.ukp.dkpro.core.api.syntax.type.constituent.Constituent
# VZ zu-marked infinitive
VZ=de.tudarmstadt.ukp.dkpro.core.api.syntax.type.constituent.Constituent
# CVP coordinated verb phrase (non-finite)	
CVP=de.tudarmstadt.ukp.dkpro.core.api.syntax.type.constituent.Constituent

#
# Categories used by DKPro internally
#
ROOT=de.tudarmstadt.ukp.dkpro.core.api.syntax.type.constituent.ROOT
*=de.tudarmstadt.ukp.dkpro.core.api.syntax.type.constituent.Constituent

