# Stanford
#
# Stanford typed dependencies

__META_SOURCE_URL__=http://nlp.stanford.edu/software/dependencies_manual.pdf
__META_TYPE_BASE__=de.tudarmstadt.ukp.dkpro.core.api.syntax.type.dependency.

# abbrev    abbreviation modifier
abbrev=Dependency
# acomp     adjectival complement
acomp=Dependency
# advcl     adverbial clause modifier
advcl=Dependency
# advmod    adverbial modifier
advmod=Dependency
# agent     agent
agent=Dependency
# amod      adjectival modifier
amod=Dependency
# appos     appositional modifier
appos=Dependency
# arg       argument
arg=Dependency
# attr      attributive
attr=Dependency
# aux       auxiliary
aux=Dependency
# auxpass   passive auxiliary
auxpass=Dependency
# cc        coordination
cc=Dependency
# ccomp     clausal complement
ccomp=Dependency
# comp      complement
comp=Dependency
# complm    complementizer
complm=Dependency
# conj      conjunct
conj=Dependency
# cop       copula
cop=Dependency
# csubj     clausal subject
csubj=Dependency
# csubjpass clausal passive subject
csubjpass=Dependency
# dep       dependent
dep=Dependency
# det       determiner
det=Dependency
# discourse discourse element
discourse=Dependency
# dobj      direct object
dobj=Dependency
# expl      expletive
expl=Dependency
# goeswith  goes with
goeswith=Dependency
# infmod    infinitival modifier
infmod=Dependency
# iobj      indirect object
iobj=Dependency
# mark      marker
mark=Dependency
# mod       modifier
mod=Dependency
# mwe       multi-word expression
mwe=Dependency
# neg       negation modifier
neg=Dependency
# nn        noun compound modifier
nn=Dependency
# npadvmod  noun phrase as adverbial modifier
npadvmod=Dependency
# nsubj     nominal subject
nsubj=Dependency
# nsubjpass passive nominal subject
nsubjpass=Dependency
# num       numeric modifier
num=Dependency
# number    element of compound number
number=Dependency
# obj       object
obj=Dependency
# parataxis parataxis
parataxis=Dependency
# partmod   participial modifier
partmod=Dependency
# pcomp     prepositional complement
pcomp=Dependency
# pobj      object of a preposition
pobj=Dependency
# poss      possession modifier
poss=Dependency
# possessive    possessive modifier
possessive=Dependency
# preconj   preconjunct
preconj=Dependency
# pred      predicate
pred=Dependency
# predet    predeterminer
predet=Dependency
# prep      prepositional modifier
prep=Dependency
# prepc     prepositional clausal modifier
prepc=Dependency
# prt       phrasal verb particle
prt=Dependency
# punct     punctuation
punct=Dependency
# purpcl    purpose clause modifier
purpcl=Dependency
# quantmod  quantifier phrase modifier
quantmod=Dependency
# rcmod     relative clause modifier
rcmod=Dependency
# ref       referent
ref=Dependency
# rel       relative
rel=Dependency
# root      root
root=Dependency
# sdep      semantic dependent
sdep=Dependency
# subj      subject
subj=Dependency
# tmod      temporal modifier
tmod=Dependency
# xcomp     open clausal complement
xcomp=Dependency
# xsubj     controlling subject
xsubj=Dependency

#
# Additional tags used in Clear NLP ontoparser model
#
# HMOD
# HYPH
# INTJ
# META
# NMOD
# OPRD

#
# Categories used by DKPro internally
#
*=Dependency
