# Parole Reduced Tagset
#
# Source: http://www.lsi.upc.edu/~nlp/SVMTool/parole.html
# AO	Adjective, Ordinal
# AQ	Adjective, Qualificator
# CC	Conjunction, Coordinate
# CS	Conjunction, Subordinative
# DA	Determiner, Article
# DD	Determiner, Demonstrative
# DE	Determiner, Exclamatory
# DI	Determiner, Indefinite
# DN	Determiner, Numeral
# DP	Determiner, Possessive
# DT	Determiner, Interrogative
# Faa	Punctuation, ¡
# Fat	Punctuation, !
# Fc	Punctuation, , 
# Fd	Punctuation, :
# Fe	Punctuation, "
# Fg	Punctuation, -
# Fh	Punctuation, /
# Fia	Punctuation, ¿
# Fit	Punctuation, ?
# Fp	Punctuation, .
# Fpa	Punctuation, (
# Fpt	Punctuation, )
# Fs	Punctuation, ...
# Fx	Punctuation, ;
# Fz	Punctuation, other than those
# I	Interjection
# NC	Noun, Common
# NP	Noun, Proper
# P0	Pronoun, Clitic
# PD	Pronoun, Demonstrative
# PE	Pronoun, Exclamatory
# PI	Pronoun, Indefinite
# PN	Pronoun, Numeral
# PP	Pronoun, Personal
# PR	Pronoun, Relative
# PT	Pronoun, Interrogative
# PX	Pronoun, Possessive
# RG	Adverb, General
# RN	Adverb, Negative
# SP	Adposition, Preposition
# VAG	Verb, Auxiliar, Gerund
# VAI	Verb, Auxiliar, Indicative
# VAM	Verb, Auxiliar, Imperative
# VAN	Verb, Auxiliar, Infinitive
# VAP	Verb, Auxiliar, Participle
# VAS	Verb, Auxiliar, Subjunctive
# VMG	Verb, Main, Gerund
# VMI	Verb, Main, Indicative
# VMM	Verb, Main, Imperative
# VMN	Verb, Main, Infinitive
# VMP	Verb, Main, Participle
# VMS	Verb, Main, Subjunctive
# VSG	Verb, Semi-Auxiliar, Gerund
# VSI	Verb, Semi-Auxiliar, Indicative
# VSM	Verb, Semi-Auxiliar, Imperative
# VSN	Verb, Semi-Auxiliar, Infinitive
# VSP	Verb, Semi-Auxiliar, Participle
# VSS	Verb, Semi-Auxiliar, Subjunctive
# W	Date Times
# X	Unknown
# Y	Abbreviation
# Z	Figures
# Zm	Currency
# Zp	Percentage
*=de.tudarmstadt.ukp.dkpro.core.api.lexmorph.type.pos.POS