# French POS Tagger Tagset used by Stanford CoreNLP 3.4 models
#
# Follows Benoit Crabbé and Marie Candito. 2008
#
# Benoit Crabbé and Marie Candito. 2008. Expériences d’analyse syntaxique statistique du français.
# In Proc. of TALN’08, pages 45–54, Senlis, France.
# http://hal.inria.fr/docs/00/52/57/69/PDF/crabbecandi-taln2008-final.pdf
#
# Source: http://opus.lingfil.uu.se/tools/public/tagger/melt-0.6/README
# 
# Mapped according to universal_pos_tags.1.03 (http://code.google.com/p/universal-pos-tags/)
# This does not apply to the differences introduced in CoreNLP 3.4! They were mapped on a 
# best-effort base.

# ADJ 	   adjective
ADJ=de.tudarmstadt.ukp.dkpro.core.api.lexmorph.type.pos.ADJ
# ADJWH	   interrogative adjective
ADJWH=de.tudarmstadt.ukp.dkpro.core.api.lexmorph.type.pos.ADJ
# ADV	   adverb
ADV=de.tudarmstadt.ukp.dkpro.core.api.lexmorph.type.pos.ADV
# ADVWH	   interrogative adverb
ADVWH=de.tudarmstadt.ukp.dkpro.core.api.lexmorph.type.pos.ADV
# CC	   coordination conjunction
CC=de.tudarmstadt.ukp.dkpro.core.api.lexmorph.type.pos.CONJ
# CLO	   object clitic pronoun
CLO=de.tudarmstadt.ukp.dkpro.core.api.lexmorph.type.pos.PR
# CLR	   reflexive clitic pronoun
CLR=de.tudarmstadt.ukp.dkpro.core.api.lexmorph.type.pos.PR
# CLS	   subject clitic pronoun
CLS=de.tudarmstadt.ukp.dkpro.core.api.lexmorph.type.pos.PR
# CS	   subordination conjunction
CS=de.tudarmstadt.ukp.dkpro.core.api.lexmorph.type.pos.CONJ
# DET	   determiner
DET=de.tudarmstadt.ukp.dkpro.core.api.lexmorph.type.pos.ART
# DETWH	   interrogative determiner
DETWH=de.tudarmstadt.ukp.dkpro.core.api.lexmorph.type.pos.ART
# ET	   foreign word
ET=de.tudarmstadt.ukp.dkpro.core.api.lexmorph.type.pos.O
# I	       interjection
I=de.tudarmstadt.ukp.dkpro.core.api.lexmorph.type.pos.O
# NC	   common noun
NC=de.tudarmstadt.ukp.dkpro.core.api.lexmorph.type.pos.NN
# NPP	   proper noun
NPP=de.tudarmstadt.ukp.dkpro.core.api.lexmorph.type.pos.NP
# P	       preposition
P=de.tudarmstadt.ukp.dkpro.core.api.lexmorph.type.pos.PP
# PREF	   prefix
PREF=de.tudarmstadt.ukp.dkpro.core.api.lexmorph.type.pos.PRT
# PRO	   full pronoun
PRO=de.tudarmstadt.ukp.dkpro.core.api.lexmorph.type.pos.PR
# PROREL   relative pronoun
PROREL=de.tudarmstadt.ukp.dkpro.core.api.lexmorph.type.pos.PR
# PROWH	   interrogative pronoun
PROWH=de.tudarmstadt.ukp.dkpro.core.api.lexmorph.type.pos.PR
# V	       indicative or conditional verb form
V=de.tudarmstadt.ukp.dkpro.core.api.lexmorph.type.pos.V
# VIMP	   imperative verb form
VIMP=de.tudarmstadt.ukp.dkpro.core.api.lexmorph.type.pos.V
# VINF	   infinitive verb form
VINF=de.tudarmstadt.ukp.dkpro.core.api.lexmorph.type.pos.V
# VPP	   past participle
VPP=de.tudarmstadt.ukp.dkpro.core.api.lexmorph.type.pos.V
# VPR	   present participle
VPR=de.tudarmstadt.ukp.dkpro.core.api.lexmorph.type.pos.V
# VS	   subjunctive verb form
VS=de.tudarmstadt.ukp.dkpro.core.api.lexmorph.type.pos.V

#
# DIFFERENCES IN CORENLP 3.4 models
#
# CoreNLP:  PUNC	   punctuation mark
# Original: PONCT	   punctuation mark
PUNC=de.tudarmstadt.ukp.dkpro.core.api.lexmorph.type.pos.PUNC
# CoreNLP:  A		   general category for adjectives
A=de.tudarmstadt.ukp.dkpro.core.api.lexmorph.type.pos.ADJ
# CoreNLP:  C          general category cor conjunctions
C=de.tudarmstadt.ukp.dkpro.core.api.lexmorph.type.pos.CONJ
# CoreNLP:  CL         general category for clitic pronouns
CL=de.tudarmstadt.ukp.dkpro.core.api.lexmorph.type.pos.PR
# CoreNLP:  M          general category for nouns
N=de.tudarmstadt.ukp.dkpro.core.api.lexmorph.type.pos.N

#
# NOT USED IN CORENLP 3.4 models
#
# P+D	   preposition+determiner amalgam
# P+D=de.tudarmstadt.ukp.dkpro.core.api.lexmorph.type.pos.PP
# P+PRO	   prepositon+pronoun amalgam
# P+PRO=de.tudarmstadt.ukp.dkpro.core.api.lexmorph.type.pos.PP

*=de.tudarmstadt.ukp.dkpro.core.api.lexmorph.type.pos.POS