# Chinese Treebank Tagset
#
# Source: http://www.cis.upenn.edu/~chinese/parseguide.3rd.ch.pdf
#
# == Tags for phrases ==
# ADJP - adjective phrase
ADJP=de.tudarmstadt.ukp.dkpro.core.api.syntax.type.constituent.ADJP
# ADVP - adverbial phrase headed by AD (adverb)
ADVP=de.tudarmstadt.ukp.dkpro.core.api.syntax.type.constituent.ADVP
# CLP - classifier phrase
# CP - clause headed by C (complementizer)
# DNP - phrase formed by ‘‘XP + DEG’’
# DP - determiner phrase
# DVP - phrase formed by ‘‘XP + DEV’’
# FRAG - fragment
FRAG=de.tudarmstadt.ukp.dkpro.core.api.syntax.type.constituent.FRAG
# IP - simple clause headed by I (INFL)
# LCP - phrase formed by ‘‘XP + LC’’
# LST - list marker
LST=de.tudarmstadt.ukp.dkpro.core.api.syntax.type.constituent.LST
# NP - noun phrase
NP=de.tudarmstadt.ukp.dkpro.core.api.syntax.type.constituent.NP
# PP - preposition phrase
PP=de.tudarmstadt.ukp.dkpro.core.api.syntax.type.constituent.PP
# PRN - parenthetical
PRN=de.tudarmstadt.ukp.dkpro.core.api.syntax.type.constituent.PRN
# QP - quantifier phrase
# UCP - unidentical coordination phrase
UCP=de.tudarmstadt.ukp.dkpro.core.api.syntax.type.constituent.UCP
# VP - verb phrase
VP=de.tudarmstadt.ukp.dkpro.core.api.syntax.type.constituent.VP

# == Tags for verb compounds ==
# VCD - coordinated verb compound
# VCP - verb compounds formed by VV + VC
# VNV - verb compounds formed by A-not-A or A-one-A
# VPT - potential form V-de-R or V-bu-R
# VRD - verb resultative compound
# VSB - verb compounds formed by a modifier + a head

# == Part-of-speech tags ==
# MSP - some particles
# NN - common noun

# == Undocumented ==
# INTJ
INTJ=de.tudarmstadt.ukp.dkpro.core.api.syntax.type.constituent.INTJ


#
# Categories used by DKPro internally
#
ROOT=de.tudarmstadt.ukp.dkpro.core.api.syntax.type.constituent.ROOT
*=de.tudarmstadt.ukp.dkpro.core.api.syntax.type.constituent.X
