# STTS 
#
# Tag Table (1995/1999)
#
# Source: http://www.sfs.uni-tuebingen.de/resources/stts-1999.pdf
#         http://www.ims.uni-stuttgart.de/forschung/ressourcen/lexika/TagSets/stts-table.html
#
# 2012-05-06 - Added PROAV which replaces PAV in the Tiger 1 corpus. 
#              http://www.uni-potsdam.de/u/germanistik/ls_dgs/tiger1-intro.pdf

__META_SOURCE_URL__=http://www.ims.uni-stuttgart.de/forschung/ressourcen/lexika/TagSets/stts-table.html
__META_TYPE_BASE__=de.tudarmstadt.ukp.dkpro.core.api.lexmorph.type.pos.

# Catch-all rule
*=X
#
# $*LRB* 
# -
# .$$. 
# $(	sonstige Satzzeichen; satzintern	- [,]()
$(=PUNCT
# $,	Komma	,
$,=PUNCT
# $.	Satzbeendende Interpunktion	. ? ! ; :
$.=PUNCT
# ADJA	attributives Adjektiv	[das] große [Haus]
ADJA=ADJ
# ADJD	adverbiales oder prädikatives Adjektiv	[er fährt] schnell, [er ist] schnell
ADJD=ADJ
# ADV	Adverb	schon, bald, doch
ADV=ADV
# APPO	Postposition	[ihm] zufolge, [der Sache] wegen
APPO=ADP
# APPR	Präposition; Zirkumposition links	in [der Stadt], ohne [mich]
APPR=ADP
# APPRART	Präposition mit Artikel	im [Haus], zur [Sache]
APPRART=ADP
# APZR	Zirkumposition rechts	[von jetzt] an
APZR=ADP
# ART	bestimmter oder unbestimmter Artikel	der, die, das, ein, eine
ART=DET
# CARD	Kardinalzahl	zwei [Männer], [im Jahre] 1994
CARD=NUM
# FM	Fremdsprachliches Material	[Er hat das mit ``] A big fish ['' übersetzt]
FM=X
# ITJ	Interjektion	mhm, ach, tja
ITJ=X
# KOKOM	Vergleichskonjunktion	als, wie
KOKOM=CONJ
# KON	nebenordnende Konjunktion	und, oder, aber
KON=CONJ
# KOUI	unterordnende Konjunktion mit ``zu'' und Infinitiv	um [zu leben], anstatt [zu fragen]
KOUI=CONJ
# KOUS	unterordnende Konjunktion mit Satz	weil, daß, damit, wenn, ob
KOUS=CONJ
# NE	Eigennamen	Hans, Hamburg, HSV
NE=PROPN
# NN	normales Nomen	Tisch, Herr, [das] Reisen
NN=NOUN
# PAV	Pronominaladverb	dafür, dabei, deswegen, trotzdem
PAV=ADV
# PROAV	Pronominaladverb	dafür, dabei, deswegen, trotzdem (Tiger)
PROAV=ADV
# PDAT	attribuierendes Demonstrativpronomen	jener [Mensch]
PDAT=PRON
# PDS	substituierendes Demonstrativpronomen	dieser, jener
PDS=PRON
# PIAT	attribuierendes Indefinitpronomen ohne Determiner	kein [Mensch], irgendein [Glas]
PIAT=PRON
# PIDAT	attribuierendes Indefinitpronomen mit Determiner	[ein] wenig [Wasser], [die] beiden [Brüder]
PIDAT=PRON
# PIS	substituierendes Indefinitpronomen	keiner, viele, man, niemand
PIS=PRON
# PPER	irreflexives Personalpronomen	ich, er, ihm, mich, dir
PPER=PRON
# PPOSAT	attribuierendes Possessivpronomen	mein [Buch], deine [Mutter]
PPOSAT=PRON
# PPOSS	substituierendes Possessivpronomen	meins, deiner
PPOSS=PRON
# PRELAT	attribuierendes Relativpronomen	[der Mann ,] dessen [Hund]
PRELAT=PRON
# PRELS	substituierendes Relativpronomen	[der Hund ,] der
PRELS=PRON
# PRF	reflexives Personalpronomen	sich, einander, dich, mir
PRF=PRON
# PTKA	Partikel bei Adjektiv oder Adverb	am [schönsten], zu [schnell]
PTKA=X
# PTKANT	Antwortpartikel	ja, nein, danke, bitte
PTKANT=X
# PTKNEG	Negationspartikel	nicht
PTKNEG=X
# PTKVZ	abgetrennter Verbzusatz	[er kommt] an, [er fährt] rad
PTKVZ=VERB
# PTKZU	``zu'' vor Infinitiv	zu [gehen]
PTKZU=X
# PWAT	attribuierendes Interrogativpronomen	welche [Farbe], wessen [Hut] 
PWAT=PRON
# PWAV	adverbiales Interrogativ- oder Relativpronomen	warum, wo, wann, worüber, wobei
PWAV=PRON
# PWS	substituierendes Interrogativpronomen	wer, was
PWS=PRON
# TRUNC	Kompositions-Erstglied	An- [und Abreise]
TRUNC=X 
# VAFIN	finites Verb, aux	[du] bist, [wir] werden
VAFIN=VERB
# VAIMP	Imperativ, aux	sei [ruhig !]
VAIMP=VERB
# VAINF	Infinitiv, aux	werden, sein
VAINF=VERB
# VAPP	Partizip Perfekt, aux	gewesen
VAPP=VERB
# VMFIN	finites Verb, modal	dürfen
VMFIN=VERB
# VMINF	Infinitiv, modal	wollen
VMINF=VERB
# VMPP	Partizip Perfekt, modal	gekonnt, [er hat gehen] können
VMPP=VERB
# VVFIN	finites Verb, voll	[du] gehst, [wir] kommen [an]
VVFIN=VERB
# VVIMP	Imperativ, voll	komm [!]
VVIMP=VERB
# VVINF	Infinitiv, voll	gehen, ankommen
VVINF=VERB
# VVIZU	Infinitiv mit ``zu'', voll	anzukommen, loszulassen
VVIZU=VERB
# VVPP	Partizip Perfekt, voll	gegangen, angekommen
VVPP=VERB
# XY	Nichtwort, Sonderzeichen enthaltend	3:7, H2O, D2XW3
XY=X
