# Brown

__META_SOURCE_URL__=http://clu.uni.no/icame/brown/bcm.html#bc6
__META_TYPE_BASE__=de.tudarmstadt.ukp.dkpro.core.api.lexmorph.type.pos.

# sentence closer (. ; ? !)
.=POS_PUNCT
# left paren
(=POS_X
# right paren
)=POS_X
# not, n't
#*=POS_X
# dash
-=POS_X
# comma
,=POS_X
# colon
\:=POS_X
# pre-qualifier (quite, rather)
ABL=POS_ADV
# pre-quantifier (half, all)
ABN=POS_ADV
# pre-quantifier (both)
ABX=POS_ADV
# post-determiner (many, several, next)
AP=POS_DET
# article (a, the, no)
AT=POS_DET
# be
BE=POS_VERB
# were
BED=POS_VERB
# was
BEDZ=POS_VERB
# being
BEG=POS_VERB
# am
BEM=POS_VERB
# been
BEN=POS_VERB
# are, art
BER=POS_VERB
# is
BEZ=POS_VERB
# coordinating conjunction (and, or)
CC=POS_CONJ
# cardinal numeral (one, two, 2, etc.)
CD=POS_NUM
# subordinating conjunction (if, although)
CS=POS_SCONJ
# do
DO=POS_VERB
# did
DOD=POS_VERB
# does
DOZ=POS_VERB
# singular determiner (this, that)
DT=POS_DET
# singular or plural determiner/quantifier (some, any)
DTI=POS_DET
# plural determiner (these, those)
DTS=POS_DET
# determiner/double conjunction (either)
DTX=POS_DET
# existentil there
EX=POS_ADV
# foreign word (hyphenated before regular tag)
FW=POS_X
# word occurring in headline (hyphenated after regular tag)
HL=POS_X
# have
HV=POS_VERB
# had (past tense)
HVD=POS_VERB
# having
HVG=POS_VERB
# had (past participle)
HVN=POS_VERB
# has
HVZ=POS_VERB
# preposition
IN=POS_ADP
# adjective
JJ=POS_ADJ
# comparative adjective
JJR=POS_ADJ
# semantically superlative adjective (chief, top)
JJS=POS_ADJ
# morphologically superlative adjective (biggest)
JJT=POS_ADJ
# modal auxiliary (can, should, will)
MD=POS_AUX
# cited word (hyphenated after regular tag)
NC=POS_X
# singular or mass noun
NN=POS_NOUN
# possessive singular noun
NN$=POS_NOUN
# plural noun
NNS=POS_NOUN
# possessive plural noun
NNS$=POS_NOUN
# proper noun or part of name phrase     
NP=POS_PROPN
# possessive proper noun
NP$=POS_PROPN
# plural proper noun
NPS=POS_PROPN
# possessive plural proper noun
NPS$=POS_PROPN
# adverbial noun (home, today, west)
NR=POS_ADV
# plural adverbial noun
NRS=POS_NOUN
# ordinal numeral (first, 2nd)
OD=POS_NUM
# nominal pronoun (everybody, nothing)
PN=POS_PRON
# possessive nominal pronoun
PN$=POS_PRON
# possessive personal pronoun (my, our)
PP$=POS_PRON
# second (nominal) possessive pronoun (mine, ours)
PP$$=POS_PRON
# singular reflexive/intensive personal pronoun (myself)
PPL=POS_PRON
# plural reflexive/intensive personal pronoun (ourselves)
PPLS=POS_PRON
# objective personal pronoun (me, him, it, them)
PPO=POS_PRON
# 3rd. singular nominative pronoun (he, she, it, one)
PPS=POS_PRON
# other nominative personal pronoun (I, we, they, you)
PPSS=POS_PRON
# qualifier (very, fairly)
QL=POS_ADV
# post-qualifier (enough, indeed)
QLP=POS_ADV
# adverb
RB=POS_ADV
# comparative adverb
RBR=POS_ADV
# superlative adverb
RBT=POS_ADV
# nominal adverb (here then, indoors)
RN=POS_ADV
# adverb/particle (about, off, up)
RP=POS_ADV
# word occurring in title (hyphenated after regular tag)
TL=POS_X
# infinitive marker to
TO=POS_ADP
# interjection, exclamation
UH=POS_INTJ
# verb, base form
VB=POS_VERB
# verb, past tense
VBD=POS_VERB
# verb, present participle/gerund
VBG=POS_VERB
# verb, past participle
VBN=POS_VERB
# verb, 3rd. singular present
VBZ=POS_VERB
# wh- determiner (what, which)
WDT=POS_DET
# possessive wh- pronoun (whose)
WP$=POS_PRON
# objective wh- pronoun (whom, which, that)
WPO=POS_PRON
# nominative wh- pronoun (who, which, that)
WPS=POS_PRON
# wh- qualifier (how)
WQL=POS_ADV
# wh- adverb (how, where, when)
WRB=POS_ADV

# The following tags appear in the NLTK Brown Corpus (?) but are not part of the 
# regular Brown corpus tagset (http://clu.uni.no/icame/brown/bcm.html#bc6)
pct=POS_PUNCT
RB$=POS_ADV
CD$=POS_NUM
NEG=POS_ADV
NNSG=POS_NOUN
NR$=POS_NOUN

*=POS_X