# Brown

__META_SOURCE_URL__=http://clu.uni.no/icame/brown/bcm.html#bc6
__META_TYPE_BASE__=de.tudarmstadt.ukp.dkpro.core.api.lexmorph.type.pos.

# sentence closer (. ; ? !)
.=PUNCT
# left paren
(=X
# right paren
)=X
# not, n't
#*=X
# dash
-=X
# comma
,=X
# colon
\:=X
# pre-qualifier (quite, rather)
ABL=ADV
# pre-quantifier (half, all)
ABN=ADV
# pre-quantifier (both)
ABX=ADV
# post-determiner (many, several, next)
AP=DET
# article (a, the, no)
AT=DET
# be
BE=VERB
# were
BED=VERB
# was
BEDZ=VERB
# being
BEG=VERB
# am
BEM=VERB
# been
BEN=VERB
# are, art
BER=VERB
# is
BEZ=VERB
# coordinating conjunction (and, or)
CC=CONJ
# cardinal numeral (one, two, 2, etc.)
CD=NUM
# subordinating conjunction (if, although)
CS=CONJ
# do
DO=VERB
# did
DOD=VERB
# does
DOZ=VERB
# singular determiner (this, that)
DT=DET
# singular or plural determiner/quantifier (some, any)
DTI=DET
# plural determiner (these, those)
DTS=DET
# determiner/double conjunction (either)
DTX=DET
# existentil there
EX=ADV
# foreign word (hyphenated before regular tag)
FW=X
# word occurring in headline (hyphenated after regular tag)
HL=X
# have
HV=VERB
# had (past tense)
HVD=VERB
# having
HVG=VERB
# had (past participle)
HVN=VERB
# has
HVZ=VERB
# preposition
IN=ADP
# adjective
JJ=ADJ
# comparative adjective
JJR=ADJ
# semantically superlative adjective (chief, top)
JJS=ADJ
# morphologically superlative adjective (biggest)
JJT=ADJ
# modal auxiliary (can, should, will)
MD=VERB
# cited word (hyphenated after regular tag)
NC=X
# singular or mass noun
NN=NOUN
# possessive singular noun
NN$=NOUN
# plural noun
NNS=NOUN
# possessive plural noun
NNS$=NOUN
# proper noun or part of name phrase     
NP=PROPN
# possessive proper noun
NP$=PROPN
# plural proper noun
NPS=PROPN
# possessive plural proper noun
NPS$=PROPN
# adverbial noun (home, today, west)
NR=ADV
# plural adverbial noun
NRS=NOUN
# ordinal numeral (first, 2nd)
OD=NUM
# nominal pronoun (everybody, nothing)
PN=PRON
# possessive nominal pronoun
PN$=PRON
# possessive personal pronoun (my, our)
PP$=PRON
# second (nominal) possessive pronoun (mine, ours)
PP$$=PRON
# singular reflexive/intensive personal pronoun (myself)
PPL=PRON
# plural reflexive/intensive personal pronoun (ourselves)
PPLS=PRON
# objective personal pronoun (me, him, it, them)
PPO=PRON
# 3rd. singular nominative pronoun (he, she, it, one)
PPS=PRON
# other nominative personal pronoun (I, we, they, you)
PPSS=PRON
# qualifier (very, fairly)
QL=ADV
# post-qualifier (enough, indeed)
QLP=ADV
# adverb
RB=ADV
# comparative adverb
RBR=ADV
# superlative adverb
RBT=ADV
# nominal adverb (here then, indoors)
RN=ADV
# adverb/particle (about, off, up)
RP=ADV
# word occurring in title (hyphenated after regular tag)
TL=X
# infinitive marker to
TO=ADP
# interjection, exclamation
UH=PART
# verb, base form
VB=VERB
# verb, past tense
VBD=VERB
# verb, present participle/gerund
VBG=VERB
# verb, past participle
VBN=VERB
# verb, 3rd. singular present
VBZ=VERB
# wh- determiner (what, which)
WDT=DET
# possessive wh- pronoun (whose)
WP$=PRON
# objective wh- pronoun (whom, which, that)
WPO=PRON
# nominative wh- pronoun (who, which, that)
WPS=PRON
# wh- qualifier (how)
WQL=ADV
# wh- adverb (how, where, when)
WRB=ADV

# The following tags appear in the NLTK Brown Corpus (?) but are not part of the 
# regular Brown corpus tagset (http://clu.uni.no/icame/brown/bcm.html#bc6)
pct=PUNCT
RB$=ADV
CD$=NUM
NEG=ADV
NNSG=NOUN
NR$=NOUN

*=X