# Penn Treebank Tagset (TT)
#
# This is the version used by TreeTagger which contains tags not present in the original tagset.

__META_SOURCE_URL__=http://faculty.washington.edu/dillon/GramResources/penntable.html
__META_TYPE_BASE__=de.tudarmstadt.ukp.dkpro.core.api.lexmorph.type.pos.

*=X
,=PUNCT
-=PUNCT
.=PUNCT
;=PUNCT
?=PUNCT
(=PUNCT
)=PUNCT
``=PUNCT
''=PUNCT
\#=PUNCT
-LRB-=PUNCT
-RRB-=PUNCT
# 1.	CC	Coordinating conjunction
CC=CONJ
# 2.	CD	Cardinal number
CD=NUM
# 3.	DT	Determiner
DT=DET
# 4.	EX	Existential there
EX=DET
# 5.	FW	Foreign word
FW=X
# 6.	IN	Preposition or subordinating conjunction
IN=ADP
# 7.	JJ	Adjective
JJ=ADJ
# 8.	JJR	Adjective, comparative
JJR=ADJ
# 9.	JJS	Adjective, superlative
JJS=ADJ
# 10.	LS	List item marker
LS=X
# 11.	MD	Modal
MD=VERB
# 12.	NN	Noun, singular or mass
NN=NOUN
# 13.	NNS	Noun, plural
NNS=NOUN
# 14.	NP	Proper noun, singular
NP=PROPN
NNP=PROPN
# 15.	NPS	Proper noun, plural
NPS=PROPN
NNPS=PROPN
# 16.	PDT	Predeterminer
PDT=DET
# 17.	POS	Possessive ending
POS=X
# 18.	PP	Personal pronoun
PP=PRON
PRP=PRON
# 19.	PP$	Possessive pronoun
PP$=PRON
PRP$=PRON
# 20.	RB	Adverb
RB=ADV
# 21.	RBR	Adverb, comparative	
RBR=ADV
# 22.	RBS	Adverb, superlative
RBS=ADV
# 23.	RP	Particle
RP=ADP
SENT=PUNCT
# 24.	SYM	Symbol
SYM=PUNCT
# 25.	TO	to
TO=ADP
# 26.	UH	Interjection
UH=X
# 27.	VB	Verb (be), base form
VB=VERB
# 28.	VBD	Verb (be), past tense
VBD=VERB
# 29.	VBG	Verb (be), gerund or present participle
VBG=VERB
# 30.	VBN	Verb (be), past participle
VBN=VERB
# 31.	VBP	Verb (be), non-3rd person singular present
VBP=VERB
# 32.	VBZ	Verb (be), 3rd person singular present
VBZ=VERB
#		VH	Verb (have), base form
VH=VERB
#		VHD	Verb (have), past tense
VHD=VERB
#		VHG	Verb (have), gerund or present participle
VHG=VERB
#		VHN	Verb (have), past participle
VHN=VERB
#		VHP	Verb (have), non-3rd person singular present
VHP=VERB
#		VHZ	Verb (have), 3rd person singular present
VHZ=VERB
#		VV	Verb (other verbs), base form
VV=VERB
#		VvD	Verb (other verbs), past tense
VVD=VERB
#		VVG	Verb (other verbs), gerund or present participle
VVG=VERB
#		VVN	Verb (other verbs), past participle
VVN=VERB
#		VVP	Verb (other verbs), non-3rd person singular present
VVP=VERB
#		VVZ	Verb (other verbs), 3rd person singular present
VVZ=VERB
# 33.	WDT	Wh-determiner
WDT=DET
# 34.	WP	Wh-pronoun
WP=PRON
# 35.	WP$	Possessive wh-pronoun
WP$=PRON
# 36.	WRB	Wh-adverb
WRB=ADV
\!=PUNCT
\:=PUNCT
