# Penn Treebank Tagset
#
# Source (PTB 1): http://faculty.washington.edu/dillon/GramResources/penntable.html
# Source (PTB 2): http://www.clips.ua.ac.be/pages/mbsp-tags
# Source: http://repository.upenn.edu/cis_reports/570/

__META_TYPE_BASE__=de.tudarmstadt.ukp.dkpro.core.api.lexmorph.type.pos.

# punctuation mark, comma
,=PUNCT
# punctuation mark, sentence closer
.=PUNCT
# dollar
$=PUNCT
# dash
-=PUNCT
# semi-colon
;=PUNCT
# question mark
?=PUNCT
# exclamation mark
\!=PUNCT
# opening quotes
``=PUNCT
# closing quotes
''=PUNCT
# punctuation mark, colon
\:=PUNCT
# contextual separator, left paren
-LRB-=PUNCT
# contextual separator, left paren
(=PUNCT
# contextual separator, right paren
-RRB-=PUNCT
# contextual separator, right paren
)=PUNCT
\#=PUNCT
# sentence end marker
SENT=PUNCT
# 1.	CC	Coordinating conjunction
CC=CONJ
# 2.	CD	Cardinal number
CD=NUM
# 3.	DT	Determiner
DT=DET
# 4.	EX	Existential there
EX=DET
# 5.	FW	Foreign word
FW=X
# 6.	IN	Preposition or subordinating conjunction
IN=ADP
# 7.	JJ	Adjective
JJ=ADJ
# 8.	JJR	Adjective, comparative
JJR=ADJ
# 9.	JJS	Adjective, superlative
JJS=ADJ
# 10.	LS	List item marker
LS=X
# 11.	MD	Modal
MD=VERB
# 12.	NN	Noun, singular or mass
NN=NOUN
# 13.	NNS	Noun, plural
NNS=NOUN
# 14.	NP	Proper noun, singular (PTB 1)
NP=PROPN
# 14.	NP	Proper noun, singular (PTB 2)
NNP=PROPN
# 15.	NPS	Proper noun, plural (PTB 1)
NPS=PROPN
# 15.	NPS	Proper noun, plural (PTB 2)
NNPS=PROPN
# 16.	PDT	Predeterminer
PDT=DET
# 17.	POS	Possessive ending
POS=X
# 18.	PP	Personal pronoun
PP=PRON
PRP=PRON
# 19.	PP$	Possessive pronoun
PP$=PRON
PRP$=PRON
# 20.	RB	Adverb
RB=ADV
# 21.	RBR	Adverb, comparative	
RBR=ADV
# 22.	RBS	Adverb, superlative
RBS=ADV
# 23.	RP	Particle
RP=ADP
# 24.	SYM	Symbol
SYM=PUNCT
# 25.	TO	to
TO=ADP
# 26.	UH	Interjection
UH=X
# 27.	VB	Verb, base form
VB=VERB
# 28.	VBD	Verb, past tense
VBD=VERB
# 29.	VBG	Verb, gerund or present participle
VBG=VERB
# 30.	VBN	Verb, past participle
VBN=VERB
# 31.	VBP	Verb, non-3rd person singular present
VBP=VERB
# 32.	VBZ	Verb, 3rd person singular present
VBZ=VERB
# 33.	WDT	Wh-determiner
WDT=DET
# 34.	WP	Wh-pronoun
WP=PRON
# 35.	WP$	Possessive wh-pronoun
WP$=PRON
# 36.	WRB	Wh-adverb
WRB=ADV

# Additional tags in ClearNLP models
#
# Source: http://clear.colorado.edu/compsem/documents/treebank_guidelines.pdf
#
# HYPH - unbound hyphen (Warner et al., 2004)
# AFX - unbound affix (Warner et al., 2004)
# GW - mistranscription (Taylor, 1996)
# XX - uninterpretable material (Mott et al., 2009)

*=POS