# Ancora
#
# Spanish Part-of-Speech Tags from the Ancora Corpus
# 

# This list was extracted from the Spanish model used by the Stanford CoreNLP 3.4.1 tagger
# and matched against the official Ancora documentation. It may be incomplete with regards to the
# tags actually used in the corpus.

__META_SOURCE_URL__=http://clic.ub.edu/corpus/webfm_send/18
__META_SOURCE_URL__.1=http://www.lrec-conf.org/proceedings/lrec2008/pdf/35_paper.pdf
__META_TYPE_BASE__=de.tudarmstadt.ukp.dkpro.core.api.lexmorph.type.pos.

# adjective
ao0000=ADJ
aq0000=ADJ
# conjunction
cc=CONJ
cs=CONJ
# determiner
da0000=DET
dd0000=DET
de0000=DET
di0000=DET
dn0000=DET
dp0000=DET
dt0000=DET
# punctuation
f0=PUNCT
faa=PUNCT
fat=PUNCT
fc=PUNCT
fd=PUNCT
fe=PUNCT
fg=PUNCT
fh=PUNCT
fia=PUNCT
fit=PUNCT
fp=PUNCT
fpa=PUNCT
fpt=PUNCT
fs=PUNCT
ft=PUNCT
fx=PUNCT
fz=PUNCT
# interjection
i=X
# common noun
nc00000=NOUN
nc0n000=NOUN
nc0p000=NOUN
nc0s000=NOUN
# proper noun
np00000=PROPN
# pronoun
p0000000=PRON
pd000000=PRON
pe000000=PRON
pi000000=PRON
pn000000=PRON
pp000000=PRON
pr000000=PRON
pt000000=PRON
px000000=PRON
# adverb
rg=ADV
rn=ADV
# preposition
sp000=ADP
# verb
vag0000=VERB
vaic000=VERB
vaif000=VERB
vaii000=VERB
vaip000=VERB
vais000=VERB
vam0000=VERB
van0000=VERB
vap0000=VERB
vasi000=VERB
vasp000=VERB
vmg0000=VERB
vmic000=VERB
vmif000=VERB
vmii000=VERB
vmip000=VERB
vmis000=VERB
vmm0000=VERB
vmn0000=VERB
vmp0000=VERB
vmsi000=VERB
vmsp000=VERB
vsg0000=VERB
vsic000=VERB
vsif000=VERB
vsii000=VERB
vsip000=VERB
vsis000=VERB
vsm0000=VERB
vsn0000=VERB
vsp0000=VERB
vssf000=VERB
vssi000=VERB
vssp000=VERB
# date
w=X
# number
z0=NUM
# number - currency
zm=NUM
zu=NUM

*=POS