# Ancora (IXA)
#
# Spanish Part-of-Speech Tags from the Ancora Corpus
#
# This list was extracted from the Spanish model used by the OpenNLP models from IXA
# and matched against the official Ancora documentation. It may be incomplete with regards to the
# tags actually used in the corpus.

__META_SOURCE_URL__=http://clic.ub.edu/corpus/webfm_send/18
__META_SOURCE_URL__.1=http://www.lrec-conf.org/proceedings/lrec2008/pdf/35_paper.pdf
__META_SOURCE_URL__.2=https://github.com/ixa-ehu/ixa-pipe-pos/blob/master/README.md
__META_TYPE_BASE__=de.tudarmstadt.ukp.dkpro.core.api.lexmorph.type.pos.

A00000=POS_ADJ
AO0FP0=POS_ADJ
AO0FS0=POS_ADJ
AO0MP0=POS_ADJ
AO0MS0=POS_ADJ
AQ0000=POS_ADJ
AQ000P=POS_ADJ
AQ0CC0=POS_ADJ
AQ0CP0=POS_ADJ
AQ0CS0=POS_ADJ
AQ0FP0=POS_ADJ
AQ0FPP=POS_ADJ
AQ0FS0=POS_ADJ
AQ0FSP=POS_ADJ
AQ0MC0=POS_ADJ
AQ0MP0=POS_ADJ
AQ0MPP=POS_ADJ
AQ0MS0=POS_ADJ
AQ0MSP=POS_ADJ
CC=POS_CONJ
CS=POS_CONJ
DA0CC0=POS_DET
DA0CS0=POS_DET
DA0FP0=POS_DET
DA0FS0=POS_DET
DA0MP0=POS_DET
DA0MS0=POS_DET
DD0CP0=POS_DET
DD0CS0=POS_DET
DD0FP0=POS_DET
DD0FS0=POS_DET
DD0MP0=POS_DET
DD0MS0=POS_DET
DE0CC0=POS_DET
DI0CP0=POS_DET
DI0CS0=POS_DET
DI0FP0=POS_DET
DI0FS0=POS_DET
DI0MP0=POS_DET
DI0MS0=POS_DET
DN0CP0=POS_DET
DN0CS0=POS_DET
DN0FP0=POS_DET
DN0FS0=POS_DET
DN0MP0=POS_DET
DN0MS0=POS_DET
DP1CPS=POS_DET
DP1CSS=POS_DET
DP1FPP=POS_DET
DP1FSP=POS_DET
DP1MPP=POS_DET
DP1MSP=POS_DET
DP1MSS=POS_DET
DP2CPS=POS_DET
DP2CSS=POS_DET
DP2FPP=POS_DET
DP2FSP=POS_DET
DP3CP0=POS_DET
DP3CS0=POS_DET
DP3FS0=POS_DET
DP3MP0=POS_DET
DP3MS0=POS_DET
DT0CC0=POS_DET
DT0MP0=POS_DET
DT0MS0=POS_DET
F0=POS_PUNCT
Faa=POS_PUNCT
Fat=POS_PUNCT
Fc=POS_PUNCT
Fd=POS_PUNCT
Fe=POS_PUNCT
Fg=POS_PUNCT
Fh=POS_PUNCT
Fia=POS_PUNCT
Fit=POS_PUNCT
Fp=POS_PUNCT
Fpa=POS_PUNCT
Fpt=POS_PUNCT
Fs=POS_PUNCT
Fx=POS_PUNCT
Fz=POS_PUNCT
I=POS_X
N000000=POS_NOUN
NCCC000=POS_NOUN
NCCP000=POS_NOUN
NCCS000=POS_NOUN
NCF0000=POS_NOUN
NCFC000=POS_NOUN
NCFP000=POS_NOUN
NCFS000=POS_NOUN
NCMC000=POS_NOUN
NCMP000=POS_NOUN
NCMS000=POS_NOUN
NP00000=POS_PROPN
NPCC000=POS_PROPN
P0000000=POS_PRON
P00CC000=POS_PRON
P01CP000=POS_PRON
P01CS000=POS_PRON
P02CS000=POS_PRON
P03CC000=POS_PRON
PD0CP000=POS_PRON
PD0CS000=POS_PRON
PD0FP000=POS_PRON
PD0FS000=POS_PRON
PD0MP000=POS_PRON
PD0MS000=POS_PRON
PE0CC000=POS_PRON
PI0CC000=POS_PRON
PI0CP000=POS_PRON
PI0CS000=POS_PRON
PI0FP000=POS_PRON
PI0FS000=POS_PRON
PI0MP000=POS_PRON
PI0MS000=POS_PRON
PN0CP000=POS_PRON
PN0CS000=POS_PRON
PN0FP000=POS_PRON
PN0FS000=POS_PRON
PN0MP000=POS_PRON
PN0MS000=POS_PRON
PP1CC000=POS_PRON
PP1CP000=POS_PRON
PP1CS000=POS_PRON
PP1CSN00=POS_PRON
PP1CSO00=POS_PRON
PP1FS000=POS_PRON
PP1MP000=POS_PRON
PP2CP000=POS_PRON
PP2CP00P=POS_PRON
PP2CS000=POS_PRON
PP2CS00P=POS_PRON
PP2CSN00=POS_PRON
PP2CSO00=POS_PRON
PP3CC000=POS_PRON
PP3CCA00=POS_PRON
PP3CCO00=POS_PRON
PP3CP000=POS_PRON
PP3CPA00=POS_PRON
PP3CPD00=POS_PRON
PP3CS000=POS_PRON
PP3CSA00=POS_PRON
PP3CSD00=POS_PRON
PP3FP000=POS_PRON
PP3FPA00=POS_PRON
PP3FS000=POS_PRON
PP3FSA00=POS_PRON
PP3MP000=POS_PRON
PP3MPA00=POS_PRON
PP3MS000=POS_PRON
PP3MSA00=POS_PRON
PR000000=POS_PRON
PR0CC000=POS_PRON
PR0CP000=POS_PRON
PR0CS000=POS_PRON
PR0FP000=POS_PRON
PR0FS000=POS_PRON
PR0MP000=POS_PRON
PR0MS000=POS_PRON
PT000000=POS_PRON
PT0CC000=POS_PRON
PT0CP000=POS_PRON
PT0CS000=POS_PRON
PT0FP000=POS_PRON
PT0MP000=POS_PRON
PT0MS000=POS_PRON
PX1FP0P0=POS_PRON
PX1FS0P0=POS_PRON
PX1FS0S0=POS_PRON
PX1MP0P0=POS_PRON
PX1MS0P0=POS_PRON
PX1MS0S0=POS_PRON
PX2FS0S0=POS_PRON
PX2MP000=POS_PRON
PX2MS0S0=POS_PRON
PX3CS000=POS_PRON
PX3FP000=POS_PRON
PX3FS000=POS_PRON
PX3MP000=POS_PRON
PX3MS000=POS_PRON
RG=POS_ADV
RN=POS_ADV
SPCMS=POS_ADP
SPS00=POS_ADP
SPSCC=POS_ADP
VAG0000=POS_VERB
VAIC1P0=POS_VERB
VAIC3P0=POS_VERB
VAIC3S0=POS_VERB
VAIF1P0=POS_VERB
VAIF1S0=POS_VERB
VAIF2S0=POS_VERB
VAIF3P0=POS_VERB
VAIF3S0=POS_VERB
VAII1P0=POS_VERB
VAII1S0=POS_VERB
VAII3P0=POS_VERB
VAII3S0=POS_VERB
VAII3SC=POS_VERB
VAIP1P0=POS_VERB
VAIP1S0=POS_VERB
VAIP2P0=POS_VERB
VAIP2S0=POS_VERB
VAIP3P0=POS_VERB
VAIP3S0=POS_VERB
VAIP3SC=POS_VERB
VAIS3P0=POS_VERB
VAIS3S0=POS_VERB
VAM02S0=POS_VERB
VAM03S0=POS_VERB
VAN0000=POS_VERB
VAN00CC=POS_VERB
VAP00SM=POS_VERB
VASI1P0=POS_VERB
VASI1S0=POS_VERB
VASI3P0=POS_VERB
VASI3S0=POS_VERB
VASP1P0=POS_VERB
VASP1S0=POS_VERB
VASP3P0=POS_VERB
VASP3S0=POS_VERB
VMG0000=POS_VERB
VMIC1P0=POS_VERB
VMIC1S0=POS_VERB
VMIC2S0=POS_VERB
VMIC3P0=POS_VERB
VMIC3S0=POS_VERB
VMIF1P0=POS_VERB
VMIF1S0=POS_VERB
VMIF2S0=POS_VERB
VMIF3P0=POS_VERB
VMIF3S0=POS_VERB
VMII1P0=POS_VERB
VMII1S0=POS_VERB
VMII2P0=POS_VERB
VMII2S0=POS_VERB
VMII3P0=POS_VERB
VMII3S0=POS_VERB
VMIP1P0=POS_VERB
VMIP1S0=POS_VERB
VMIP1SC=POS_VERB
VMIP2P0=POS_VERB
VMIP2S0=POS_VERB
VMIP300=POS_VERB
VMIP3P0=POS_VERB
VMIP3PC=POS_VERB
VMIP3S0=POS_VERB
VMIP3SC=POS_VERB
VMIS1P0=POS_VERB
VMIS1S0=POS_VERB
VMIS2S0=POS_VERB
VMIS3P0=POS_VERB
VMIS3S0=POS_VERB
VMIS3SC=POS_VERB
VMM01P0=POS_VERB
VMM02P0=POS_VERB
VMM02S0=POS_VERB
VMM03P0=POS_VERB
VMM03S0=POS_VERB
VMN0000=POS_VERB
VMN00CC=POS_VERB
VMP00PF=POS_VERB
VMP00PM=POS_VERB
VMP00SF=POS_VERB
VMP00SM=POS_VERB
VMSI1P0=POS_VERB
VMSI1S0=POS_VERB
VMSI3P0=POS_VERB
VMSI3S0=POS_VERB
VMSP1P0=POS_VERB
VMSP1S0=POS_VERB
VMSP2P0=POS_VERB
VMSP2S0=POS_VERB
VMSP3P0=POS_VERB
VMSP3S0=POS_VERB
VSG0000=POS_VERB
VSIC1S0=POS_VERB
VSIC2S0=POS_VERB
VSIC3P0=POS_VERB
VSIC3S0=POS_VERB
VSIF1S0=POS_VERB
VSIF3P0=POS_VERB
VSIF3S0=POS_VERB
VSII1P0=POS_VERB
VSII1S0=POS_VERB
VSII3P0=POS_VERB
VSII3S0=POS_VERB
VSIP1P0=POS_VERB
VSIP1S0=POS_VERB
VSIP2S0=POS_VERB
VSIP3P0=POS_VERB
VSIP3S0=POS_VERB
VSIP3SC=POS_VERB
VSIS1S0=POS_VERB
VSIS3P0=POS_VERB
VSIS3S0=POS_VERB
VSM02S0=POS_VERB
VSM03S0=POS_VERB
VSN0000=POS_VERB
VSP00SM=POS_VERB
VSSI3P0=POS_VERB
VSSI3S0=POS_VERB
VSSP1P0=POS_VERB
VSSP1S0=POS_VERB
VSSP2S0=POS_VERB
VSSP3P0=POS_VERB
VSSP3S0=POS_VERB
W=POS_X
Z=POS_NUM
Zm=POS_NUM
Zp=POS_NUM
default=POS_X
*=POS
