# Ancora (IXA)
#
# Spanish Part-of-Speech Tags from the Ancora Corpus
#
# This list was extracted from the Spanish model used by the OpenNLP models from IXA
# and matched against the official Ancora documentation. It may be incomplete with regards to the
# tags actually used in the corpus.

__META_SOURCE_URL__=http://clic.ub.edu/corpus/webfm_send/18
__META_SOURCE_URL__.1=http://www.lrec-conf.org/proceedings/lrec2008/pdf/35_paper.pdf
__META_SOURCE_URL__.2=https://github.com/ixa-ehu/ixa-pipe-pos/blob/master/README.md
__META_TYPE_BASE__=de.tudarmstadt.ukp.dkpro.core.api.lexmorph.type.pos.

A00000=ADJ
AO0FP0=ADJ
AO0FS0=ADJ
AO0MP0=ADJ
AO0MS0=ADJ
AQ0000=ADJ
AQ000P=ADJ
AQ0CC0=ADJ
AQ0CP0=ADJ
AQ0CS0=ADJ
AQ0FP0=ADJ
AQ0FPP=ADJ
AQ0FS0=ADJ
AQ0FSP=ADJ
AQ0MC0=ADJ
AQ0MP0=ADJ
AQ0MPP=ADJ
AQ0MS0=ADJ
AQ0MSP=ADJ
CC=CONJ
CS=CONJ
DA0CC0=ART
DA0CS0=ART
DA0FP0=ART
DA0FS0=ART
DA0MP0=ART
DA0MS0=ART
DD0CP0=ART
DD0CS0=ART
DD0FP0=ART
DD0FS0=ART
DD0MP0=ART
DD0MS0=ART
DE0CC0=ART
DI0CP0=ART
DI0CS0=ART
DI0FP0=ART
DI0FS0=ART
DI0MP0=ART
DI0MS0=ART
DN0CP0=ART
DN0CS0=ART
DN0FP0=ART
DN0FS0=ART
DN0MP0=ART
DN0MS0=ART
DP1CPS=ART
DP1CSS=ART
DP1FPP=ART
DP1FSP=ART
DP1MPP=ART
DP1MSP=ART
DP1MSS=ART
DP2CPS=ART
DP2CSS=ART
DP2FPP=ART
DP2FSP=ART
DP3CP0=ART
DP3CS0=ART
DP3FS0=ART
DP3MP0=ART
DP3MS0=ART
DT0CC0=ART
DT0MP0=ART
DT0MS0=ART
F0=PUNC
Faa=PUNC
Fat=PUNC
Fc=PUNC
Fd=PUNC
Fe=PUNC
Fg=PUNC
Fh=PUNC
Fia=PUNC
Fit=PUNC
Fp=PUNC
Fpa=PUNC
Fpt=PUNC
Fs=PUNC
Fx=PUNC
Fz=PUNC
I=O
N000000=NN
NCCC000=NN
NCCP000=NN
NCCS000=NN
NCF0000=NN
NCFC000=NN
NCFP000=NN
NCFS000=NN
NCMC000=NN
NCMP000=NN
NCMS000=NN
NP00000=NP
NPCC000=NP
P0000000=PR
P00CC000=PR
P01CP000=PR
P01CS000=PR
P02CS000=PR
P03CC000=PR
PD0CP000=PR
PD0CS000=PR
PD0FP000=PR
PD0FS000=PR
PD0MP000=PR
PD0MS000=PR
PE0CC000=PR
PI0CC000=PR
PI0CP000=PR
PI0CS000=PR
PI0FP000=PR
PI0FS000=PR
PI0MP000=PR
PI0MS000=PR
PN0CP000=PR
PN0CS000=PR
PN0FP000=PR
PN0FS000=PR
PN0MP000=PR
PN0MS000=PR
PP1CC000=PR
PP1CP000=PR
PP1CS000=PR
PP1CSN00=PR
PP1CSO00=PR
PP1FS000=PR
PP1MP000=PR
PP2CP000=PR
PP2CP00P=PR
PP2CS000=PR
PP2CS00P=PR
PP2CSN00=PR
PP2CSO00=PR
PP3CC000=PR
PP3CCA00=PR
PP3CCO00=PR
PP3CP000=PR
PP3CPA00=PR
PP3CPD00=PR
PP3CS000=PR
PP3CSA00=PR
PP3CSD00=PR
PP3FP000=PR
PP3FPA00=PR
PP3FS000=PR
PP3FSA00=PR
PP3MP000=PR
PP3MPA00=PR
PP3MS000=PR
PP3MSA00=PR
PR000000=PR
PR0CC000=PR
PR0CP000=PR
PR0CS000=PR
PR0FP000=PR
PR0FS000=PR
PR0MP000=PR
PR0MS000=PR
PT000000=PR
PT0CC000=PR
PT0CP000=PR
PT0CS000=PR
PT0FP000=PR
PT0MP000=PR
PT0MS000=PR
PX1FP0P0=PR
PX1FS0P0=PR
PX1FS0S0=PR
PX1MP0P0=PR
PX1MS0P0=PR
PX1MS0S0=PR
PX2FS0S0=PR
PX2MP000=PR
PX2MS0S0=PR
PX3CS000=PR
PX3FP000=PR
PX3FS000=PR
PX3MP000=PR
PX3MS000=PR
RG=ADV
RN=ADV
SPCMS=PP
SPS00=PP
SPSCC=PP
VAG0000=V
VAIC1P0=V
VAIC3P0=V
VAIC3S0=V
VAIF1P0=V
VAIF1S0=V
VAIF2S0=V
VAIF3P0=V
VAIF3S0=V
VAII1P0=V
VAII1S0=V
VAII3P0=V
VAII3S0=V
VAII3SC=V
VAIP1P0=V
VAIP1S0=V
VAIP2P0=V
VAIP2S0=V
VAIP3P0=V
VAIP3S0=V
VAIP3SC=V
VAIS3P0=V
VAIS3S0=V
VAM02S0=V
VAM03S0=V
VAN0000=V
VAN00CC=V
VAP00SM=V
VASI1P0=V
VASI1S0=V
VASI3P0=V
VASI3S0=V
VASP1P0=V
VASP1S0=V
VASP3P0=V
VASP3S0=V
VMG0000=V
VMIC1P0=V
VMIC1S0=V
VMIC2S0=V
VMIC3P0=V
VMIC3S0=V
VMIF1P0=V
VMIF1S0=V
VMIF2S0=V
VMIF3P0=V
VMIF3S0=V
VMII1P0=V
VMII1S0=V
VMII2P0=V
VMII2S0=V
VMII3P0=V
VMII3S0=V
VMIP1P0=V
VMIP1S0=V
VMIP1SC=V
VMIP2P0=V
VMIP2S0=V
VMIP300=V
VMIP3P0=V
VMIP3PC=V
VMIP3S0=V
VMIP3SC=V
VMIS1P0=V
VMIS1S0=V
VMIS2S0=V
VMIS3P0=V
VMIS3S0=V
VMIS3SC=V
VMM01P0=V
VMM02P0=V
VMM02S0=V
VMM03P0=V
VMM03S0=V
VMN0000=V
VMN00CC=V
VMP00PF=V
VMP00PM=V
VMP00SF=V
VMP00SM=V
VMSI1P0=V
VMSI1S0=V
VMSI3P0=V
VMSI3S0=V
VMSP1P0=V
VMSP1S0=V
VMSP2P0=V
VMSP2S0=V
VMSP3P0=V
VMSP3S0=V
VSG0000=V
VSIC1S0=V
VSIC2S0=V
VSIC3P0=V
VSIC3S0=V
VSIF1S0=V
VSIF3P0=V
VSIF3S0=V
VSII1P0=V
VSII1S0=V
VSII3P0=V
VSII3S0=V
VSIP1P0=V
VSIP1S0=V
VSIP2S0=V
VSIP3P0=V
VSIP3S0=V
VSIP3SC=V
VSIS1S0=V
VSIS3P0=V
VSIS3S0=V
VSM02S0=V
VSM03S0=V
VSN0000=V
VSP00SM=V
VSSI3P0=V
VSSI3S0=V
VSSP1P0=V
VSSP1S0=V
VSSP2S0=V
VSSP3P0=V
VSSP3S0=V
W=O
Z=CARD
Zm=CARD
Zp=CARD
default=O
*=POS
