# Parole (reduced)
#
# Parole Reduced Tagset

__META_SOURCE_URL__=http://www.lsi.upc.edu/~nlp/SVMTool/parole.html
__META_TYPE_BASE__=de.tudarmstadt.ukp.dkpro.core.api.lexmorph.type.pos.

# AO	Adjective, Ordinal
AO=ADJ
# AQ	Adjective, Qualificator
AQ=ADJ
# CC	Conjunction, Coordinate
CC=CONJ
# CS	Conjunction, Subordinative
CS=CONJ
# DA	Determiner, Article
DA=DET
# DD	Determiner, Demonstrative
DD=DET
# DE	Determiner, Exclamatory
DE=DET
# DI	Determiner, Indefinite
DI=DET
# DN	Determiner, Numeral
DN=DET
# DP	Determiner, Possessive
DP=DET
# DT	Determiner, Interrogative
DT=DET
# Faa	Punctuation, ¡
Faa=PUNCT
# Fat	Punctuation, !
Fat=PUNCT
# Fc	Punctuation, , 
Fc=PUNCT
# Fd	Punctuation, :
Fd=PUNCT
# Fe	Punctuation, "
Fe=PUNCT
# Fg	Punctuation, -
Fg=PUNCT
# Fh	Punctuation, /
Fh=PUNCT
# Fia	Punctuation, ¿
Fia=PUNCT
# Fit	Punctuation, ?
Fit=PUNCT
# Fp	Punctuation, .
Fp=PUNCT
# Fpa	Punctuation, (
Fpa=PUNCT
# Fpt	Punctuation, )
Fpt=PUNCT
# Fs	Punctuation, ...
Fs=PUNCT
# Fx	Punctuation, ;
Fx=PUNCT
# Fz	Punctuation, other than those
Fz=PUNCT
# I	Interjection
I=X
# NC	Noun, Common
NC=NOUN
# NP	Noun, Proper
NP=PROPN
# P0	Pronoun, Clitic
P0=PRON
# PD	Pronoun, Demonstrative#
PD=PRON
# PE	Pronoun, Exclamatory
PE=PRON
# PI	Pronoun, Indefinite
PI=PRON
# PN	Pronoun, Numeral
PN=PRON
# PP	Pronoun, Personal
PP=PRON
# PR	Pronoun, Relative
PR=PRON
# PT	Pronoun, Interrogative
PT=PRON
# PX	Pronoun, Possessive
PX=PRON
# RG	Adverb, General
RG=ADV
# RN	Adverb, Negative
RN=ADV
# SP	Adposition, Preposition
SP=ADP
# VAG	Verb, Auxiliar, Gerund
VAG=VERB
# VAI	Verb, Auxiliar, Indicative
VAI=VERB
# VAM	Verb, Auxiliar, Imperative
VAM=VERB
# VAN	Verb, Auxiliar, Infinitive
VAN=VERB
# VAP	Verb, Auxiliar, Participle
VAP=VERB
# VAS	Verb, Auxiliar, Subjunctive
VAS=VERB
# VMG	Verb, Main, Gerund
VMG=VERB
# VMI	Verb, Main, Indicative
VMI=VERB
# VMM	Verb, Main, Imperative
VMM=VERB
# VMN	Verb, Main, Infinitive
VMN=VERB
# VMP	Verb, Main, Participle
VMP=VERB
# VMS	Verb, Main, Subjunctive
VMS=VERB
# VSG	Verb, Semi-Auxiliar, Gerund
VSG=VERB
# VSI	Verb, Semi-Auxiliar, Indicative
VSI=VERB
# VSM	Verb, Semi-Auxiliar, Imperative
VSM=VERB
# VSN	Verb, Semi-Auxiliar, Infinitive
VSN=VERB
# VSP	Verb, Semi-Auxiliar, Participle
VSP=VERB
# VSS	Verb, Semi-Auxiliar, Subjunctive
VSS=VERB
# W	Date Times
W=X
# X	Unknown
X=X
# Y	Abbreviation
Y=X
# Z	Figures
Z=NUM
# Zm	Currency
Zm=NUM
# Zp	Percentage
Zp=NUM

*=POS