# Tartu
#
# Estonian POS tagset

__META_SOURCE_URL__=http://www.cl.ut.ee/korpused/morfliides/seletus
__META_TYPE_BASE__=de.tudarmstadt.ukp.dkpro.core.api.lexmorph.type.pos.

S.com.?=POS_NOUN
S.com.sg.nom=POS_NOUN
S.com.sg.gen=POS_NOUN
S.com.sg.part=POS_NOUN
S.com.sg.ill=POS_NOUN
S.com.sg.in=POS_NOUN
S.com.sg.el=POS_NOUN
S.com.sg.all=POS_NOUN
S.com.sg.ad=POS_NOUN
S.com.sg.abl=POS_NOUN
S.com.sg.tr=POS_NOUN
S.com.sg.term=POS_NOUN
S.com.sg.es=POS_NOUN
S.com.sg.abes=POS_NOUN
S.com.sg.kom=POS_NOUN
S.com.sg.adit=POS_NOUN
S.com.pl.nom=POS_NOUN
S.com.pl.gen=POS_NOUN
S.com.pl.part=POS_NOUN
S.com.pl.ill=POS_NOUN
S.com.pl.in=POS_NOUN
S.com.pl.el=POS_NOUN
S.com.pl.all=POS_NOUN
S.com.pl.ad=POS_NOUN
S.com.pl.abl=POS_NOUN
S.com.pl.tr=POS_NOUN
S.com.pl.term=POS_NOUN
S.com.pl.es=POS_NOUN
S.com.pl.abes=POS_NOUN
S.com.pl.kom=POS_NOUN
S.prop.?=POS_PROPN
S.prop.sg.nom=POS_PROPN
S.prop.sg.gen=POS_PROPN
S.prop.sg.part=POS_PROPN
S.prop.sg.ill=POS_PROPN
S.prop.sg.in=POS_PROPN
S.prop.sg.el=POS_PROPN
S.prop.sg.all=POS_PROPN
S.prop.sg.ad=POS_PROPN
S.prop.sg.abl=POS_PROPN
S.prop.sg.tr=POS_PROPN
S.prop.sg.term=POS_PROPN
S.prop.sg.es=POS_PROPN
S.prop.sg.abes=POS_PROPN
S.prop.sg.kom=POS_PROPN
S.prop.sg.adit=POS_PROPN
S.prop.pl.nom=POS_PROPN
S.prop.pl.gen=POS_PROPN
S.prop.pl.part=POS_PROPN
S.prop.pl.ill=POS_PROPN
S.prop.pl.in=POS_PROPN
S.prop.pl.el=POS_PROPN
S.prop.pl.all=POS_PROPN
S.prop.pl.ad=POS_PROPN
S.prop.pl.abl=POS_PROPN
S.prop.pl.tr=POS_PROPN
S.prop.pl.term=POS_PROPN
S.prop.pl.es=POS_PROPN
S.prop.pl.abes=POS_PROPN
S.prop.pl.kom=POS_PROPN
V.main.af=POS_VERB
V.main.indic.pres.ps1.sg.ps.af=POS_VERB
V.main.indic.pres.ps2.sg.ps.af=POS_VERB
V.main.indic.pres.ps3.sg.ps.af=POS_VERB
V.main.indic.pres.ps1.pl.ps.af=POS_VERB
V.main.indic.pres.ps2.pl.ps.af=POS_VERB
V.main.indic.pres.ps3.pl.ps.af=POS_VERB
V.main.indic.pres.ps.neg=POS_VERB
V.main.indic.pres.imps.af=POS_VERB
V.main.indic.pres.imps.neg=POS_VERB
V.main.indic.impf.ps1.sg.ps.af=POS_VERB
V.main.indic.impf.ps2.sg.ps.af=POS_VERB
V.main.indic.impf.ps3.sg.ps.af=POS_VERB
V.main.indic.impf.ps1.pl.ps.af=POS_VERB
V.main.indic.impf.ps2.pl.ps.af=POS_VERB
V.main.indic.impf.ps3.pl.ps.af=POS_VERB
V.main.indic.impf.ps.neg=POS_VERB
V.main.indic.impf.imps.af=POS_VERB
V.main.imper.pres.ps2.sg.ps.af=POS_VERB
V.main.imper.pres.ps2.sg.ps.neg=POS_VERB
V.main.indic.pres.ps.neg=POS_VERB
V.main.imper.pres.ps3.sg.ps.af=POS_VERB
V.main.imper.pres.ps1.pl.ps.af=POS_VERB
V.main.imper.pres.ps2.pl.ps.af=POS_VERB
V.main.imper.pres.ps3.pl.ps.af=POS_VERB
V.main.imper.pres.imps.af=POS_VERB
V.main.imper.pres.ps3.sg.ps.neg=POS_VERB
V.main.imper.pres.ps1.pl.ps.neg=POS_VERB
V.main.imper.pres.ps2.pl.ps.neg=POS_VERB
V.main.imper.pres.ps3.pl.ps.neg=POS_VERB
V.main.imper.pres.imps.neg=POS_VERB
V.main.cond.pres.ps1.sg.ps.af=POS_VERB
V.main.cond.pres.ps2.sg.ps.af=POS_VERB
V.main.cond.pres.ps1.sg.ps.af=POS_VERB
V.main.cond.pres.ps2.sg.ps.af=POS_VERB
V.main.cond.pres.ps3.sg.ps.af=POS_VERB
V.main.cond.pres.ps1.pl.ps.af=POS_VERB
V.main.cond.pres.ps2.pl.ps.af=POS_VERB
V.main.cond.pres.ps3.pl.ps.af=POS_VERB
V.main.cond.pres.ps1.pl.ps.af=POS_VERB
V.main.cond.pres.ps2.pl.ps.af=POS_VERB
V.main.cond.pres.ps3.pl.ps.af=POS_VERB
V.main.cond.pres.ps.neg=POS_VERB
V.main.cond.pres.ps.neg=POS_VERB
V.main.cond.pres.imps.af=POS_VERB
V.main.cond.past.ps1.sg.ps.af=POS_VERB
V.main.cond.past.ps2.sg.ps.af=POS_VERB
V.main.cond.past.ps1.sg.ps.af=POS_VERB
V.main.cond.past.ps2.sg.ps.af=POS_VERB
V.main.cond.past.ps3.sg.ps.af=POS_VERB
V.main.cond.past.ps1.pl.ps.af=POS_VERB
V.main.cond.past.ps2.pl.ps.af=POS_VERB
V.main.cond.past.ps3.pl.ps.af=POS_VERB
V.main.cond.past.ps1.pl.ps.af=POS_VERB
V.main.cond.past.ps2.pl.ps.af=POS_VERB
V.main.cond.past.ps3.pl.ps.af=POS_VERB
V.main.cond.past.ps.neg=POS_VERB
V.main.cond.past.ps.neg=POS_VERB
V.main.cond.past.imps.af=POS_VERB
V.main.cond.pres.imps.neg=POS_VERB
V.main.cond.past.imps.neg=POS_VERB
V.main.inf=POS_VERB
V.main.partic.pres.ps=POS_VERB
V.main.partic.pres.imps=POS_VERB
V.main.partic.past.ps=POS_VERB
V.main.partic.past.imps=POS_VERB
V.main.indic.impf.ps.neg=POS_VERB
V.main.indic.impf.imps.neg=POS_VERB
V.main.ger=POS_VERB
V.main.sup.ps.ill=POS_VERB
V.main.sup.ps.in=POS_VERB
V.main.sup.ps.el=POS_VERB
V.main.sup.ps.tr=POS_VERB
V.main.sup.ps.abes=POS_VERB
V.main.sup.imps=POS_VERB
V.main.quot.pres.ps.af=POS_VERB
V.main.quot.pres.ps.neg=POS_VERB
V.main.quot.pres.imps.af=POS_VERB
V.main.quot.past.ps.af=POS_VERB
V.main.quot.past.imps.af=POS_VERB
V.main.quot.pres.ps.neg=POS_VERB
V.main.quot.pres.imps.neg=POS_VERB
V.main.quot.past.ps.neg=POS_VERB
V.main.quot.past.imps.neg=POS_VERB
V.aux.indic.pres.ps1.sg.ps.af=POS_VERB
V.aux.indic.pres.ps2.sg.ps.af=POS_VERB
V.aux.indic.pres.ps3.sg.ps.af=POS_VERB
V.aux.indic.pres.ps1.pl.ps.af=POS_VERB
V.aux.indic.pres.ps2.pl.ps.af=POS_VERB
V.aux.indic.pres.ps3.pl.ps.af=POS_VERB
V.aux.indic.pres.ps.neg=POS_VERB
V.aux.indic.pres.imps.af=POS_VERB
V.aux.indic.pres.imps.neg=POS_VERB
V.aux.indic.impf.ps1.sg.ps.af=POS_VERB
V.aux.indic.impf.ps2.sg.ps.af=POS_VERB
V.aux.indic.impf.ps3.sg.ps.af=POS_VERB
V.aux.indic.impf.ps1.pl.ps.af=POS_VERB
V.aux.indic.impf.ps2.pl.ps.af=POS_VERB
V.aux.indic.impf.ps3.pl.ps.af=POS_VERB
V.aux.indic.impf.ps.neg=POS_VERB
V.aux.indic.impf.imps.af=POS_VERB
V.aux.imper.pres.ps2.sg.ps.af=POS_VERB
V.aux.imper.pres.ps2.sg.ps.neg=POS_VERB
V.aux.indic.pres.ps.neg=POS_VERB
V.aux.imper.pres.ps3.sg.ps.af=POS_VERB
V.aux.imper.pres.ps1.pl.ps.af=POS_VERB
V.aux.imper.pres.ps2.pl.ps.af=POS_VERB
V.aux.imper.pres.ps3.pl.ps.af=POS_VERB
V.aux.imper.pres.imps.af=POS_VERB
V.aux.imper.pres.ps3.sg.ps.neg=POS_VERB
V.aux.imper.pres.ps1.pl.ps.neg=POS_VERB
V.aux.imper.pres.ps2.pl.ps.neg=POS_VERB
V.aux.imper.pres.ps3.pl.ps.neg=POS_VERB
V.aux.imper.pres.imps.neg=POS_VERB
V.aux.imper.pres.imps.neg=POS_VERB
V.aux.imper.pres.ps2.sg.ps.neg=POS_VERB
V.aux.imper.pres.ps3.sg.ps.neg=POS_VERB
V.aux.imper.pres.ps1.pl.ps.neg=POS_VERB
V.aux.imper.pres.ps2.pl.ps.neg=POS_VERB
V.aux.imper.pres.ps3.pl.ps.neg=POS_VERB
V.aux.cond.pres.ps1.sg.ps.af=POS_VERB
V.aux.cond.pres.ps2.sg.ps.af=POS_VERB
V.aux.cond.pres.ps1.sg.ps.af=POS_VERB
V.aux.cond.pres.ps2.sg.ps.af=POS_VERB
V.aux.cond.pres.ps3.sg.ps.af=POS_VERB
V.aux.cond.pres.ps1.pl.ps.af=POS_VERB
V.aux.cond.pres.ps2.pl.ps.af=POS_VERB
V.aux.cond.pres.ps3.pl.ps.af=POS_VERB
V.aux.cond.pres.ps1.pl.ps.af=POS_VERB
V.aux.cond.pres.ps2.pl.ps.af=POS_VERB
V.aux.cond.pres.ps3.pl.ps.af=POS_VERB
V.aux.cond.pres.ps.neg=POS_VERB
V.aux.cond.pres.ps.neg=POS_VERB
V.aux.cond.pres.imps.af=POS_VERB
V.aux.cond.past.ps1.sg.ps.af=POS_VERB
V.aux.cond.past.ps2.sg.ps.af=POS_VERB
V.aux.cond.past.ps1.sg.ps.af=POS_VERB
V.aux.cond.past.ps2.sg.ps.af=POS_VERB
V.aux.cond.past.ps3.sg.ps.af=POS_VERB
V.aux.cond.past.ps1.pl.ps.af=POS_VERB
V.aux.cond.past.ps2.pl.ps.af=POS_VERB
V.aux.cond.past.ps3.pl.ps.af=POS_VERB
V.aux.cond.past.ps1.pl.ps.af=POS_VERB
V.aux.cond.past.ps2.pl.ps.af=POS_VERB
V.aux.cond.past.ps3.pl.ps.af=POS_VERB
V.aux.cond.past.ps.neg=POS_VERB
V.aux.cond.past.ps.neg=POS_VERB
V.aux.cond.past.imps.af=POS_VERB
V.aux.cond.pres.imps.neg=POS_VERB
V.aux.cond.past.imps.neg=POS_VERB
V.aux.inf=POS_VERB
V.aux.partic.pres.ps=POS_VERB
V.aux.partic.pres.imps=POS_VERB
V.aux.partic.past.ps=POS_VERB
V.aux.partic.past.imps=POS_VERB
V.aux.indic.impf.ps.neg=POS_VERB
V.aux.indic.impf.imps.neg=POS_VERB
V.aux.ger=POS_VERB
V.aux.sup.ps.ill=POS_VERB
V.aux.sup.ps.in=POS_VERB
V.aux.sup.ps.el=POS_VERB
V.aux.sup.ps.tr=POS_VERB
V.aux.sup.ps.abes=POS_VERB
V.aux.sup.imps=POS_VERB
V.aux.quot.pres.ps.af=POS_VERB
V.aux.quot.pres.ps.neg=POS_VERB
V.aux.quot.pres.imps.af=POS_VERB
V.aux.quot.past.ps.af=POS_VERB
V.aux.quot.past.imps.af=POS_VERB
V.aux.quot.pres.ps.neg=POS_VERB
V.aux.quot.pres.imps.neg=POS_VERB
V.aux.quot.past.ps.neg=POS_VERB
V.aux.quot.past.imps.neg=POS_VERB
V.aux.neg=POS_VERB
V.mod.indic.pres.ps1.sg.ps.af=POS_VERB
V.mod.indic.pres.ps2.sg.ps.af=POS_VERB
V.mod.indic.pres.ps3.sg.ps.af=POS_VERB
V.mod.indic.pres.ps1.pl.ps.af=POS_VERB
V.mod.indic.pres.ps2.pl.ps.af=POS_VERB
V.mod.indic.pres.ps3.pl.ps.af=POS_VERB
V.mod.indic.pres.imps.af=POS_VERB
V.mod.indic.pres.imps.neg=POS_VERB
V.mod.indic.impf.ps1.sg.ps.af=POS_VERB
V.mod.indic.impf.ps2.sg.ps.af=POS_VERB
V.mod.indic.impf.ps3.sg.ps.af=POS_VERB
V.mod.indic.impf.ps1.pl.ps.af=POS_VERB
V.mod.indic.impf.ps2.pl.ps.af=POS_VERB
V.mod.indic.impf.ps3.pl.ps.af=POS_VERB
V.mod.indic.impf.imps.af=POS_VERB
V.mod.imper.pres.ps2.sg.ps.af=POS_VERB
V.mod.imper.pres.ps2.sg.ps.neg=POS_VERB
V.mod.indic.pres.ps.neg=POS_VERB
V.mod.imper.pres.ps3.sg.ps.af=POS_VERB
V.mod.imper.pres.ps1.pl.ps.af=POS_VERB
V.mod.imper.pres.ps2.pl.ps.af=POS_VERB
V.mod.imper.pres.ps3.pl.ps.af=POS_VERB
V.mod.imper.pres.imps.af=POS_VERB
V.mod.imper.pres.ps3.sg.ps.neg=POS_VERB
V.mod.imper.pres.ps1.pl.ps.neg=POS_VERB
V.mod.imper.pres.ps2.pl.ps.neg=POS_VERB
V.mod.imper.pres.ps3.pl.ps.neg=POS_VERB
V.mod.imper.pres.imps.neg=POS_VERB
V.mod.cond.pres.ps1.sg.ps.af=POS_VERB
V.mod.cond.pres.ps2.sg.ps.af=POS_VERB
V.mod.cond.pres.ps1.sg.ps.af=POS_VERB
V.mod.cond.pres.ps2.sg.ps.af=POS_VERB
V.mod.cond.pres.ps3.sg.ps.af=POS_VERB
V.mod.cond.pres.ps1.pl.ps.af=POS_VERB
V.mod.cond.pres.ps2.pl.ps.af=POS_VERB
V.mod.cond.pres.ps3.pl.ps.af=POS_VERB
V.mod.cond.pres.ps1.pl.ps.af=POS_VERB
V.mod.cond.pres.ps2.pl.ps.af=POS_VERB
V.mod.cond.pres.ps3.pl.ps.af=POS_VERB
V.mod.cond.pres.ps.neg=POS_VERB
V.mod.cond.pres.imps.af=POS_VERB
V.mod.cond.past.ps1.sg.ps.af=POS_VERB
V.mod.cond.past.ps2.sg.ps.af=POS_VERB
V.mod.cond.past.ps1.sg.ps.af=POS_VERB
V.mod.cond.past.ps2.sg.ps.af=POS_VERB
V.mod.cond.past.ps3.sg.ps.af=POS_VERB
V.mod.cond.past.ps1.pl.ps.af=POS_VERB
V.mod.cond.past.ps2.pl.ps.af=POS_VERB
V.mod.cond.past.ps3.pl.ps.af=POS_VERB
V.mod.cond.past.ps1.pl.ps.af=POS_VERB
V.mod.cond.past.ps2.pl.ps.af=POS_VERB
V.mod.cond.past.ps3.pl.ps.af=POS_VERB
V.mod.cond.past.ps.neg=POS_VERB
V.mod.cond.past.imps.af=POS_VERB
V.mod.cond.pres.imps.neg=POS_VERB
V.mod.cond.past.imps.neg=POS_VERB
V.mod.inf=POS_VERB
V.mod.partic.pres.ps=POS_VERB
V.mod.partic.pres.imps=POS_VERB
V.mod.partic.past.ps=POS_VERB
V.mod.partic.past.imps=POS_VERB
V.mod.indic.impf.ps.neg=POS_VERB
V.mod.indic.impf.imps.neg=POS_VERB
V.mod.ger=POS_VERB
V.mod.sup.ps.ill=POS_VERB
V.mod.sup.ps.in=POS_VERB
V.mod.sup.ps.el=POS_VERB
V.mod.sup.ps.tr=POS_VERB
V.mod.sup.ps.abes=POS_VERB
V.mod.sup.imps=POS_VERB
V.mod.quot.pres.ps.af=POS_VERB
V.mod.quot.pres.imps.af=POS_VERB
V.mod.quot.past.ps.af=POS_VERB
V.mod.quot.past.imps.af=POS_VERB
V.mod.quot.pres.ps.neg=POS_VERB
V.mod.quot.pres.imps.neg=POS_VERB
V.mod.quot.past.ps.neg=POS_VERB
V.mod.quot.past.imps.neg=POS_VERB
A.pos=POS_ADJ
A.pos.A?=POS_ADJ
A.pos.Asg.nom=POS_ADJ
A.pos.Asg.gen=POS_ADJ
A.pos.Asg.part=POS_ADJ
A.pos.Asg.ill=POS_ADJ
A.pos.Asg.in=POS_ADJ
A.pos.Asg.el=POS_ADJ
A.pos.Asg.all=POS_ADJ
A.pos.Asg.ad=POS_ADJ
A.pos.Asg.abl=POS_ADJ
A.pos.Asg.tr=POS_ADJ
A.pos.Asg.term=POS_ADJ
A.pos.Asg.es=POS_ADJ
A.pos.Asg.abes=POS_ADJ
A.pos.Asg.kom=POS_ADJ
A.pos.Asg.adit=POS_ADJ
A.pos.Apl.nom=POS_ADJ
A.pos.Apl.gen=POS_ADJ
A.pos.Apl.part=POS_ADJ
A.pos.Apl.ill=POS_ADJ
A.pos.Apl.in=POS_ADJ
A.pos.Apl.el=POS_ADJ
A.pos.Apl.all=POS_ADJ
A.pos.Apl.ad=POS_ADJ
A.pos.Apl.abl=POS_ADJ
A.pos.Apl.tr=POS_ADJ
A.pos.Apl.term=POS_ADJ
A.pos.Apl.es=POS_ADJ
A.pos.Apl.abes=POS_ADJ
A.pos.Apl.kom=POS_ADJ
A.comp.sg.nom=POS_ADJ
A.comp.sg.gen=POS_ADJ
A.comp.sg.part=POS_ADJ
A.comp.sg.ill=POS_ADJ
A.comp.sg.in=POS_ADJ
A.comp.sg.el=POS_ADJ
A.comp.sg.all=POS_ADJ
A.comp.sg.ad=POS_ADJ
A.comp.sg.abl=POS_ADJ
A.comp.sg.tr=POS_ADJ
A.comp.sg.term=POS_ADJ
A.comp.sg.es=POS_ADJ
A.comp.sg.abes=POS_ADJ
A.comp.sg.kom=POS_ADJ
A.comp.pl.nom=POS_ADJ
A.comp.pl.gen=POS_ADJ
A.comp.pl.part=POS_ADJ
A.comp.pl.ill=POS_ADJ
A.comp.pl.in=POS_ADJ
A.comp.pl.el=POS_ADJ
A.comp.pl.all=POS_ADJ
A.comp.pl.ad=POS_ADJ
A.comp.pl.abl=POS_ADJ
A.comp.pl.tr=POS_ADJ
A.comp.pl.term=POS_ADJ
A.comp.pl.es=POS_ADJ
A.comp.pl.abes=POS_ADJ
A.comp.pl.kom=POS_ADJ
A.super.sg.nom=POS_ADJ
A.super.sg.gen=POS_ADJ
A.super.sg.part=POS_ADJ
A.super.sg.ill=POS_ADJ
A.super.sg.in=POS_ADJ
A.super.sg.el=POS_ADJ
A.super.sg.all=POS_ADJ
A.super.sg.ad=POS_ADJ
A.super.sg.abl=POS_ADJ
A.super.sg.tr=POS_ADJ
A.super.sg.term=POS_ADJ
A.super.sg.es=POS_ADJ
A.super.sg.abes=POS_ADJ
A.super.sg.kom=POS_ADJ
A.super.pl.nom=POS_ADJ
A.super.pl.gen=POS_ADJ
A.super.pl.part=POS_ADJ
A.super.pl.ill=POS_ADJ
A.super.pl.in=POS_ADJ
A.super.pl.el=POS_ADJ
A.super.pl.all=POS_ADJ
A.super.pl.ad=POS_ADJ
A.super.pl.abl=POS_ADJ
A.super.pl.tr=POS_ADJ
A.super.pl.term=POS_ADJ
A.super.pl.es=POS_ADJ
A.super.pl.abes=POS_ADJ
A.super.pl.kom=POS_ADJ
G=POS_ADJ
P=POS_PRON
P.sg.nom=POS_PRON
P.sg.gen=POS_PRON
P.sg.part=POS_PRON
P.sg.ill=POS_PRON
P.sg.in=POS_PRON
P.sg.el=POS_PRON
P.sg.all=POS_PRON
P.sg.ad=POS_PRON
P.sg.abl=POS_PRON
P.sg.tr=POS_PRON
P.sg.term=POS_PRON
P.sg.es=POS_PRON
P.sg.abes=POS_PRON
P.sg.kom=POS_PRON
P.sg.adit=POS_PRON
P.pl.nom=POS_PRON
P.pl.gen=POS_PRON
P.pl.part=POS_PRON
P.pl.ill=POS_PRON
P.pl.in=POS_PRON
P.pl.el=POS_PRON
P.pl.all=POS_PRON
P.pl.ad=POS_PRON
P.pl.abl=POS_PRON
P.pl.tr=POS_PRON
P.pl.term=POS_PRON
P.pl.es=POS_PRON
P.pl.abes=POS_PRON
P.pl.kom=POS_PRON
D=POS_ADV
K.pre=POS_ADP
K.post=POS_ADP
J.crd=POS_CONJ
J.sub=POS_CONJ
N.card.?.digit=POS_NUM
N.card.sg.nom.l=POS_NUM
N.card.sg.gen.l=POS_NUM
N.card.sg.part.l=POS_NUM
N.card.sg.ill.l=POS_NUM
N.card.sg.in.l=POS_NUM
N.card.sg.el.l=POS_NUM
N.card.sg.all.l=POS_NUM
N.card.sg.ad.l=POS_NUM
N.card.sg.abl.l=POS_NUM
N.card.sg.tr.l=POS_NUM
N.card.sg.term.l=POS_NUM
N.card.sg.es.l=POS_NUM
N.card.sg.abes.l=POS_NUM
N.card.sg.kom.l=POS_NUM
N.card.sg.adit.l=POS_NUM
N.card.pl.nom.l=POS_NUM
N.card.pl.gen.l=POS_NUM
N.card.pl.part.l=POS_NUM
N.card.pl.ill.l=POS_NUM
N.card.pl.in.l=POS_NUM
N.card.pl.el.l=POS_NUM
N.card.pl.all.l=POS_NUM
N.card.pl.ad.l=POS_NUM
N.card.pl.abl.l=POS_NUM
N.card.pl.tr.l=POS_NUM
N.card.pl.term.l=POS_NUM
N.card.pl.es.l=POS_NUM
N.card.pl.abes.l=POS_NUM
N.card.pl.kom.l=POS_NUM
N.ord.?.digit=POS_X
N.ord.?.roman=POS_X
N.ord.sg.nom.l=POS_X
N.ord.sg.gen.l=POS_X
N.ord.sg.part.l=POS_X
N.ord.sg.ill.l=POS_X
N.ord.sg.in.l=POS_X
N.ord.sg.el.l=POS_X
N.ord.sg.all.l=POS_X
N.ord.sg.ad.l=POS_X
N.ord.sg.abl.l=POS_X
N.ord.sg.tr.l=POS_X
N.ord.sg.term.l=POS_X
N.ord.sg.es.l=POS_X
N.ord.sg.abes.l=POS_X
N.ord.sg.kom.l=POS_X
N.ord.sg.adit.l=POS_X
N.ord.pl.nom.l=POS_X
N.ord.pl.gen.l=POS_X
N.ord.pl.part.l=POS_X
N.ord.pl.ill.l=POS_X
N.ord.pl.in.l=POS_X
N.ord.pl.el.l=POS_X
N.ord.pl.all.l=POS_X
N.ord.pl.ad.l=POS_X
N.ord.pl.abl.l=POS_X
N.ord.pl.tr.l=POS_X
N.ord.pl.term.l=POS_X
N.ord.pl.es.l=POS_X
N.ord.pl.abes.l=POS_X
N.ord.pl.kom.l=POS_X
N.ord.sg.nom.roman=POS_X
N.ord.sg.gen.roman=POS_X
N.ord.sg.part.roman=POS_X
N.ord.sg.ill.roman=POS_X
N.ord.sg.in.roman=POS_X
N.ord.sg.el.roman=POS_X
N.ord.sg.all.roman=POS_X
N.ord.sg.ad.roman=POS_X
N.ord.sg.abl.roman=POS_X
N.ord.sg.tr.roman=POS_X
N.ord.sg.term.roman=POS_X
N.ord.sg.es.roman=POS_X
N.ord.sg.abes.roman=POS_X
N.ord.sg.kom.roman=POS_X
N.ord.sg.adit.roman=POS_X
N.ord.pl.nom.roman=POS_X
N.ord.pl.gen.roman=POS_X
N.ord.pl.part.roman=POS_X
N.ord.pl.ill.roman=POS_X
N.ord.pl.in.roman=POS_X
N.ord.pl.el.roman=POS_X
N.ord.pl.all.roman=POS_X
N.ord.pl.ad.roman=POS_X
N.ord.pl.abl.roman=POS_X
N.ord.pl.tr.roman=POS_X
N.ord.pl.term.roman=POS_X
N.ord.pl.es.roman=POS_X
N.ord.pl.abes.roman=POS_X
N.ord.pl.kom.roman=POS_X
I=POS_X
Y.nominal.sg.nom=POS_NOUN
Y.nominal.sg.gen=POS_NOUN
Y.nominal.sg.part=POS_NOUN
Y.nominal.sg.ill=POS_NOUN
Y.nominal.sg.in=POS_NOUN
Y.nominal.sg.el=POS_NOUN
Y.nominal.sg.all=POS_NOUN
Y.nominal.sg.ad=POS_NOUN
Y.nominal.sg.abl=POS_NOUN
Y.nominal.sg.tr=POS_NOUN
Y.nominal.sg.term=POS_NOUN
Y.nominal.sg.es=POS_NOUN
Y.nominal.sg.abes=POS_NOUN
Y.nominal.sg.kom=POS_NOUN
Y.nominal.sg.adit=POS_NOUN
Y.nominal.pl.nom=POS_NOUN
Y.nominal.pl.gen=POS_NOUN
Y.nominal.pl.part=POS_NOUN
Y.nominal.pl.ill=POS_NOUN
Y.nominal.pl.in=POS_NOUN
Y.nominal.pl.el=POS_NOUN
Y.nominal.pl.all=POS_NOUN
Y.nominal.pl.ad=POS_NOUN
Y.nominal.pl.abl=POS_NOUN
Y.nominal.pl.tr=POS_NOUN
Y.nominal.pl.term=POS_NOUN
Y.nominal.pl.es=POS_NOUN
Y.nominal.pl.abes=POS_NOUN
Y.nominal.pl.kom=POS_NOUN
Y.adjectival=POS_ADJ
Y.adverbial=POS_ADV
Y.verbal=POS_VERB
Y.nominal.?=POS_NOUN
X=POS_ADV
Z.Fst=POS_PUNCT
Z.Com=POS_PUNCT
Z.Scl=POS_PUNCT
Z.Col=POS_PUNCT
Z.Int=POS_PUNCT
Z.Exc=POS_PUNCT
Z.Ell=POS_PUNCT
Z.Els=POS_PUNCT
Z.Dsh=POS_PUNCT
Z.Dsd=POS_PUNCT
Z.Opr=POS_PUNCT
Z.Cpr=POS_PUNCT
Z.Quo=POS_PUNCT
Z.Oqu=POS_PUNCT
Z.Cqu=POS_PUNCT
Z.Osq=POS_PUNCT
Z.Csq=POS_PUNCT
Z.Sla=POS_PUNCT
T=POS_X
*=POS