# Tartu
#
# Estonian POS tagset

__META_SOURCE_URL__=http://www.cl.ut.ee/korpused/morfliides/seletus
__META_TYPE_BASE__=de.tudarmstadt.ukp.dkpro.core.api.lexmorph.type.pos.

S.com.?=NOUN
S.com.sg.nom=NOUN
S.com.sg.gen=NOUN
S.com.sg.part=NOUN
S.com.sg.ill=NOUN
S.com.sg.in=NOUN
S.com.sg.el=NOUN
S.com.sg.all=NOUN
S.com.sg.ad=NOUN
S.com.sg.abl=NOUN
S.com.sg.tr=NOUN
S.com.sg.term=NOUN
S.com.sg.es=NOUN
S.com.sg.abes=NOUN
S.com.sg.kom=NOUN
S.com.sg.adit=NOUN
S.com.pl.nom=NOUN
S.com.pl.gen=NOUN
S.com.pl.part=NOUN
S.com.pl.ill=NOUN
S.com.pl.in=NOUN
S.com.pl.el=NOUN
S.com.pl.all=NOUN
S.com.pl.ad=NOUN
S.com.pl.abl=NOUN
S.com.pl.tr=NOUN
S.com.pl.term=NOUN
S.com.pl.es=NOUN
S.com.pl.abes=NOUN
S.com.pl.kom=NOUN
S.prop.?=PROPN
S.prop.sg.nom=PROPN
S.prop.sg.gen=PROPN
S.prop.sg.part=PROPN
S.prop.sg.ill=PROPN
S.prop.sg.in=PROPN
S.prop.sg.el=PROPN
S.prop.sg.all=PROPN
S.prop.sg.ad=PROPN
S.prop.sg.abl=PROPN
S.prop.sg.tr=PROPN
S.prop.sg.term=PROPN
S.prop.sg.es=PROPN
S.prop.sg.abes=PROPN
S.prop.sg.kom=PROPN
S.prop.sg.adit=PROPN
S.prop.pl.nom=PROPN
S.prop.pl.gen=PROPN
S.prop.pl.part=PROPN
S.prop.pl.ill=PROPN
S.prop.pl.in=PROPN
S.prop.pl.el=PROPN
S.prop.pl.all=PROPN
S.prop.pl.ad=PROPN
S.prop.pl.abl=PROPN
S.prop.pl.tr=PROPN
S.prop.pl.term=PROPN
S.prop.pl.es=PROPN
S.prop.pl.abes=PROPN
S.prop.pl.kom=PROPN
V.main.af=VERB
V.main.indic.pres.ps1.sg.ps.af=VERB
V.main.indic.pres.ps2.sg.ps.af=VERB
V.main.indic.pres.ps3.sg.ps.af=VERB
V.main.indic.pres.ps1.pl.ps.af=VERB
V.main.indic.pres.ps2.pl.ps.af=VERB
V.main.indic.pres.ps3.pl.ps.af=VERB
V.main.indic.pres.ps.neg=VERB
V.main.indic.pres.imps.af=VERB
V.main.indic.pres.imps.neg=VERB
V.main.indic.impf.ps1.sg.ps.af=VERB
V.main.indic.impf.ps2.sg.ps.af=VERB
V.main.indic.impf.ps3.sg.ps.af=VERB
V.main.indic.impf.ps1.pl.ps.af=VERB
V.main.indic.impf.ps2.pl.ps.af=VERB
V.main.indic.impf.ps3.pl.ps.af=VERB
V.main.indic.impf.ps.neg=VERB
V.main.indic.impf.imps.af=VERB
V.main.imper.pres.ps2.sg.ps.af=VERB
V.main.imper.pres.ps2.sg.ps.neg=VERB
V.main.indic.pres.ps.neg=VERB
V.main.imper.pres.ps3.sg.ps.af=VERB
V.main.imper.pres.ps1.pl.ps.af=VERB
V.main.imper.pres.ps2.pl.ps.af=VERB
V.main.imper.pres.ps3.pl.ps.af=VERB
V.main.imper.pres.imps.af=VERB
V.main.imper.pres.ps3.sg.ps.neg=VERB
V.main.imper.pres.ps1.pl.ps.neg=VERB
V.main.imper.pres.ps2.pl.ps.neg=VERB
V.main.imper.pres.ps3.pl.ps.neg=VERB
V.main.imper.pres.imps.neg=VERB
V.main.cond.pres.ps1.sg.ps.af=VERB
V.main.cond.pres.ps2.sg.ps.af=VERB
V.main.cond.pres.ps1.sg.ps.af=VERB
V.main.cond.pres.ps2.sg.ps.af=VERB
V.main.cond.pres.ps3.sg.ps.af=VERB
V.main.cond.pres.ps1.pl.ps.af=VERB
V.main.cond.pres.ps2.pl.ps.af=VERB
V.main.cond.pres.ps3.pl.ps.af=VERB
V.main.cond.pres.ps1.pl.ps.af=VERB
V.main.cond.pres.ps2.pl.ps.af=VERB
V.main.cond.pres.ps3.pl.ps.af=VERB
V.main.cond.pres.ps.neg=VERB
V.main.cond.pres.ps.neg=VERB
V.main.cond.pres.imps.af=VERB
V.main.cond.past.ps1.sg.ps.af=VERB
V.main.cond.past.ps2.sg.ps.af=VERB
V.main.cond.past.ps1.sg.ps.af=VERB
V.main.cond.past.ps2.sg.ps.af=VERB
V.main.cond.past.ps3.sg.ps.af=VERB
V.main.cond.past.ps1.pl.ps.af=VERB
V.main.cond.past.ps2.pl.ps.af=VERB
V.main.cond.past.ps3.pl.ps.af=VERB
V.main.cond.past.ps1.pl.ps.af=VERB
V.main.cond.past.ps2.pl.ps.af=VERB
V.main.cond.past.ps3.pl.ps.af=VERB
V.main.cond.past.ps.neg=VERB
V.main.cond.past.ps.neg=VERB
V.main.cond.past.imps.af=VERB
V.main.cond.pres.imps.neg=VERB
V.main.cond.past.imps.neg=VERB
V.main.inf=VERB
V.main.partic.pres.ps=VERB
V.main.partic.pres.imps=VERB
V.main.partic.past.ps=VERB
V.main.partic.past.imps=VERB
V.main.indic.impf.ps.neg=VERB
V.main.indic.impf.imps.neg=VERB
V.main.ger=VERB
V.main.sup.ps.ill=VERB
V.main.sup.ps.in=VERB
V.main.sup.ps.el=VERB
V.main.sup.ps.tr=VERB
V.main.sup.ps.abes=VERB
V.main.sup.imps=VERB
V.main.quot.pres.ps.af=VERB
V.main.quot.pres.ps.neg=VERB
V.main.quot.pres.imps.af=VERB
V.main.quot.past.ps.af=VERB
V.main.quot.past.imps.af=VERB
V.main.quot.pres.ps.neg=VERB
V.main.quot.pres.imps.neg=VERB
V.main.quot.past.ps.neg=VERB
V.main.quot.past.imps.neg=VERB
V.aux.indic.pres.ps1.sg.ps.af=VERB
V.aux.indic.pres.ps2.sg.ps.af=VERB
V.aux.indic.pres.ps3.sg.ps.af=VERB
V.aux.indic.pres.ps1.pl.ps.af=VERB
V.aux.indic.pres.ps2.pl.ps.af=VERB
V.aux.indic.pres.ps3.pl.ps.af=VERB
V.aux.indic.pres.ps.neg=VERB
V.aux.indic.pres.imps.af=VERB
V.aux.indic.pres.imps.neg=VERB
V.aux.indic.impf.ps1.sg.ps.af=VERB
V.aux.indic.impf.ps2.sg.ps.af=VERB
V.aux.indic.impf.ps3.sg.ps.af=VERB
V.aux.indic.impf.ps1.pl.ps.af=VERB
V.aux.indic.impf.ps2.pl.ps.af=VERB
V.aux.indic.impf.ps3.pl.ps.af=VERB
V.aux.indic.impf.ps.neg=VERB
V.aux.indic.impf.imps.af=VERB
V.aux.imper.pres.ps2.sg.ps.af=VERB
V.aux.imper.pres.ps2.sg.ps.neg=VERB
V.aux.indic.pres.ps.neg=VERB
V.aux.imper.pres.ps3.sg.ps.af=VERB
V.aux.imper.pres.ps1.pl.ps.af=VERB
V.aux.imper.pres.ps2.pl.ps.af=VERB
V.aux.imper.pres.ps3.pl.ps.af=VERB
V.aux.imper.pres.imps.af=VERB
V.aux.imper.pres.ps3.sg.ps.neg=VERB
V.aux.imper.pres.ps1.pl.ps.neg=VERB
V.aux.imper.pres.ps2.pl.ps.neg=VERB
V.aux.imper.pres.ps3.pl.ps.neg=VERB
V.aux.imper.pres.imps.neg=VERB
V.aux.imper.pres.imps.neg=VERB
V.aux.imper.pres.ps2.sg.ps.neg=VERB
V.aux.imper.pres.ps3.sg.ps.neg=VERB
V.aux.imper.pres.ps1.pl.ps.neg=VERB
V.aux.imper.pres.ps2.pl.ps.neg=VERB
V.aux.imper.pres.ps3.pl.ps.neg=VERB
V.aux.cond.pres.ps1.sg.ps.af=VERB
V.aux.cond.pres.ps2.sg.ps.af=VERB
V.aux.cond.pres.ps1.sg.ps.af=VERB
V.aux.cond.pres.ps2.sg.ps.af=VERB
V.aux.cond.pres.ps3.sg.ps.af=VERB
V.aux.cond.pres.ps1.pl.ps.af=VERB
V.aux.cond.pres.ps2.pl.ps.af=VERB
V.aux.cond.pres.ps3.pl.ps.af=VERB
V.aux.cond.pres.ps1.pl.ps.af=VERB
V.aux.cond.pres.ps2.pl.ps.af=VERB
V.aux.cond.pres.ps3.pl.ps.af=VERB
V.aux.cond.pres.ps.neg=VERB
V.aux.cond.pres.ps.neg=VERB
V.aux.cond.pres.imps.af=VERB
V.aux.cond.past.ps1.sg.ps.af=VERB
V.aux.cond.past.ps2.sg.ps.af=VERB
V.aux.cond.past.ps1.sg.ps.af=VERB
V.aux.cond.past.ps2.sg.ps.af=VERB
V.aux.cond.past.ps3.sg.ps.af=VERB
V.aux.cond.past.ps1.pl.ps.af=VERB
V.aux.cond.past.ps2.pl.ps.af=VERB
V.aux.cond.past.ps3.pl.ps.af=VERB
V.aux.cond.past.ps1.pl.ps.af=VERB
V.aux.cond.past.ps2.pl.ps.af=VERB
V.aux.cond.past.ps3.pl.ps.af=VERB
V.aux.cond.past.ps.neg=VERB
V.aux.cond.past.ps.neg=VERB
V.aux.cond.past.imps.af=VERB
V.aux.cond.pres.imps.neg=VERB
V.aux.cond.past.imps.neg=VERB
V.aux.inf=VERB
V.aux.partic.pres.ps=VERB
V.aux.partic.pres.imps=VERB
V.aux.partic.past.ps=VERB
V.aux.partic.past.imps=VERB
V.aux.indic.impf.ps.neg=VERB
V.aux.indic.impf.imps.neg=VERB
V.aux.ger=VERB
V.aux.sup.ps.ill=VERB
V.aux.sup.ps.in=VERB
V.aux.sup.ps.el=VERB
V.aux.sup.ps.tr=VERB
V.aux.sup.ps.abes=VERB
V.aux.sup.imps=VERB
V.aux.quot.pres.ps.af=VERB
V.aux.quot.pres.ps.neg=VERB
V.aux.quot.pres.imps.af=VERB
V.aux.quot.past.ps.af=VERB
V.aux.quot.past.imps.af=VERB
V.aux.quot.pres.ps.neg=VERB
V.aux.quot.pres.imps.neg=VERB
V.aux.quot.past.ps.neg=VERB
V.aux.quot.past.imps.neg=VERB
V.aux.neg=VERB
V.mod.indic.pres.ps1.sg.ps.af=VERB
V.mod.indic.pres.ps2.sg.ps.af=VERB
V.mod.indic.pres.ps3.sg.ps.af=VERB
V.mod.indic.pres.ps1.pl.ps.af=VERB
V.mod.indic.pres.ps2.pl.ps.af=VERB
V.mod.indic.pres.ps3.pl.ps.af=VERB
V.mod.indic.pres.imps.af=VERB
V.mod.indic.pres.imps.neg=VERB
V.mod.indic.impf.ps1.sg.ps.af=VERB
V.mod.indic.impf.ps2.sg.ps.af=VERB
V.mod.indic.impf.ps3.sg.ps.af=VERB
V.mod.indic.impf.ps1.pl.ps.af=VERB
V.mod.indic.impf.ps2.pl.ps.af=VERB
V.mod.indic.impf.ps3.pl.ps.af=VERB
V.mod.indic.impf.imps.af=VERB
V.mod.imper.pres.ps2.sg.ps.af=VERB
V.mod.imper.pres.ps2.sg.ps.neg=VERB
V.mod.indic.pres.ps.neg=VERB
V.mod.imper.pres.ps3.sg.ps.af=VERB
V.mod.imper.pres.ps1.pl.ps.af=VERB
V.mod.imper.pres.ps2.pl.ps.af=VERB
V.mod.imper.pres.ps3.pl.ps.af=VERB
V.mod.imper.pres.imps.af=VERB
V.mod.imper.pres.ps3.sg.ps.neg=VERB
V.mod.imper.pres.ps1.pl.ps.neg=VERB
V.mod.imper.pres.ps2.pl.ps.neg=VERB
V.mod.imper.pres.ps3.pl.ps.neg=VERB
V.mod.imper.pres.imps.neg=VERB
V.mod.cond.pres.ps1.sg.ps.af=VERB
V.mod.cond.pres.ps2.sg.ps.af=VERB
V.mod.cond.pres.ps1.sg.ps.af=VERB
V.mod.cond.pres.ps2.sg.ps.af=VERB
V.mod.cond.pres.ps3.sg.ps.af=VERB
V.mod.cond.pres.ps1.pl.ps.af=VERB
V.mod.cond.pres.ps2.pl.ps.af=VERB
V.mod.cond.pres.ps3.pl.ps.af=VERB
V.mod.cond.pres.ps1.pl.ps.af=VERB
V.mod.cond.pres.ps2.pl.ps.af=VERB
V.mod.cond.pres.ps3.pl.ps.af=VERB
V.mod.cond.pres.ps.neg=VERB
V.mod.cond.pres.imps.af=VERB
V.mod.cond.past.ps1.sg.ps.af=VERB
V.mod.cond.past.ps2.sg.ps.af=VERB
V.mod.cond.past.ps1.sg.ps.af=VERB
V.mod.cond.past.ps2.sg.ps.af=VERB
V.mod.cond.past.ps3.sg.ps.af=VERB
V.mod.cond.past.ps1.pl.ps.af=VERB
V.mod.cond.past.ps2.pl.ps.af=VERB
V.mod.cond.past.ps3.pl.ps.af=VERB
V.mod.cond.past.ps1.pl.ps.af=VERB
V.mod.cond.past.ps2.pl.ps.af=VERB
V.mod.cond.past.ps3.pl.ps.af=VERB
V.mod.cond.past.ps.neg=VERB
V.mod.cond.past.imps.af=VERB
V.mod.cond.pres.imps.neg=VERB
V.mod.cond.past.imps.neg=VERB
V.mod.inf=VERB
V.mod.partic.pres.ps=VERB
V.mod.partic.pres.imps=VERB
V.mod.partic.past.ps=VERB
V.mod.partic.past.imps=VERB
V.mod.indic.impf.ps.neg=VERB
V.mod.indic.impf.imps.neg=VERB
V.mod.ger=VERB
V.mod.sup.ps.ill=VERB
V.mod.sup.ps.in=VERB
V.mod.sup.ps.el=VERB
V.mod.sup.ps.tr=VERB
V.mod.sup.ps.abes=VERB
V.mod.sup.imps=VERB
V.mod.quot.pres.ps.af=VERB
V.mod.quot.pres.imps.af=VERB
V.mod.quot.past.ps.af=VERB
V.mod.quot.past.imps.af=VERB
V.mod.quot.pres.ps.neg=VERB
V.mod.quot.pres.imps.neg=VERB
V.mod.quot.past.ps.neg=VERB
V.mod.quot.past.imps.neg=VERB
A.pos=ADJ
A.pos.A?=ADJ
A.pos.Asg.nom=ADJ
A.pos.Asg.gen=ADJ
A.pos.Asg.part=ADJ
A.pos.Asg.ill=ADJ
A.pos.Asg.in=ADJ
A.pos.Asg.el=ADJ
A.pos.Asg.all=ADJ
A.pos.Asg.ad=ADJ
A.pos.Asg.abl=ADJ
A.pos.Asg.tr=ADJ
A.pos.Asg.term=ADJ
A.pos.Asg.es=ADJ
A.pos.Asg.abes=ADJ
A.pos.Asg.kom=ADJ
A.pos.Asg.adit=ADJ
A.pos.Apl.nom=ADJ
A.pos.Apl.gen=ADJ
A.pos.Apl.part=ADJ
A.pos.Apl.ill=ADJ
A.pos.Apl.in=ADJ
A.pos.Apl.el=ADJ
A.pos.Apl.all=ADJ
A.pos.Apl.ad=ADJ
A.pos.Apl.abl=ADJ
A.pos.Apl.tr=ADJ
A.pos.Apl.term=ADJ
A.pos.Apl.es=ADJ
A.pos.Apl.abes=ADJ
A.pos.Apl.kom=ADJ
A.comp.sg.nom=ADJ
A.comp.sg.gen=ADJ
A.comp.sg.part=ADJ
A.comp.sg.ill=ADJ
A.comp.sg.in=ADJ
A.comp.sg.el=ADJ
A.comp.sg.all=ADJ
A.comp.sg.ad=ADJ
A.comp.sg.abl=ADJ
A.comp.sg.tr=ADJ
A.comp.sg.term=ADJ
A.comp.sg.es=ADJ
A.comp.sg.abes=ADJ
A.comp.sg.kom=ADJ
A.comp.pl.nom=ADJ
A.comp.pl.gen=ADJ
A.comp.pl.part=ADJ
A.comp.pl.ill=ADJ
A.comp.pl.in=ADJ
A.comp.pl.el=ADJ
A.comp.pl.all=ADJ
A.comp.pl.ad=ADJ
A.comp.pl.abl=ADJ
A.comp.pl.tr=ADJ
A.comp.pl.term=ADJ
A.comp.pl.es=ADJ
A.comp.pl.abes=ADJ
A.comp.pl.kom=ADJ
A.super.sg.nom=ADJ
A.super.sg.gen=ADJ
A.super.sg.part=ADJ
A.super.sg.ill=ADJ
A.super.sg.in=ADJ
A.super.sg.el=ADJ
A.super.sg.all=ADJ
A.super.sg.ad=ADJ
A.super.sg.abl=ADJ
A.super.sg.tr=ADJ
A.super.sg.term=ADJ
A.super.sg.es=ADJ
A.super.sg.abes=ADJ
A.super.sg.kom=ADJ
A.super.pl.nom=ADJ
A.super.pl.gen=ADJ
A.super.pl.part=ADJ
A.super.pl.ill=ADJ
A.super.pl.in=ADJ
A.super.pl.el=ADJ
A.super.pl.all=ADJ
A.super.pl.ad=ADJ
A.super.pl.abl=ADJ
A.super.pl.tr=ADJ
A.super.pl.term=ADJ
A.super.pl.es=ADJ
A.super.pl.abes=ADJ
A.super.pl.kom=ADJ
G=ADJ
P=PRON
P.sg.nom=PRON
P.sg.gen=PRON
P.sg.part=PRON
P.sg.ill=PRON
P.sg.in=PRON
P.sg.el=PRON
P.sg.all=PRON
P.sg.ad=PRON
P.sg.abl=PRON
P.sg.tr=PRON
P.sg.term=PRON
P.sg.es=PRON
P.sg.abes=PRON
P.sg.kom=PRON
P.sg.adit=PRON
P.pl.nom=PRON
P.pl.gen=PRON
P.pl.part=PRON
P.pl.ill=PRON
P.pl.in=PRON
P.pl.el=PRON
P.pl.all=PRON
P.pl.ad=PRON
P.pl.abl=PRON
P.pl.tr=PRON
P.pl.term=PRON
P.pl.es=PRON
P.pl.abes=PRON
P.pl.kom=PRON
D=ADV
K.pre=ADP
K.post=ADP
J.crd=CONJ
J.sub=CONJ
N.card.?.digit=NUM
N.card.sg.nom.l=NUM
N.card.sg.gen.l=NUM
N.card.sg.part.l=NUM
N.card.sg.ill.l=NUM
N.card.sg.in.l=NUM
N.card.sg.el.l=NUM
N.card.sg.all.l=NUM
N.card.sg.ad.l=NUM
N.card.sg.abl.l=NUM
N.card.sg.tr.l=NUM
N.card.sg.term.l=NUM
N.card.sg.es.l=NUM
N.card.sg.abes.l=NUM
N.card.sg.kom.l=NUM
N.card.sg.adit.l=NUM
N.card.pl.nom.l=NUM
N.card.pl.gen.l=NUM
N.card.pl.part.l=NUM
N.card.pl.ill.l=NUM
N.card.pl.in.l=NUM
N.card.pl.el.l=NUM
N.card.pl.all.l=NUM
N.card.pl.ad.l=NUM
N.card.pl.abl.l=NUM
N.card.pl.tr.l=NUM
N.card.pl.term.l=NUM
N.card.pl.es.l=NUM
N.card.pl.abes.l=NUM
N.card.pl.kom.l=NUM
N.ord.?.digit=X
N.ord.?.roman=X
N.ord.sg.nom.l=X
N.ord.sg.gen.l=X
N.ord.sg.part.l=X
N.ord.sg.ill.l=X
N.ord.sg.in.l=X
N.ord.sg.el.l=X
N.ord.sg.all.l=X
N.ord.sg.ad.l=X
N.ord.sg.abl.l=X
N.ord.sg.tr.l=X
N.ord.sg.term.l=X
N.ord.sg.es.l=X
N.ord.sg.abes.l=X
N.ord.sg.kom.l=X
N.ord.sg.adit.l=X
N.ord.pl.nom.l=X
N.ord.pl.gen.l=X
N.ord.pl.part.l=X
N.ord.pl.ill.l=X
N.ord.pl.in.l=X
N.ord.pl.el.l=X
N.ord.pl.all.l=X
N.ord.pl.ad.l=X
N.ord.pl.abl.l=X
N.ord.pl.tr.l=X
N.ord.pl.term.l=X
N.ord.pl.es.l=X
N.ord.pl.abes.l=X
N.ord.pl.kom.l=X
N.ord.sg.nom.roman=X
N.ord.sg.gen.roman=X
N.ord.sg.part.roman=X
N.ord.sg.ill.roman=X
N.ord.sg.in.roman=X
N.ord.sg.el.roman=X
N.ord.sg.all.roman=X
N.ord.sg.ad.roman=X
N.ord.sg.abl.roman=X
N.ord.sg.tr.roman=X
N.ord.sg.term.roman=X
N.ord.sg.es.roman=X
N.ord.sg.abes.roman=X
N.ord.sg.kom.roman=X
N.ord.sg.adit.roman=X
N.ord.pl.nom.roman=X
N.ord.pl.gen.roman=X
N.ord.pl.part.roman=X
N.ord.pl.ill.roman=X
N.ord.pl.in.roman=X
N.ord.pl.el.roman=X
N.ord.pl.all.roman=X
N.ord.pl.ad.roman=X
N.ord.pl.abl.roman=X
N.ord.pl.tr.roman=X
N.ord.pl.term.roman=X
N.ord.pl.es.roman=X
N.ord.pl.abes.roman=X
N.ord.pl.kom.roman=X
I=X
Y.nominal.sg.nom=NOUN
Y.nominal.sg.gen=NOUN
Y.nominal.sg.part=NOUN
Y.nominal.sg.ill=NOUN
Y.nominal.sg.in=NOUN
Y.nominal.sg.el=NOUN
Y.nominal.sg.all=NOUN
Y.nominal.sg.ad=NOUN
Y.nominal.sg.abl=NOUN
Y.nominal.sg.tr=NOUN
Y.nominal.sg.term=NOUN
Y.nominal.sg.es=NOUN
Y.nominal.sg.abes=NOUN
Y.nominal.sg.kom=NOUN
Y.nominal.sg.adit=NOUN
Y.nominal.pl.nom=NOUN
Y.nominal.pl.gen=NOUN
Y.nominal.pl.part=NOUN
Y.nominal.pl.ill=NOUN
Y.nominal.pl.in=NOUN
Y.nominal.pl.el=NOUN
Y.nominal.pl.all=NOUN
Y.nominal.pl.ad=NOUN
Y.nominal.pl.abl=NOUN
Y.nominal.pl.tr=NOUN
Y.nominal.pl.term=NOUN
Y.nominal.pl.es=NOUN
Y.nominal.pl.abes=NOUN
Y.nominal.pl.kom=NOUN
Y.adjectival=ADJ
Y.adverbial=ADV
Y.verbal=VERB
Y.nominal.?=NOUN
X=ADV
Z.Fst=PUNCT
Z.Com=PUNCT
Z.Scl=PUNCT
Z.Col=PUNCT
Z.Int=PUNCT
Z.Exc=PUNCT
Z.Ell=PUNCT
Z.Els=PUNCT
Z.Dsh=PUNCT
Z.Dsd=PUNCT
Z.Opr=PUNCT
Z.Cpr=PUNCT
Z.Quo=PUNCT
Z.Oqu=PUNCT
Z.Cqu=PUNCT
Z.Osq=PUNCT
Z.Csq=PUNCT
Z.Sla=PUNCT
T=X
*=X