# MElt (CoreNLP 3.4)
#
# French POS Tagger Tagset used by Stanford CoreNLP 3.4 models
#
# Follows Benoit Crabbé and Marie Candito. 2008
#
# Benoit Crabbé and Marie Candito. 2008. Expériences d’analyse syntaxique statistique du français.
# In Proc. of TALN’08, pages 45–54, Senlis, France.
# http://hal.inria.fr/docs/00/52/57/69/PDF/crabbecandi-taln2008-final.pdf
# 
# Mapped according to universal_pos_tags.1.03 (http://code.google.com/p/universal-pos-tags/)
# This does not apply to the differences introduced in CoreNLP 3.4! They were mapped on a 
# best-effort base.

__META_SOURCE_URL__=http://opus.lingfil.uu.se/tools/public/tagger/melt-0.6/README
__META_TYPE_BASE__=de.tudarmstadt.ukp.dkpro.core.api.lexmorph.type.pos.

# ADJ 	   adjective
ADJ=ADJ
# ADJWH	   interrogative adjective
ADJWH=ADJ
# ADV	   adverb
ADV=ADV
# ADVWH	   interrogative adverb
ADVWH=ADV
# CC	   coordination conjunction
CC=CONJ
# CLO	   object clitic pronoun
CLO=PRON
# CLR	   reflexive clitic pronoun
CLR=PRON
# CLS	   subject clitic pronoun
CLS=PRON
# CS	   subordination conjunction
CS=CONJ
# DET	   determiner
DET=DET
# DETWH	   interrogative determiner
DETWH=DET
# ET	   foreign word
ET=X
# I	       interjection
I=INTJ
# NC	   common noun
NC=NOUN
# NPP	   proper noun
NPP=PROPN
# P	       preposition
P=ADP
# PREF	   prefix
PREF=PART
# PRO	   full pronoun
PRO=PRON
# PROREL   relative pronoun
PROREL=PRON
# PROWH	   interrogative pronoun
PROWH=PRON
# V	       indicative or conditional verb form
V=VERB
# VIMP	   imperative verb form
VIMP=VERB
# VINF	   infinitive verb form
VINF=VERB
# VPP	   past participle
VPP=VERB
# VPR	   present participle
VPR=VERB
# VS	   subjunctive verb form
VS=VERB

#
# DIFFERENCES IN CORENLP 3.4 models
#
# CoreNLP:  PUNC	   punctuation mark
# Original: PONCT	   punctuation mark
PUNC=PUNCT
# CoreNLP:  A		   general category for adjectives
A=ADJ
# CoreNLP:  C          general category cor conjunctions
C=CONJ
# CoreNLP:  CL         general category for clitic pronouns
CL=PRON
# CoreNLP:  M          general category for nouns
N=NOUN

#
# NOT USED IN CORENLP 3.4 models
#
# P+D	   preposition+determiner amalgam
# P+D=ADP
# P+PRO	   prepositon+pronoun amalgam
# P+PRO=ADP

*=POS