# Stein
#
# French TreeTagger Part-of-Speech Tags
#
# Achim Stein, April 2003

__META_SOURCE_URL__=http://www.ims.uni-stuttgart.de/~schmid/french-tagset.html
__META_TYPE_BASE__=de.tudarmstadt.ukp.dkpro.core.api.lexmorph.type.pos.

*=POS_X
# ABR	abreviation
ABR=POS_X
# ADJ	adjective
ADJ=POS_ADJ
# ADV	adverb
ADV=POS_ADV
# DET:ART	article
DET\:ART=POS_DET
# DET:POS	possessive pronoun (ma, ta, ...)
DET\:POS=POS_PRON
# INT	interjection
INT=POS_INTJ
# KON	conjunction
KON=POS_CONJ
# NAM	proper name
NAM=POS_PROPN
# NOM	noun
NOM=POS_NOUN
# NUM	numeral
NUM=POS_NUM
# PRO	pronoun
PRO=POS_PRON
# PRO:DEM	demonstrative pronoun
PRO\:DEM=POS_PRON
# PRO:IND	indefinite pronoun
PRO\:IND=POS_PRON
# PRO:PER	personal pronoun
PRO\:PER=POS_PRON
# PRO:POS	possessive pronoun (mien, tien, ...)
PRO\:POS=POS_PRON
# PRO:REL	relative pronoun
PRO\:REL=POS_PRON
# PRP	preposition
PRP=POS_ADP
# PRP:det	preposition plus article (au,du,aux,des)
PRP\:det=POS_ADP
# PUN	punctuation
PUN=POS_PUNCT
# PUN:cit	punctuation citation
PUN\:cit=POS_PUNCT
# SENT	sentence tag
SENT=POS_PUNCT
# SYM	symbol
SYM=POS_SYM
# VER:cond	verb conditional
VER\:cond=POS_VERB
# VER:futu	verb futur
VER\:futu=POS_VERB
# VER:impe	verb imperative
VER\:impe=POS_VERB
# VER:impf	verb imperfect
VER\:impf=POS_VERB
# VER:infi	verb infinitive
VER\:infi=POS_VERB
# VER:pper	verb past participle
VER\:pper=POS_VERB
# VER:ppre	verb present participle
VER\:ppre=POS_VERB
# VER:pres	verb present
VER\:pres=POS_VERB
# VER:simp	verb simple past
VER\:simp=POS_VERB
# VER:subi	verb subjunctive imperfect
VER\:subi=POS_VERB
# VER:subp	verb subjunctive present
VER\:subp=POS_VERB
