*=de.tudarmstadt.ukp.dkpro.core.api.lexmorph.type.pos.POS_POS
ADJ=de.tudarmstadt.ukp.dkpro.core.api.lexmorph.type.pos.POS_ADJ
ADJWH=de.tudarmstadt.ukp.dkpro.core.api.lexmorph.type.pos.POS_ADJ
ADV=de.tudarmstadt.ukp.dkpro.core.api.lexmorph.type.pos.POS_ADV
ADVWH=de.tudarmstadt.ukp.dkpro.core.api.lexmorph.type.pos.POS_ADV
CC=de.tudarmstadt.ukp.dkpro.core.api.lexmorph.type.pos.POS_CONJ
CLO=de.tudarmstadt.ukp.dkpro.core.api.lexmorph.type.pos.POS_PRON
CLR=de.tudarmstadt.ukp.dkpro.core.api.lexmorph.type.pos.POS_PRON
CLS=de.tudarmstadt.ukp.dkpro.core.api.lexmorph.type.pos.POS_PRON
CS=de.tudarmstadt.ukp.dkpro.core.api.lexmorph.type.pos.POS_SCONJ
DET=de.tudarmstadt.ukp.dkpro.core.api.lexmorph.type.pos.POS_DET
DETWH=de.tudarmstadt.ukp.dkpro.core.api.lexmorph.type.pos.POS_DET
ET=de.tudarmstadt.ukp.dkpro.core.api.lexmorph.type.pos.POS_X
I=de.tudarmstadt.ukp.dkpro.core.api.lexmorph.type.pos.POS_INTJ
NC=de.tudarmstadt.ukp.dkpro.core.api.lexmorph.type.pos.POS_NOUN
NPP=de.tudarmstadt.ukp.dkpro.core.api.lexmorph.type.pos.POS_PROPN
P=de.tudarmstadt.ukp.dkpro.core.api.lexmorph.type.pos.POS_ADP
P+D=de.tudarmstadt.ukp.dkpro.core.api.lexmorph.type.pos.POS_ADP
P+PRO=de.tudarmstadt.ukp.dkpro.core.api.lexmorph.type.pos.POS_ADP
PONCT=de.tudarmstadt.ukp.dkpro.core.api.lexmorph.type.pos.POS_PUNCT
PREF=de.tudarmstadt.ukp.dkpro.core.api.lexmorph.type.pos.POS_X
PRO=de.tudarmstadt.ukp.dkpro.core.api.lexmorph.type.pos.POS_PRON
PROREL=de.tudarmstadt.ukp.dkpro.core.api.lexmorph.type.pos.POS_PRON
PROWH=de.tudarmstadt.ukp.dkpro.core.api.lexmorph.type.pos.POS_PRON
V=de.tudarmstadt.ukp.dkpro.core.api.lexmorph.type.pos.POS_VERB
VIMP=de.tudarmstadt.ukp.dkpro.core.api.lexmorph.type.pos.POS_VERB
VINF=de.tudarmstadt.ukp.dkpro.core.api.lexmorph.type.pos.POS_VERB
VPP=de.tudarmstadt.ukp.dkpro.core.api.lexmorph.type.pos.POS_VERB
VPR=de.tudarmstadt.ukp.dkpro.core.api.lexmorph.type.pos.POS_VERB
VS=de.tudarmstadt.ukp.dkpro.core.api.lexmorph.type.pos.POS_VERB