*=de.tudarmstadt.ukp.dkpro.core.api.lexmorph.type.pos.POS
Ap=de.tudarmstadt.ukp.dkpro.core.api.lexmorph.type.pos.POS_ADJ
Apc=de.tudarmstadt.ukp.dkpro.core.api.lexmorph.type.pos.POS_ADJ
App=de.tudarmstadt.ukp.dkpro.core.api.lexmorph.type.pos.POS_ADJ
Aps=de.tudarmstadt.ukp.dkpro.core.api.lexmorph.type.pos.POS_ADJ
Aq=de.tudarmstadt.ukp.dkpro.core.api.lexmorph.type.pos.POS_ADJ
Aq-dfn=de.tudarmstadt.ukp.dkpro.core.api.lexmorph.type.pos.POS_ADJ
Aq-p=de.tudarmstadt.ukp.dkpro.core.api.lexmorph.type.pos.POS_ADJ
Aq-p*=de.tudarmstadt.ukp.dkpro.core.api.lexmorph.type.pos.POS_ADJ
Aq-pfd=de.tudarmstadt.ukp.dkpro.core.api.lexmorph.type.pos.POS_ADJ
Aq-pfd*=de.tudarmstadt.ukp.dkpro.core.api.lexmorph.type.pos.POS_ADJ
Aq-pfg=de.tudarmstadt.ukp.dkpro.core.api.lexmorph.type.pos.POS_ADJ
Aq-pfg*=de.tudarmstadt.ukp.dkpro.core.api.lexmorph.type.pos.POS_ADJ
Aq-pfg.=de.tudarmstadt.ukp.dkpro.core.api.lexmorph.type.pos.POS_ADJ
Aq-pfn=de.tudarmstadt.ukp.dkpro.core.api.lexmorph.type.pos.POS_ADJ
Aq-pfn*=de.tudarmstadt.ukp.dkpro.core.api.lexmorph.type.pos.POS_ADJ
Aq-pmd=de.tudarmstadt.ukp.dkpro.core.api.lexmorph.type.pos.POS_ADJ
Aq-pmd*=de.tudarmstadt.ukp.dkpro.core.api.lexmorph.type.pos.POS_ADJ
Aq-pmg=de.tudarmstadt.ukp.dkpro.core.api.lexmorph.type.pos.POS_ADJ
Aq-pmg*=de.tudarmstadt.ukp.dkpro.core.api.lexmorph.type.pos.POS_ADJ
Aq-pmn=de.tudarmstadt.ukp.dkpro.core.api.lexmorph.type.pos.POS_ADJ
Aq-pmn*=de.tudarmstadt.ukp.dkpro.core.api.lexmorph.type.pos.POS_ADJ
Aq-s=de.tudarmstadt.ukp.dkpro.core.api.lexmorph.type.pos.POS_ADJ
Aq-sf=de.tudarmstadt.ukp.dkpro.core.api.lexmorph.type.pos.POS_ADJ
Aq-sfd=de.tudarmstadt.ukp.dkpro.core.api.lexmorph.type.pos.POS_ADJ
Aq-sfd*=de.tudarmstadt.ukp.dkpro.core.api.lexmorph.type.pos.POS_ADJ
Aq-sfg=de.tudarmstadt.ukp.dkpro.core.api.lexmorph.type.pos.POS_ADJ
Aq-sfg*=de.tudarmstadt.ukp.dkpro.core.api.lexmorph.type.pos.POS_ADJ
Aq-sfn=de.tudarmstadt.ukp.dkpro.core.api.lexmorph.type.pos.POS_ADJ
Aq-sfn*=de.tudarmstadt.ukp.dkpro.core.api.lexmorph.type.pos.POS_ADJ
Aq-sfq=de.tudarmstadt.ukp.dkpro.core.api.lexmorph.type.pos.POS_ADJ
Aq-smd=de.tudarmstadt.ukp.dkpro.core.api.lexmorph.type.pos.POS_ADJ
Aq-smd*=de.tudarmstadt.ukp.dkpro.core.api.lexmorph.type.pos.POS_ADJ
Aq-smg=de.tudarmstadt.ukp.dkpro.core.api.lexmorph.type.pos.POS_ADJ
Aq-smg*=de.tudarmstadt.ukp.dkpro.core.api.lexmorph.type.pos.POS_ADJ
Aq-smn=de.tudarmstadt.ukp.dkpro.core.api.lexmorph.type.pos.POS_ADJ
Aq-smn*=de.tudarmstadt.ukp.dkpro.core.api.lexmorph.type.pos.POS_ADJ
Aq-smv=de.tudarmstadt.ukp.dkpro.core.api.lexmorph.type.pos.POS_ADJ
Ar=de.tudarmstadt.ukp.dkpro.core.api.lexmorph.type.pos.POS_ADJ
Av=de.tudarmstadt.ukp.dkpro.core.api.lexmorph.type.pos.POS_ADJ
Cc=de.tudarmstadt.ukp.dkpro.core.api.lexmorph.type.pos.POS_CONJ
Cs=de.tudarmstadt.ukp.dkpro.core.api.lexmorph.type.pos.POS_CONJ
Cs+Qq=de.tudarmstadt.ukp.dkpro.core.api.lexmorph.type.pos.POS_CONJ
Csw=de.tudarmstadt.ukp.dkpro.core.api.lexmorph.type.pos.POS_CONJ
Dd=de.tudarmstadt.ukp.dkpro.core.api.lexmorph.type.pos.POS_DET
Dp1p=de.tudarmstadt.ukp.dkpro.core.api.lexmorph.type.pos.POS_DET
Dp1s=de.tudarmstadt.ukp.dkpro.core.api.lexmorph.type.pos.POS_DET
Dp2p=de.tudarmstadt.ukp.dkpro.core.api.lexmorph.type.pos.POS_DET
Dp2s=de.tudarmstadt.ukp.dkpro.core.api.lexmorph.type.pos.POS_DET
Dp3p=de.tudarmstadt.ukp.dkpro.core.api.lexmorph.type.pos.POS_DET
Dp3sf=de.tudarmstadt.ukp.dkpro.core.api.lexmorph.type.pos.POS_DET
Dp3sm=de.tudarmstadt.ukp.dkpro.core.api.lexmorph.type.pos.POS_DET
Dq=de.tudarmstadt.ukp.dkpro.core.api.lexmorph.type.pos.POS_DET
Fb=de.tudarmstadt.ukp.dkpro.core.api.lexmorph.type.pos.POS_PUNCT
Fb]=de.tudarmstadt.ukp.dkpro.core.api.lexmorph.type.pos.POS_PUNCT
Fe=de.tudarmstadt.ukp.dkpro.core.api.lexmorph.type.pos.POS_PUNCT
Fg=de.tudarmstadt.ukp.dkpro.core.api.lexmorph.type.pos.POS_PUNCT
Fi=de.tudarmstadt.ukp.dkpro.core.api.lexmorph.type.pos.POS_PUNCT
Fq=de.tudarmstadt.ukp.dkpro.core.api.lexmorph.type.pos.POS_PUNCT
Fu=de.tudarmstadt.ukp.dkpro.core.api.lexmorph.type.pos.POS_PUNCT
Fz=de.tudarmstadt.ukp.dkpro.core.api.lexmorph.type.pos.POS_PUNCT
I=de.tudarmstadt.ukp.dkpro.core.api.lexmorph.type.pos.POS_INTJ
Mc=de.tudarmstadt.ukp.dkpro.core.api.lexmorph.type.pos.POS_NUM
Mn=de.tudarmstadt.ukp.dkpro.core.api.lexmorph.type.pos.POS_NUM
Mo=de.tudarmstadt.ukp.dkpro.core.api.lexmorph.type.pos.POS_NUM
Mo*=de.tudarmstadt.ukp.dkpro.core.api.lexmorph.type.pos.POS_NUM
Mr=de.tudarmstadt.ukp.dkpro.core.api.lexmorph.type.pos.POS_NUM
Ncdfn=de.tudarmstadt.ukp.dkpro.core.api.lexmorph.type.pos.POS_NOUN
Ncdmg=de.tudarmstadt.ukp.dkpro.core.api.lexmorph.type.pos.POS_NOUN
Ncfsg=de.tudarmstadt.ukp.dkpro.core.api.lexmorph.type.pos.POS_NOUN
Ncfsg*=de.tudarmstadt.ukp.dkpro.core.api.lexmorph.type.pos.POS_NOUN
Ncpfd=de.tudarmstadt.ukp.dkpro.core.api.lexmorph.type.pos.POS_NOUN
Ncpfg=de.tudarmstadt.ukp.dkpro.core.api.lexmorph.type.pos.POS_NOUN
Ncpfg*=de.tudarmstadt.ukp.dkpro.core.api.lexmorph.type.pos.POS_NOUN
Ncpfn=de.tudarmstadt.ukp.dkpro.core.api.lexmorph.type.pos.POS_NOUN
Ncpmd=de.tudarmstadt.ukp.dkpro.core.api.lexmorph.type.pos.POS_NOUN
Ncpmd*=de.tudarmstadt.ukp.dkpro.core.api.lexmorph.type.pos.POS_NOUN
Ncpmg=de.tudarmstadt.ukp.dkpro.core.api.lexmorph.type.pos.POS_NOUN
Ncpmg*=de.tudarmstadt.ukp.dkpro.core.api.lexmorph.type.pos.POS_NOUN
Ncpmn=de.tudarmstadt.ukp.dkpro.core.api.lexmorph.type.pos.POS_NOUN
Ncpmn*=de.tudarmstadt.ukp.dkpro.core.api.lexmorph.type.pos.POS_NOUN
Ncpmn]=de.tudarmstadt.ukp.dkpro.core.api.lexmorph.type.pos.POS_NOUN
Ncpmne=de.tudarmstadt.ukp.dkpro.core.api.lexmorph.type.pos.POS_NOUN
Ncpmv=de.tudarmstadt.ukp.dkpro.core.api.lexmorph.type.pos.POS_NOUN
Ncsfd=de.tudarmstadt.ukp.dkpro.core.api.lexmorph.type.pos.POS_NOUN
Ncsfd*=de.tudarmstadt.ukp.dkpro.core.api.lexmorph.type.pos.POS_NOUN
Ncsfde=de.tudarmstadt.ukp.dkpro.core.api.lexmorph.type.pos.POS_NOUN
Ncsfg=de.tudarmstadt.ukp.dkpro.core.api.lexmorph.type.pos.POS_NOUN
Ncsfg*=de.tudarmstadt.ukp.dkpro.core.api.lexmorph.type.pos.POS_NOUN
Ncsfge=de.tudarmstadt.ukp.dkpro.core.api.lexmorph.type.pos.POS_NOUN
Ncsfn=de.tudarmstadt.ukp.dkpro.core.api.lexmorph.type.pos.POS_NOUN
Ncsfn*=de.tudarmstadt.ukp.dkpro.core.api.lexmorph.type.pos.POS_NOUN
Ncsfn+Pr1s=de.tudarmstadt.ukp.dkpro.core.api.lexmorph.type.pos.POS_NOUN
Ncsfne=de.tudarmstadt.ukp.dkpro.core.api.lexmorph.type.pos.POS_NOUN
Ncsfv=de.tudarmstadt.ukp.dkpro.core.api.lexmorph.type.pos.POS_NOUN
Ncsmd=de.tudarmstadt.ukp.dkpro.core.api.lexmorph.type.pos.POS_NOUN
Ncsmd*=de.tudarmstadt.ukp.dkpro.core.api.lexmorph.type.pos.POS_NOUN
Ncsmd.=de.tudarmstadt.ukp.dkpro.core.api.lexmorph.type.pos.POS_NOUN
Ncsmde=de.tudarmstadt.ukp.dkpro.core.api.lexmorph.type.pos.POS_NOUN
Ncsmg=de.tudarmstadt.ukp.dkpro.core.api.lexmorph.type.pos.POS_NOUN
Ncsmg*=de.tudarmstadt.ukp.dkpro.core.api.lexmorph.type.pos.POS_NOUN
Ncsmge=de.tudarmstadt.ukp.dkpro.core.api.lexmorph.type.pos.POS_NOUN
Ncsmn=de.tudarmstadt.ukp.dkpro.core.api.lexmorph.type.pos.POS_NOUN
Ncsmn*=de.tudarmstadt.ukp.dkpro.core.api.lexmorph.type.pos.POS_NOUN
Ncsmn+Pr1s=de.tudarmstadt.ukp.dkpro.core.api.lexmorph.type.pos.POS_NOUN
Ncsmn...=de.tudarmstadt.ukp.dkpro.core.api.lexmorph.type.pos.POS_NOUN
Ncsmn?]=de.tudarmstadt.ukp.dkpro.core.api.lexmorph.type.pos.POS_NOUN
Ncsmn]=de.tudarmstadt.ukp.dkpro.core.api.lexmorph.type.pos.POS_NOUN
Ncsmne=de.tudarmstadt.ukp.dkpro.core.api.lexmorph.type.pos.POS_NOUN
Ncsmn–=de.tudarmstadt.ukp.dkpro.core.api.lexmorph.type.pos.POS_NOUN
Ncsmv=de.tudarmstadt.ukp.dkpro.core.api.lexmorph.type.pos.POS_NOUN
Nf=de.tudarmstadt.ukp.dkpro.core.api.lexmorph.type.pos.POS_NOUN
Nf---e=de.tudarmstadt.ukp.dkpro.core.api.lexmorph.type.pos.POS_NOUN
Nn=de.tudarmstadt.ukp.dkpro.core.api.lexmorph.type.pos.POS_NOUN
Nn-fd=de.tudarmstadt.ukp.dkpro.core.api.lexmorph.type.pos.POS_NOUN
Nn-fg=de.tudarmstadt.ukp.dkpro.core.api.lexmorph.type.pos.POS_NOUN
Nn-fg*=de.tudarmstadt.ukp.dkpro.core.api.lexmorph.type.pos.POS_NOUN
Nn-fn=de.tudarmstadt.ukp.dkpro.core.api.lexmorph.type.pos.POS_NOUN
Nn-fv=de.tudarmstadt.ukp.dkpro.core.api.lexmorph.type.pos.POS_NOUN
Nn-md=de.tudarmstadt.ukp.dkpro.core.api.lexmorph.type.pos.POS_NOUN
Nn-mg=de.tudarmstadt.ukp.dkpro.core.api.lexmorph.type.pos.POS_NOUN
Nn-mn=de.tudarmstadt.ukp.dkpro.core.api.lexmorph.type.pos.POS_NOUN
Nn-mn*=de.tudarmstadt.ukp.dkpro.core.api.lexmorph.type.pos.POS_NOUN
Nn-mv=de.tudarmstadt.ukp.dkpro.core.api.lexmorph.type.pos.POS_NOUN
Nn-mv*=de.tudarmstadt.ukp.dkpro.core.api.lexmorph.type.pos.POS_NOUN
Nnsfd=de.tudarmstadt.ukp.dkpro.core.api.lexmorph.type.pos.POS_NOUN
Nt=de.tudarmstadt.ukp.dkpro.core.api.lexmorph.type.pos.POS_NOUN
Nv=de.tudarmstadt.ukp.dkpro.core.api.lexmorph.type.pos.POS_NOUN
Nv---e=de.tudarmstadt.ukp.dkpro.core.api.lexmorph.type.pos.POS_NOUN
Pd=de.tudarmstadt.ukp.dkpro.core.api.lexmorph.type.pos.POS_PRON
Pd?]=de.tudarmstadt.ukp.dkpro.core.api.lexmorph.type.pos.POS_PRON
Pn=de.tudarmstadt.ukp.dkpro.core.api.lexmorph.type.pos.POS_PRON
Pp1p=de.tudarmstadt.ukp.dkpro.core.api.lexmorph.type.pos.POS_PRON
Pp1p--e=de.tudarmstadt.ukp.dkpro.core.api.lexmorph.type.pos.POS_PRON
Pp1s=de.tudarmstadt.ukp.dkpro.core.api.lexmorph.type.pos.POS_PRON
Pp1s--e=de.tudarmstadt.ukp.dkpro.core.api.lexmorph.type.pos.POS_PRON
Pp2p=de.tudarmstadt.ukp.dkpro.core.api.lexmorph.type.pos.POS_PRON
Pp2p--e=de.tudarmstadt.ukp.dkpro.core.api.lexmorph.type.pos.POS_PRON
Pp2p?=de.tudarmstadt.ukp.dkpro.core.api.lexmorph.type.pos.POS_PRON
Pp2s=de.tudarmstadt.ukp.dkpro.core.api.lexmorph.type.pos.POS_PRON
Pp2s--e=de.tudarmstadt.ukp.dkpro.core.api.lexmorph.type.pos.POS_PRON
Pp3p=de.tudarmstadt.ukp.dkpro.core.api.lexmorph.type.pos.POS_PRON
Pp3p--e=de.tudarmstadt.ukp.dkpro.core.api.lexmorph.type.pos.POS_PRON
Pp3sf=de.tudarmstadt.ukp.dkpro.core.api.lexmorph.type.pos.POS_PRON
Pp3sf-e=de.tudarmstadt.ukp.dkpro.core.api.lexmorph.type.pos.POS_PRON
Pp3sm=de.tudarmstadt.ukp.dkpro.core.api.lexmorph.type.pos.POS_PRON
Pp3sm-e=de.tudarmstadt.ukp.dkpro.core.api.lexmorph.type.pos.POS_PRON
Pr1p=de.tudarmstadt.ukp.dkpro.core.api.lexmorph.type.pos.POS_PRON
Pr1p--e=de.tudarmstadt.ukp.dkpro.core.api.lexmorph.type.pos.POS_PRON
Pr1s=de.tudarmstadt.ukp.dkpro.core.api.lexmorph.type.pos.POS_PRON
Pr1s--e=de.tudarmstadt.ukp.dkpro.core.api.lexmorph.type.pos.POS_PRON
Pr2p=de.tudarmstadt.ukp.dkpro.core.api.lexmorph.type.pos.POS_PRON
Pr2p--e=de.tudarmstadt.ukp.dkpro.core.api.lexmorph.type.pos.POS_PRON
Pr2s=de.tudarmstadt.ukp.dkpro.core.api.lexmorph.type.pos.POS_PRON
Pr2s--e=de.tudarmstadt.ukp.dkpro.core.api.lexmorph.type.pos.POS_PRON
Pr3fs-e=de.tudarmstadt.ukp.dkpro.core.api.lexmorph.type.pos.POS_PRON
Pr3p=de.tudarmstadt.ukp.dkpro.core.api.lexmorph.type.pos.POS_PRON
Pr3p--e=de.tudarmstadt.ukp.dkpro.core.api.lexmorph.type.pos.POS_PRON
Pr3sf=de.tudarmstadt.ukp.dkpro.core.api.lexmorph.type.pos.POS_PRON
Pr3sf-e=de.tudarmstadt.ukp.dkpro.core.api.lexmorph.type.pos.POS_PRON
Pr3sm=de.tudarmstadt.ukp.dkpro.core.api.lexmorph.type.pos.POS_PRON
Pr3sm)=de.tudarmstadt.ukp.dkpro.core.api.lexmorph.type.pos.POS_PRON
Pr3sm-e=de.tudarmstadt.ukp.dkpro.core.api.lexmorph.type.pos.POS_PRON
Px=de.tudarmstadt.ukp.dkpro.core.api.lexmorph.type.pos.POS_PRON
Q--s=de.tudarmstadt.ukp.dkpro.core.api.lexmorph.type.pos.POS_PART
Q-r=de.tudarmstadt.ukp.dkpro.core.api.lexmorph.type.pos.POS_PART
Q-r*=de.tudarmstadt.ukp.dkpro.core.api.lexmorph.type.pos.POS_PART
Q-s=de.tudarmstadt.ukp.dkpro.core.api.lexmorph.type.pos.POS_PART
Qa=de.tudarmstadt.ukp.dkpro.core.api.lexmorph.type.pos.POS_PART
Qa+Q--s=de.tudarmstadt.ukp.dkpro.core.api.lexmorph.type.pos.POS_PART
Qa+Q-s=de.tudarmstadt.ukp.dkpro.core.api.lexmorph.type.pos.POS_PART
Qn=de.tudarmstadt.ukp.dkpro.core.api.lexmorph.type.pos.POS_PART
Qnm=de.tudarmstadt.ukp.dkpro.core.api.lexmorph.type.pos.POS_PART
Qnr=de.tudarmstadt.ukp.dkpro.core.api.lexmorph.type.pos.POS_PART
Qq=de.tudarmstadt.ukp.dkpro.core.api.lexmorph.type.pos.POS_PART
Qq+Q--s=de.tudarmstadt.ukp.dkpro.core.api.lexmorph.type.pos.POS_PART
R=de.tudarmstadt.ukp.dkpro.core.api.lexmorph.type.pos.POS_ADV
Rg=de.tudarmstadt.ukp.dkpro.core.api.lexmorph.type.pos.POS_ADV
Rg+Cc=de.tudarmstadt.ukp.dkpro.core.api.lexmorph.type.pos.POS_ADV
Rs=de.tudarmstadt.ukp.dkpro.core.api.lexmorph.type.pos.POS_ADV
Rt=de.tudarmstadt.ukp.dkpro.core.api.lexmorph.type.pos.POS_ADV
SP=de.tudarmstadt.ukp.dkpro.core.api.lexmorph.type.pos.POS_ADP
Sa=de.tudarmstadt.ukp.dkpro.core.api.lexmorph.type.pos.POS_ADP
Sap1p=de.tudarmstadt.ukp.dkpro.core.api.lexmorph.type.pos.POS_ADP
Sap1s=de.tudarmstadt.ukp.dkpro.core.api.lexmorph.type.pos.POS_ADP
Sap2p=de.tudarmstadt.ukp.dkpro.core.api.lexmorph.type.pos.POS_ADP
Sap3p=de.tudarmstadt.ukp.dkpro.core.api.lexmorph.type.pos.POS_ADP
Sap3sf=de.tudarmstadt.ukp.dkpro.core.api.lexmorph.type.pos.POS_ADP
Sap3sm=de.tudarmstadt.ukp.dkpro.core.api.lexmorph.type.pos.POS_ADP
Sap3sm*=de.tudarmstadt.ukp.dkpro.core.api.lexmorph.type.pos.POS_ADP
Sp=de.tudarmstadt.ukp.dkpro.core.api.lexmorph.type.pos.POS_ADP
Sp+Dp2s=de.tudarmstadt.ukp.dkpro.core.api.lexmorph.type.pos.POS_ADP
Sp+Q-r=de.tudarmstadt.ukp.dkpro.core.api.lexmorph.type.pos.POS_ADP
Sp-1s=de.tudarmstadt.ukp.dkpro.core.api.lexmorph.type.pos.POS_ADP
Sp-2s=de.tudarmstadt.ukp.dkpro.core.api.lexmorph.type.pos.POS_ADP
Spa=de.tudarmstadt.ukp.dkpro.core.api.lexmorph.type.pos.POS_ADP
Spa-p=de.tudarmstadt.ukp.dkpro.core.api.lexmorph.type.pos.POS_ADP
Spa-s=de.tudarmstadt.ukp.dkpro.core.api.lexmorph.type.pos.POS_ADP
Spp1p=de.tudarmstadt.ukp.dkpro.core.api.lexmorph.type.pos.POS_ADP
Spp1s=de.tudarmstadt.ukp.dkpro.core.api.lexmorph.type.pos.POS_ADP
Spp2p=de.tudarmstadt.ukp.dkpro.core.api.lexmorph.type.pos.POS_ADP
Spp2s=de.tudarmstadt.ukp.dkpro.core.api.lexmorph.type.pos.POS_ADP
Spp3p=de.tudarmstadt.ukp.dkpro.core.api.lexmorph.type.pos.POS_ADP
Spp3sf=de.tudarmstadt.ukp.dkpro.core.api.lexmorph.type.pos.POS_ADP
Spp3sm=de.tudarmstadt.ukp.dkpro.core.api.lexmorph.type.pos.POS_ADP
Spv=de.tudarmstadt.ukp.dkpro.core.api.lexmorph.type.pos.POS_ADP
Spv]=de.tudarmstadt.ukp.dkpro.core.api.lexmorph.type.pos.POS_ADP
Sp…=de.tudarmstadt.ukp.dkpro.core.api.lexmorph.type.pos.POS_ADP
Tdp=de.tudarmstadt.ukp.dkpro.core.api.lexmorph.type.pos.POS_DET
Tdp-g=de.tudarmstadt.ukp.dkpro.core.api.lexmorph.type.pos.POS_DET
Tdp-g*=de.tudarmstadt.ukp.dkpro.core.api.lexmorph.type.pos.POS_DET
Tdpf=de.tudarmstadt.ukp.dkpro.core.api.lexmorph.type.pos.POS_DET
Tdpf*=de.tudarmstadt.ukp.dkpro.core.api.lexmorph.type.pos.POS_DET
Tdpfg=de.tudarmstadt.ukp.dkpro.core.api.lexmorph.type.pos.POS_DET
Tdpfg*=de.tudarmstadt.ukp.dkpro.core.api.lexmorph.type.pos.POS_DET
Tdpm=de.tudarmstadt.ukp.dkpro.core.api.lexmorph.type.pos.POS_DET
Tdpm*=de.tudarmstadt.ukp.dkpro.core.api.lexmorph.type.pos.POS_DET
Tdpmg=de.tudarmstadt.ukp.dkpro.core.api.lexmorph.type.pos.POS_DET
Tdpmg*=de.tudarmstadt.ukp.dkpro.core.api.lexmorph.type.pos.POS_DET
Tds=de.tudarmstadt.ukp.dkpro.core.api.lexmorph.type.pos.POS_DET
Tds-g=de.tudarmstadt.ukp.dkpro.core.api.lexmorph.type.pos.POS_DET
Tds-g*=de.tudarmstadt.ukp.dkpro.core.api.lexmorph.type.pos.POS_DET
Tdsf=de.tudarmstadt.ukp.dkpro.core.api.lexmorph.type.pos.POS_DET
Tdsf*=de.tudarmstadt.ukp.dkpro.core.api.lexmorph.type.pos.POS_DET
Tdsfd*=de.tudarmstadt.ukp.dkpro.core.api.lexmorph.type.pos.POS_DET
Tdsfg=de.tudarmstadt.ukp.dkpro.core.api.lexmorph.type.pos.POS_DET
Tdsfg*=de.tudarmstadt.ukp.dkpro.core.api.lexmorph.type.pos.POS_DET
Tdsm=de.tudarmstadt.ukp.dkpro.core.api.lexmorph.type.pos.POS_DET
Tdsm*=de.tudarmstadt.ukp.dkpro.core.api.lexmorph.type.pos.POS_DET
Tdsmg=de.tudarmstadt.ukp.dkpro.core.api.lexmorph.type.pos.POS_DET
Tdsmg*=de.tudarmstadt.ukp.dkpro.core.api.lexmorph.type.pos.POS_DET
Tsdmg=de.tudarmstadt.ukp.dkpro.core.api.lexmorph.type.pos.POS_DET
Ua=de.tudarmstadt.ukp.dkpro.core.api.lexmorph.type.pos.POS_PART
Uc=de.tudarmstadt.ukp.dkpro.core.api.lexmorph.type.pos.POS_PART
Uf=de.tudarmstadt.ukp.dkpro.core.api.lexmorph.type.pos.POS_PART
Ug=de.tudarmstadt.ukp.dkpro.core.api.lexmorph.type.pos.POS_PART
Ug]=de.tudarmstadt.ukp.dkpro.core.api.lexmorph.type.pos.POS_PART
Um=de.tudarmstadt.ukp.dkpro.core.api.lexmorph.type.pos.POS_PART
Uo=de.tudarmstadt.ukp.dkpro.core.api.lexmorph.type.pos.POS_PART
Uo*=de.tudarmstadt.ukp.dkpro.core.api.lexmorph.type.pos.POS_PART
Up=de.tudarmstadt.ukp.dkpro.core.api.lexmorph.type.pos.POS_PART
Uq=de.tudarmstadt.ukp.dkpro.core.api.lexmorph.type.pos.POS_PART
Uq+V-p--d=de.tudarmstadt.ukp.dkpro.core.api.lexmorph.type.pos.POS_PART
Uv=de.tudarmstadt.ukp.dkpro.core.api.lexmorph.type.pos.POS_PART
V--f--d=de.tudarmstadt.ukp.dkpro.core.api.lexmorph.type.pos.POS_VERB
V--s-0d=de.tudarmstadt.ukp.dkpro.core.api.lexmorph.type.pos.POS_VERB
V-f=de.tudarmstadt.ukp.dkpro.core.api.lexmorph.type.pos.POS_VERB
V-f*=de.tudarmstadt.ukp.dkpro.core.api.lexmorph.type.pos.POS_VERB
V-f--d=de.tudarmstadt.ukp.dkpro.core.api.lexmorph.type.pos.POS_VERB
V-f--r=de.tudarmstadt.ukp.dkpro.core.api.lexmorph.type.pos.POS_VERB
V-f--r*=de.tudarmstadt.ukp.dkpro.core.api.lexmorph.type.pos.POS_VERB
V-f0=de.tudarmstadt.ukp.dkpro.core.api.lexmorph.type.pos.POS_VERB
V-f0-d=de.tudarmstadt.ukp.dkpro.core.api.lexmorph.type.pos.POS_VERB
V-h=de.tudarmstadt.ukp.dkpro.core.api.lexmorph.type.pos.POS_VERB
V-h*=de.tudarmstadt.ukp.dkpro.core.api.lexmorph.type.pos.POS_VERB
V-h--d=de.tudarmstadt.ukp.dkpro.core.api.lexmorph.type.pos.POS_VERB
V-h0=de.tudarmstadt.ukp.dkpro.core.api.lexmorph.type.pos.POS_VERB
V-h0-d=de.tudarmstadt.ukp.dkpro.core.api.lexmorph.type.pos.POS_VERB
V-h1p=de.tudarmstadt.ukp.dkpro.core.api.lexmorph.type.pos.POS_VERB
V-h1pd=de.tudarmstadt.ukp.dkpro.core.api.lexmorph.type.pos.POS_VERB
V-h1s=de.tudarmstadt.ukp.dkpro.core.api.lexmorph.type.pos.POS_VERB
V-h1s-e=de.tudarmstadt.ukp.dkpro.core.api.lexmorph.type.pos.POS_VERB
V-h1sd=de.tudarmstadt.ukp.dkpro.core.api.lexmorph.type.pos.POS_VERB
V-h1sde=de.tudarmstadt.ukp.dkpro.core.api.lexmorph.type.pos.POS_VERB
V-p=de.tudarmstadt.ukp.dkpro.core.api.lexmorph.type.pos.POS_VERB
V-p--d=de.tudarmstadt.ukp.dkpro.core.api.lexmorph.type.pos.POS_VERB
V-p0=de.tudarmstadt.ukp.dkpro.core.api.lexmorph.type.pos.POS_VERB
V-p0-d=de.tudarmstadt.ukp.dkpro.core.api.lexmorph.type.pos.POS_VERB
V-s=de.tudarmstadt.ukp.dkpro.core.api.lexmorph.type.pos.POS_VERB
V-s*=de.tudarmstadt.ukp.dkpro.core.api.lexmorph.type.pos.POS_VERB
V-s--d=de.tudarmstadt.ukp.dkpro.core.api.lexmorph.type.pos.POS_VERB
V-s--d*=de.tudarmstadt.ukp.dkpro.core.api.lexmorph.type.pos.POS_VERB
V-s0=de.tudarmstadt.ukp.dkpro.core.api.lexmorph.type.pos.POS_VERB
V-s0-d=de.tudarmstadt.ukp.dkpro.core.api.lexmorph.type.pos.POS_VERB
V-s]=de.tudarmstadt.ukp.dkpro.core.api.lexmorph.type.pos.POS_VERB
Vm=de.tudarmstadt.ukp.dkpro.core.api.lexmorph.type.pos.POS_VERB
Vm-1p=de.tudarmstadt.ukp.dkpro.core.api.lexmorph.type.pos.POS_VERB
Vm-2p=de.tudarmstadt.ukp.dkpro.core.api.lexmorph.type.pos.POS_VERB
Vm-2s=de.tudarmstadt.ukp.dkpro.core.api.lexmorph.type.pos.POS_VERB
Vm-3=de.tudarmstadt.ukp.dkpro.core.api.lexmorph.type.pos.POS_VERB
Wp-i=de.tudarmstadt.ukp.dkpro.core.api.lexmorph.type.pos.POS_X
Wp-i-3=de.tudarmstadt.ukp.dkpro.core.api.lexmorph.type.pos.POS_X
Wp-i-x=de.tudarmstadt.ukp.dkpro.core.api.lexmorph.type.pos.POS_X
Wp-in=de.tudarmstadt.ukp.dkpro.core.api.lexmorph.type.pos.POS_X
Wpdia=de.tudarmstadt.ukp.dkpro.core.api.lexmorph.type.pos.POS_X
Wpdin=de.tudarmstadt.ukp.dkpro.core.api.lexmorph.type.pos.POS_X
Wpdqa=de.tudarmstadt.ukp.dkpro.core.api.lexmorph.type.pos.POS_X
Wpdqn=de.tudarmstadt.ukp.dkpro.core.api.lexmorph.type.pos.POS_X
Wpr=de.tudarmstadt.ukp.dkpro.core.api.lexmorph.type.pos.POS_X
Wpr*=de.tudarmstadt.ukp.dkpro.core.api.lexmorph.type.pos.POS_X
Wps=de.tudarmstadt.ukp.dkpro.core.api.lexmorph.type.pos.POS_X
Ws=de.tudarmstadt.ukp.dkpro.core.api.lexmorph.type.pos.POS_X
Xa=de.tudarmstadt.ukp.dkpro.core.api.lexmorph.type.pos.POS_X
Xf=de.tudarmstadt.ukp.dkpro.core.api.lexmorph.type.pos.POS_X
Xfe=de.tudarmstadt.ukp.dkpro.core.api.lexmorph.type.pos.POS_X
Xfe]=de.tudarmstadt.ukp.dkpro.core.api.lexmorph.type.pos.POS_X
Xfi=de.tudarmstadt.ukp.dkpro.core.api.lexmorph.type.pos.POS_X
Xsc=de.tudarmstadt.ukp.dkpro.core.api.lexmorph.type.pos.POS_X
Xsi=de.tudarmstadt.ukp.dkpro.core.api.lexmorph.type.pos.POS_X
Xsp=de.tudarmstadt.ukp.dkpro.core.api.lexmorph.type.pos.POS_X
Xx=de.tudarmstadt.ukp.dkpro.core.api.lexmorph.type.pos.POS_X
Xy=de.tudarmstadt.ukp.dkpro.core.api.lexmorph.type.pos.POS_X
Y=de.tudarmstadt.ukp.dkpro.core.api.lexmorph.type.pos.POS_X
nn-mn=de.tudarmstadt.ukp.dkpro.core.api.lexmorph.type.pos.POS_X
sa=de.tudarmstadt.ukp.dkpro.core.api.lexmorph.type.pos.POS_X
tdsm=de.tudarmstadt.ukp.dkpro.core.api.lexmorph.type.pos.POS_DET