*=de.tudarmstadt.ukp.dkpro.core.api.lexmorph.type.pos.POS
„=de.tudarmstadt.ukp.dkpro.core.api.lexmorph.type.pos.POS_PUNCT
(=de.tudarmstadt.ukp.dkpro.core.api.lexmorph.type.pos.POS_PUNCT
)=de.tudarmstadt.ukp.dkpro.core.api.lexmorph.type.pos.POS_PUNCT
\*=de.tudarmstadt.ukp.dkpro.core.api.lexmorph.type.pos.POS_PUNCT
+=de.tudarmstadt.ukp.dkpro.core.api.lexmorph.type.pos.POS_PUNCT
,=de.tudarmstadt.ukp.dkpro.core.api.lexmorph.type.pos.POS_PUNCT
-=de.tudarmstadt.ukp.dkpro.core.api.lexmorph.type.pos.POS_PUNCT
–=de.tudarmstadt.ukp.dkpro.core.api.lexmorph.type.pos.POS_PUNCT
--=de.tudarmstadt.ukp.dkpro.core.api.lexmorph.type.pos.POS_PUNCT
---=de.tudarmstadt.ukp.dkpro.core.api.lexmorph.type.pos.POS_PUNCT
.=de.tudarmstadt.ukp.dkpro.core.api.lexmorph.type.pos.POS_PUNCT
@=de.tudarmstadt.ukp.dkpro.core.api.lexmorph.type.pos.POS_X
Nhee-s=de.tudarmstadt.ukp.dkpro.core.api.lexmorph.type.pos.POS_NOUN
Nheþ-s=de.tudarmstadt.ukp.dkpro.core.api.lexmorph.type.pos.POS_NOUN
Nhfn-s=de.tudarmstadt.ukp.dkpro.core.api.lexmorph.type.pos.POS_NOUN
Nhfo-s=de.tudarmstadt.ukp.dkpro.core.api.lexmorph.type.pos.POS_NOUN
Nkee-s=de.tudarmstadt.ukp.dkpro.core.api.lexmorph.type.pos.POS_NOUN
Nken-s=de.tudarmstadt.ukp.dkpro.core.api.lexmorph.type.pos.POS_NOUN
Nkeo-s=de.tudarmstadt.ukp.dkpro.core.api.lexmorph.type.pos.POS_NOUN
Nkeþ-s=de.tudarmstadt.ukp.dkpro.core.api.lexmorph.type.pos.POS_NOUN
Nkfn-g=de.tudarmstadt.ukp.dkpro.core.api.lexmorph.type.pos.POS_NOUN
Nkfn-s=de.tudarmstadt.ukp.dkpro.core.api.lexmorph.type.pos.POS_NOUN
Nvee-s=de.tudarmstadt.ukp.dkpro.core.api.lexmorph.type.pos.POS_NOUN
Nven-s=de.tudarmstadt.ukp.dkpro.core.api.lexmorph.type.pos.POS_NOUN
Nveo-s=de.tudarmstadt.ukp.dkpro.core.api.lexmorph.type.pos.POS_NOUN
Nveþ-s=de.tudarmstadt.ukp.dkpro.core.api.lexmorph.type.pos.POS_NOUN
Nvfn-s=de.tudarmstadt.ukp.dkpro.core.api.lexmorph.type.pos.POS_NOUN
Nvfo-s=de.tudarmstadt.ukp.dkpro.core.api.lexmorph.type.pos.POS_NOUN
Nxee-s=de.tudarmstadt.ukp.dkpro.core.api.lexmorph.type.pos.POS_NOUN
Nxen-s=de.tudarmstadt.ukp.dkpro.core.api.lexmorph.type.pos.POS_NOUN
Nxeþ-s=de.tudarmstadt.ukp.dkpro.core.api.lexmorph.type.pos.POS_NOUN
Nxfþ-s=de.tudarmstadt.ukp.dkpro.core.api.lexmorph.type.pos.POS_NOUN
P=de.tudarmstadt.ukp.dkpro.core.api.lexmorph.type.pos.POS_X
PP=de.tudarmstadt.ukp.dkpro.core.api.lexmorph.type.pos.POS_X
VS=de.tudarmstadt.ukp.dkpro.core.api.lexmorph.type.pos.POS_X
[=de.tudarmstadt.ukp.dkpro.core.api.lexmorph.type.pos.POS_PUNCT
]=de.tudarmstadt.ukp.dkpro.core.api.lexmorph.type.pos.POS_PUNCT
_=de.tudarmstadt.ukp.dkpro.core.api.lexmorph.type.pos.POS_PUNCT
aa=de.tudarmstadt.ukp.dkpro.core.api.lexmorph.type.pos.POS_ADP
aaa=de.tudarmstadt.ukp.dkpro.core.api.lexmorph.type.pos.POS_ADP
aae=de.tudarmstadt.ukp.dkpro.core.api.lexmorph.type.pos.POS_ADP
aam=de.tudarmstadt.ukp.dkpro.core.api.lexmorph.type.pos.POS_ADP
ae=de.tudarmstadt.ukp.dkpro.core.api.lexmorph.type.pos.POS_ADP
ao=de.tudarmstadt.ukp.dkpro.core.api.lexmorph.type.pos.POS_ADP
as=de.tudarmstadt.ukp.dkpro.core.api.lexmorph.type.pos.POS_ADP
au=de.tudarmstadt.ukp.dkpro.core.api.lexmorph.type.pos.POS_ADP
aui=de.tudarmstadt.ukp.dkpro.core.api.lexmorph.type.pos.POS_ADP
awa=de.tudarmstadt.ukp.dkpro.core.api.lexmorph.type.pos.POS_ADP
aþ=de.tudarmstadt.ukp.dkpro.core.api.lexmorph.type.pos.POS_ADP
aþe=de.tudarmstadt.ukp.dkpro.core.api.lexmorph.type.pos.POS_ADP
aþm=de.tudarmstadt.ukp.dkpro.core.api.lexmorph.type.pos.POS_ADP
c=de.tudarmstadt.ukp.dkpro.core.api.lexmorph.type.pos.POS_CONJ
cn=de.tudarmstadt.ukp.dkpro.core.api.lexmorph.type.pos.POS_CONJ
ct=de.tudarmstadt.ukp.dkpro.core.api.lexmorph.type.pos.POS_CONJ
e=de.tudarmstadt.ukp.dkpro.core.api.lexmorph.type.pos.POS_X
fahee=de.tudarmstadt.ukp.dkpro.core.api.lexmorph.type.pos.POS_PRON
fahen=de.tudarmstadt.ukp.dkpro.core.api.lexmorph.type.pos.POS_PRON
faheo=de.tudarmstadt.ukp.dkpro.core.api.lexmorph.type.pos.POS_PRON
faheþ=de.tudarmstadt.ukp.dkpro.core.api.lexmorph.type.pos.POS_PRON
fahfe=de.tudarmstadt.ukp.dkpro.core.api.lexmorph.type.pos.POS_PRON
fahfn=de.tudarmstadt.ukp.dkpro.core.api.lexmorph.type.pos.POS_PRON
fahfo=de.tudarmstadt.ukp.dkpro.core.api.lexmorph.type.pos.POS_PRON
fahfþ=de.tudarmstadt.ukp.dkpro.core.api.lexmorph.type.pos.POS_PRON
fahne=de.tudarmstadt.ukp.dkpro.core.api.lexmorph.type.pos.POS_PRON
fakee=de.tudarmstadt.ukp.dkpro.core.api.lexmorph.type.pos.POS_PRON
faken=de.tudarmstadt.ukp.dkpro.core.api.lexmorph.type.pos.POS_PRON
fakeo=de.tudarmstadt.ukp.dkpro.core.api.lexmorph.type.pos.POS_PRON
fakeþ=de.tudarmstadt.ukp.dkpro.core.api.lexmorph.type.pos.POS_PRON
fakfe=de.tudarmstadt.ukp.dkpro.core.api.lexmorph.type.pos.POS_PRON
fakfn=de.tudarmstadt.ukp.dkpro.core.api.lexmorph.type.pos.POS_PRON
fakfo=de.tudarmstadt.ukp.dkpro.core.api.lexmorph.type.pos.POS_PRON
fakfþ=de.tudarmstadt.ukp.dkpro.core.api.lexmorph.type.pos.POS_PRON
favee=de.tudarmstadt.ukp.dkpro.core.api.lexmorph.type.pos.POS_PRON
faven=de.tudarmstadt.ukp.dkpro.core.api.lexmorph.type.pos.POS_PRON
faveo=de.tudarmstadt.ukp.dkpro.core.api.lexmorph.type.pos.POS_PRON
faveþ=de.tudarmstadt.ukp.dkpro.core.api.lexmorph.type.pos.POS_PRON
favfe=de.tudarmstadt.ukp.dkpro.core.api.lexmorph.type.pos.POS_PRON
favfn=de.tudarmstadt.ukp.dkpro.core.api.lexmorph.type.pos.POS_PRON
favfo=de.tudarmstadt.ukp.dkpro.core.api.lexmorph.type.pos.POS_PRON
favfþ=de.tudarmstadt.ukp.dkpro.core.api.lexmorph.type.pos.POS_PRON
fbhee=de.tudarmstadt.ukp.dkpro.core.api.lexmorph.type.pos.POS_PRON
fbhen=de.tudarmstadt.ukp.dkpro.core.api.lexmorph.type.pos.POS_PRON
fbheo=de.tudarmstadt.ukp.dkpro.core.api.lexmorph.type.pos.POS_PRON
fbheþ=de.tudarmstadt.ukp.dkpro.core.api.lexmorph.type.pos.POS_PRON
fbhfe=de.tudarmstadt.ukp.dkpro.core.api.lexmorph.type.pos.POS_PRON
fbhfn=de.tudarmstadt.ukp.dkpro.core.api.lexmorph.type.pos.POS_PRON
fbhfo=de.tudarmstadt.ukp.dkpro.core.api.lexmorph.type.pos.POS_PRON
fbhfþ=de.tudarmstadt.ukp.dkpro.core.api.lexmorph.type.pos.POS_PRON
fbkee=de.tudarmstadt.ukp.dkpro.core.api.lexmorph.type.pos.POS_PRON
fbken=de.tudarmstadt.ukp.dkpro.core.api.lexmorph.type.pos.POS_PRON
fbkeo=de.tudarmstadt.ukp.dkpro.core.api.lexmorph.type.pos.POS_PRON
fbkeþ=de.tudarmstadt.ukp.dkpro.core.api.lexmorph.type.pos.POS_PRON
fbkfe=de.tudarmstadt.ukp.dkpro.core.api.lexmorph.type.pos.POS_PRON
fbkfn=de.tudarmstadt.ukp.dkpro.core.api.lexmorph.type.pos.POS_PRON
fbkfo=de.tudarmstadt.ukp.dkpro.core.api.lexmorph.type.pos.POS_PRON
fbkfþ=de.tudarmstadt.ukp.dkpro.core.api.lexmorph.type.pos.POS_PRON
fbvee=de.tudarmstadt.ukp.dkpro.core.api.lexmorph.type.pos.POS_PRON
fbven=de.tudarmstadt.ukp.dkpro.core.api.lexmorph.type.pos.POS_PRON
fbveo=de.tudarmstadt.ukp.dkpro.core.api.lexmorph.type.pos.POS_PRON
fbveþ=de.tudarmstadt.ukp.dkpro.core.api.lexmorph.type.pos.POS_PRON
fbvfe=de.tudarmstadt.ukp.dkpro.core.api.lexmorph.type.pos.POS_PRON
fbvfn=de.tudarmstadt.ukp.dkpro.core.api.lexmorph.type.pos.POS_PRON
fbvfo=de.tudarmstadt.ukp.dkpro.core.api.lexmorph.type.pos.POS_PRON
fbvfþ=de.tudarmstadt.ukp.dkpro.core.api.lexmorph.type.pos.POS_PRON
fehee=de.tudarmstadt.ukp.dkpro.core.api.lexmorph.type.pos.POS_PRON
fehen=de.tudarmstadt.ukp.dkpro.core.api.lexmorph.type.pos.POS_PRON
feheo=de.tudarmstadt.ukp.dkpro.core.api.lexmorph.type.pos.POS_PRON
feheþ=de.tudarmstadt.ukp.dkpro.core.api.lexmorph.type.pos.POS_PRON
fehfe=de.tudarmstadt.ukp.dkpro.core.api.lexmorph.type.pos.POS_PRON
fehfn=de.tudarmstadt.ukp.dkpro.core.api.lexmorph.type.pos.POS_PRON
fehfo=de.tudarmstadt.ukp.dkpro.core.api.lexmorph.type.pos.POS_PRON
fehfþ=de.tudarmstadt.ukp.dkpro.core.api.lexmorph.type.pos.POS_PRON
fekee=de.tudarmstadt.ukp.dkpro.core.api.lexmorph.type.pos.POS_PRON
feken=de.tudarmstadt.ukp.dkpro.core.api.lexmorph.type.pos.POS_PRON
fekeo=de.tudarmstadt.ukp.dkpro.core.api.lexmorph.type.pos.POS_PRON
fekeþ=de.tudarmstadt.ukp.dkpro.core.api.lexmorph.type.pos.POS_PRON
fekfe=de.tudarmstadt.ukp.dkpro.core.api.lexmorph.type.pos.POS_PRON
fekfn=de.tudarmstadt.ukp.dkpro.core.api.lexmorph.type.pos.POS_PRON
fekfo=de.tudarmstadt.ukp.dkpro.core.api.lexmorph.type.pos.POS_PRON
fekfþ=de.tudarmstadt.ukp.dkpro.core.api.lexmorph.type.pos.POS_PRON
fevee=de.tudarmstadt.ukp.dkpro.core.api.lexmorph.type.pos.POS_PRON
feven=de.tudarmstadt.ukp.dkpro.core.api.lexmorph.type.pos.POS_PRON
feveo=de.tudarmstadt.ukp.dkpro.core.api.lexmorph.type.pos.POS_PRON
feveþ=de.tudarmstadt.ukp.dkpro.core.api.lexmorph.type.pos.POS_PRON
fevfe=de.tudarmstadt.ukp.dkpro.core.api.lexmorph.type.pos.POS_PRON
fevfn=de.tudarmstadt.ukp.dkpro.core.api.lexmorph.type.pos.POS_PRON
fevfo=de.tudarmstadt.ukp.dkpro.core.api.lexmorph.type.pos.POS_PRON
fevfþ=de.tudarmstadt.ukp.dkpro.core.api.lexmorph.type.pos.POS_PRON
fo1fþ=de.tudarmstadt.ukp.dkpro.core.api.lexmorph.type.pos.POS_PRON
fofvn=de.tudarmstadt.ukp.dkpro.core.api.lexmorph.type.pos.POS_PRON
fohee=de.tudarmstadt.ukp.dkpro.core.api.lexmorph.type.pos.POS_PRON
fohen=de.tudarmstadt.ukp.dkpro.core.api.lexmorph.type.pos.POS_PRON
foheo=de.tudarmstadt.ukp.dkpro.core.api.lexmorph.type.pos.POS_PRON
foheþ=de.tudarmstadt.ukp.dkpro.core.api.lexmorph.type.pos.POS_PRON
fohfe=de.tudarmstadt.ukp.dkpro.core.api.lexmorph.type.pos.POS_PRON
fohfn=de.tudarmstadt.ukp.dkpro.core.api.lexmorph.type.pos.POS_PRON
fohfo=de.tudarmstadt.ukp.dkpro.core.api.lexmorph.type.pos.POS_PRON
fohfþ=de.tudarmstadt.ukp.dkpro.core.api.lexmorph.type.pos.POS_PRON
fokee=de.tudarmstadt.ukp.dkpro.core.api.lexmorph.type.pos.POS_PRON
foken=de.tudarmstadt.ukp.dkpro.core.api.lexmorph.type.pos.POS_PRON
fokeo=de.tudarmstadt.ukp.dkpro.core.api.lexmorph.type.pos.POS_PRON
fokeþ=de.tudarmstadt.ukp.dkpro.core.api.lexmorph.type.pos.POS_PRON
fokfe=de.tudarmstadt.ukp.dkpro.core.api.lexmorph.type.pos.POS_PRON
fokfn=de.tudarmstadt.ukp.dkpro.core.api.lexmorph.type.pos.POS_PRON
fokfo=de.tudarmstadt.ukp.dkpro.core.api.lexmorph.type.pos.POS_PRON
fokfþ=de.tudarmstadt.ukp.dkpro.core.api.lexmorph.type.pos.POS_PRON
fovee=de.tudarmstadt.ukp.dkpro.core.api.lexmorph.type.pos.POS_PRON
foven=de.tudarmstadt.ukp.dkpro.core.api.lexmorph.type.pos.POS_PRON
foveo=de.tudarmstadt.ukp.dkpro.core.api.lexmorph.type.pos.POS_PRON
foveþ=de.tudarmstadt.ukp.dkpro.core.api.lexmorph.type.pos.POS_PRON
fovfe=de.tudarmstadt.ukp.dkpro.core.api.lexmorph.type.pos.POS_PRON
fovfn=de.tudarmstadt.ukp.dkpro.core.api.lexmorph.type.pos.POS_PRON
fovfo=de.tudarmstadt.ukp.dkpro.core.api.lexmorph.type.pos.POS_PRON
fovfþ=de.tudarmstadt.ukp.dkpro.core.api.lexmorph.type.pos.POS_PRON
fp1ee=de.tudarmstadt.ukp.dkpro.core.api.lexmorph.type.pos.POS_PRON
fp1en=de.tudarmstadt.ukp.dkpro.core.api.lexmorph.type.pos.POS_PRON
fp1eo=de.tudarmstadt.ukp.dkpro.core.api.lexmorph.type.pos.POS_PRON
fp1eþ=de.tudarmstadt.ukp.dkpro.core.api.lexmorph.type.pos.POS_PRON
fp1fe=de.tudarmstadt.ukp.dkpro.core.api.lexmorph.type.pos.POS_PRON
fp1fn=de.tudarmstadt.ukp.dkpro.core.api.lexmorph.type.pos.POS_PRON
fp1fo=de.tudarmstadt.ukp.dkpro.core.api.lexmorph.type.pos.POS_PRON
fp1fþ=de.tudarmstadt.ukp.dkpro.core.api.lexmorph.type.pos.POS_PRON
fp2ee=de.tudarmstadt.ukp.dkpro.core.api.lexmorph.type.pos.POS_PRON
fp2en=de.tudarmstadt.ukp.dkpro.core.api.lexmorph.type.pos.POS_PRON
fp2eo=de.tudarmstadt.ukp.dkpro.core.api.lexmorph.type.pos.POS_PRON
fp2eþ=de.tudarmstadt.ukp.dkpro.core.api.lexmorph.type.pos.POS_PRON
fp2fe=de.tudarmstadt.ukp.dkpro.core.api.lexmorph.type.pos.POS_PRON
fp2fn=de.tudarmstadt.ukp.dkpro.core.api.lexmorph.type.pos.POS_PRON
fp2fo=de.tudarmstadt.ukp.dkpro.core.api.lexmorph.type.pos.POS_PRON
fp2fþ=de.tudarmstadt.ukp.dkpro.core.api.lexmorph.type.pos.POS_PRON
fpekn=de.tudarmstadt.ukp.dkpro.core.api.lexmorph.type.pos.POS_PRON
fpfkþ=de.tudarmstadt.ukp.dkpro.core.api.lexmorph.type.pos.POS_PRON
fphee=de.tudarmstadt.ukp.dkpro.core.api.lexmorph.type.pos.POS_PRON
fphen=de.tudarmstadt.ukp.dkpro.core.api.lexmorph.type.pos.POS_PRON
fpheo=de.tudarmstadt.ukp.dkpro.core.api.lexmorph.type.pos.POS_PRON
fpheþ=de.tudarmstadt.ukp.dkpro.core.api.lexmorph.type.pos.POS_PRON
fphfe=de.tudarmstadt.ukp.dkpro.core.api.lexmorph.type.pos.POS_PRON
fphfn=de.tudarmstadt.ukp.dkpro.core.api.lexmorph.type.pos.POS_PRON
fphfo=de.tudarmstadt.ukp.dkpro.core.api.lexmorph.type.pos.POS_PRON
fphfþ=de.tudarmstadt.ukp.dkpro.core.api.lexmorph.type.pos.POS_PRON
fpkee=de.tudarmstadt.ukp.dkpro.core.api.lexmorph.type.pos.POS_PRON
fpken=de.tudarmstadt.ukp.dkpro.core.api.lexmorph.type.pos.POS_PRON
fpkeo=de.tudarmstadt.ukp.dkpro.core.api.lexmorph.type.pos.POS_PRON
fpkeþ=de.tudarmstadt.ukp.dkpro.core.api.lexmorph.type.pos.POS_PRON
fpkfe=de.tudarmstadt.ukp.dkpro.core.api.lexmorph.type.pos.POS_PRON
fpkfn=de.tudarmstadt.ukp.dkpro.core.api.lexmorph.type.pos.POS_PRON
fpkfo=de.tudarmstadt.ukp.dkpro.core.api.lexmorph.type.pos.POS_PRON
fpkfþ=de.tudarmstadt.ukp.dkpro.core.api.lexmorph.type.pos.POS_PRON
fpvee=de.tudarmstadt.ukp.dkpro.core.api.lexmorph.type.pos.POS_PRON
fpven=de.tudarmstadt.ukp.dkpro.core.api.lexmorph.type.pos.POS_PRON
fpveo=de.tudarmstadt.ukp.dkpro.core.api.lexmorph.type.pos.POS_PRON
fpveþ=de.tudarmstadt.ukp.dkpro.core.api.lexmorph.type.pos.POS_PRON
fpvfe=de.tudarmstadt.ukp.dkpro.core.api.lexmorph.type.pos.POS_PRON
fpvfn=de.tudarmstadt.ukp.dkpro.core.api.lexmorph.type.pos.POS_PRON
fpvfo=de.tudarmstadt.ukp.dkpro.core.api.lexmorph.type.pos.POS_PRON
fpvfþ=de.tudarmstadt.ukp.dkpro.core.api.lexmorph.type.pos.POS_PRON
fshee=de.tudarmstadt.ukp.dkpro.core.api.lexmorph.type.pos.POS_PRON
fshen=de.tudarmstadt.ukp.dkpro.core.api.lexmorph.type.pos.POS_PRON
fsheo=de.tudarmstadt.ukp.dkpro.core.api.lexmorph.type.pos.POS_PRON
fsheþ=de.tudarmstadt.ukp.dkpro.core.api.lexmorph.type.pos.POS_PRON
fshfe=de.tudarmstadt.ukp.dkpro.core.api.lexmorph.type.pos.POS_PRON
fshfn=de.tudarmstadt.ukp.dkpro.core.api.lexmorph.type.pos.POS_PRON
fshfo=de.tudarmstadt.ukp.dkpro.core.api.lexmorph.type.pos.POS_PRON
fshfþ=de.tudarmstadt.ukp.dkpro.core.api.lexmorph.type.pos.POS_PRON
fshgeo=de.tudarmstadt.ukp.dkpro.core.api.lexmorph.type.pos.POS_PRON
fskee=de.tudarmstadt.ukp.dkpro.core.api.lexmorph.type.pos.POS_PRON
fsken=de.tudarmstadt.ukp.dkpro.core.api.lexmorph.type.pos.POS_PRON
fskeo=de.tudarmstadt.ukp.dkpro.core.api.lexmorph.type.pos.POS_PRON
fskeþ=de.tudarmstadt.ukp.dkpro.core.api.lexmorph.type.pos.POS_PRON
fskfe=de.tudarmstadt.ukp.dkpro.core.api.lexmorph.type.pos.POS_PRON
fskfn=de.tudarmstadt.ukp.dkpro.core.api.lexmorph.type.pos.POS_PRON
fskfo=de.tudarmstadt.ukp.dkpro.core.api.lexmorph.type.pos.POS_PRON
fskfþ=de.tudarmstadt.ukp.dkpro.core.api.lexmorph.type.pos.POS_PRON
fsvee=de.tudarmstadt.ukp.dkpro.core.api.lexmorph.type.pos.POS_PRON
fsven=de.tudarmstadt.ukp.dkpro.core.api.lexmorph.type.pos.POS_PRON
fsveo=de.tudarmstadt.ukp.dkpro.core.api.lexmorph.type.pos.POS_PRON
fsveþ=de.tudarmstadt.ukp.dkpro.core.api.lexmorph.type.pos.POS_PRON
fsvfn=de.tudarmstadt.ukp.dkpro.core.api.lexmorph.type.pos.POS_PRON
fsvfo=de.tudarmstadt.ukp.dkpro.core.api.lexmorph.type.pos.POS_PRON
fsvfþ=de.tudarmstadt.ukp.dkpro.core.api.lexmorph.type.pos.POS_PRON
ghee=de.tudarmstadt.ukp.dkpro.core.api.lexmorph.type.pos.POS_DET
ghen=de.tudarmstadt.ukp.dkpro.core.api.lexmorph.type.pos.POS_DET
gheo=de.tudarmstadt.ukp.dkpro.core.api.lexmorph.type.pos.POS_DET
gheþ=de.tudarmstadt.ukp.dkpro.core.api.lexmorph.type.pos.POS_DET
ghfe=de.tudarmstadt.ukp.dkpro.core.api.lexmorph.type.pos.POS_DET
ghfn=de.tudarmstadt.ukp.dkpro.core.api.lexmorph.type.pos.POS_DET
ghfo=de.tudarmstadt.ukp.dkpro.core.api.lexmorph.type.pos.POS_DET
ghfþ=de.tudarmstadt.ukp.dkpro.core.api.lexmorph.type.pos.POS_DET
gkee=de.tudarmstadt.ukp.dkpro.core.api.lexmorph.type.pos.POS_DET
gken=de.tudarmstadt.ukp.dkpro.core.api.lexmorph.type.pos.POS_DET
gkeo=de.tudarmstadt.ukp.dkpro.core.api.lexmorph.type.pos.POS_DET
gkeþ=de.tudarmstadt.ukp.dkpro.core.api.lexmorph.type.pos.POS_DET
gkfe=de.tudarmstadt.ukp.dkpro.core.api.lexmorph.type.pos.POS_DET
gkfn=de.tudarmstadt.ukp.dkpro.core.api.lexmorph.type.pos.POS_DET
gkfo=de.tudarmstadt.ukp.dkpro.core.api.lexmorph.type.pos.POS_DET
gkfþ=de.tudarmstadt.ukp.dkpro.core.api.lexmorph.type.pos.POS_DET
gvee=de.tudarmstadt.ukp.dkpro.core.api.lexmorph.type.pos.POS_DET
gven=de.tudarmstadt.ukp.dkpro.core.api.lexmorph.type.pos.POS_DET
gveo=de.tudarmstadt.ukp.dkpro.core.api.lexmorph.type.pos.POS_DET
gveþ=de.tudarmstadt.ukp.dkpro.core.api.lexmorph.type.pos.POS_DET
gvfe=de.tudarmstadt.ukp.dkpro.core.api.lexmorph.type.pos.POS_DET
gvfn=de.tudarmstadt.ukp.dkpro.core.api.lexmorph.type.pos.POS_DET
gvfo=de.tudarmstadt.ukp.dkpro.core.api.lexmorph.type.pos.POS_DET
gvfþ=de.tudarmstadt.ukp.dkpro.core.api.lexmorph.type.pos.POS_DET
hg=de.tudarmstadt.ukp.dkpro.core.api.lexmorph.type.pos.POS_X
l=de.tudarmstadt.ukp.dkpro.core.api.lexmorph.type.pos.POS_ADJ
lheeof=de.tudarmstadt.ukp.dkpro.core.api.lexmorph.type.pos.POS_ADJ
lheese=de.tudarmstadt.ukp.dkpro.core.api.lexmorph.type.pos.POS_ADJ
lheesf=de.tudarmstadt.ukp.dkpro.core.api.lexmorph.type.pos.POS_ADJ
lheeve=de.tudarmstadt.ukp.dkpro.core.api.lexmorph.type.pos.POS_ADJ
lheevf=de.tudarmstadt.ukp.dkpro.core.api.lexmorph.type.pos.POS_ADJ
lheevm=de.tudarmstadt.ukp.dkpro.core.api.lexmorph.type.pos.POS_ADJ
lhenof=de.tudarmstadt.ukp.dkpro.core.api.lexmorph.type.pos.POS_ADJ
lhense=de.tudarmstadt.ukp.dkpro.core.api.lexmorph.type.pos.POS_ADJ
lhensef=de.tudarmstadt.ukp.dkpro.core.api.lexmorph.type.pos.POS_ADJ
lhensf=de.tudarmstadt.ukp.dkpro.core.api.lexmorph.type.pos.POS_ADJ
lhensm=de.tudarmstadt.ukp.dkpro.core.api.lexmorph.type.pos.POS_ADJ
lhenve=de.tudarmstadt.ukp.dkpro.core.api.lexmorph.type.pos.POS_ADJ
lhenvf=de.tudarmstadt.ukp.dkpro.core.api.lexmorph.type.pos.POS_ADJ
lhenvm=de.tudarmstadt.ukp.dkpro.core.api.lexmorph.type.pos.POS_ADJ
lheof=de.tudarmstadt.ukp.dkpro.core.api.lexmorph.type.pos.POS_ADJ
lheoof=de.tudarmstadt.ukp.dkpro.core.api.lexmorph.type.pos.POS_ADJ
lheose=de.tudarmstadt.ukp.dkpro.core.api.lexmorph.type.pos.POS_ADJ
lheosf=de.tudarmstadt.ukp.dkpro.core.api.lexmorph.type.pos.POS_ADJ
lheosm=de.tudarmstadt.ukp.dkpro.core.api.lexmorph.type.pos.POS_ADJ
lheove=de.tudarmstadt.ukp.dkpro.core.api.lexmorph.type.pos.POS_ADJ
lheovf=de.tudarmstadt.ukp.dkpro.core.api.lexmorph.type.pos.POS_ADJ
lheovm=de.tudarmstadt.ukp.dkpro.core.api.lexmorph.type.pos.POS_ADJ
lheþof=de.tudarmstadt.ukp.dkpro.core.api.lexmorph.type.pos.POS_ADJ
lheþse=de.tudarmstadt.ukp.dkpro.core.api.lexmorph.type.pos.POS_ADJ
lheþsf=de.tudarmstadt.ukp.dkpro.core.api.lexmorph.type.pos.POS_ADJ
lheþve=de.tudarmstadt.ukp.dkpro.core.api.lexmorph.type.pos.POS_ADJ
lheþvf=de.tudarmstadt.ukp.dkpro.core.api.lexmorph.type.pos.POS_ADJ
lheþvm=de.tudarmstadt.ukp.dkpro.core.api.lexmorph.type.pos.POS_ADJ
lhfeof=de.tudarmstadt.ukp.dkpro.core.api.lexmorph.type.pos.POS_ADJ
lhfese=de.tudarmstadt.ukp.dkpro.core.api.lexmorph.type.pos.POS_ADJ
lhfesf=de.tudarmstadt.ukp.dkpro.core.api.lexmorph.type.pos.POS_ADJ
lhfeve=de.tudarmstadt.ukp.dkpro.core.api.lexmorph.type.pos.POS_ADJ
lhfevf=de.tudarmstadt.ukp.dkpro.core.api.lexmorph.type.pos.POS_ADJ
lhfevm=de.tudarmstadt.ukp.dkpro.core.api.lexmorph.type.pos.POS_ADJ
lhfnof=de.tudarmstadt.ukp.dkpro.core.api.lexmorph.type.pos.POS_ADJ
lhfnse=de.tudarmstadt.ukp.dkpro.core.api.lexmorph.type.pos.POS_ADJ
lhfnsf=de.tudarmstadt.ukp.dkpro.core.api.lexmorph.type.pos.POS_ADJ
lhfnve=de.tudarmstadt.ukp.dkpro.core.api.lexmorph.type.pos.POS_ADJ
lhfnvf=de.tudarmstadt.ukp.dkpro.core.api.lexmorph.type.pos.POS_ADJ
lhfnvm=de.tudarmstadt.ukp.dkpro.core.api.lexmorph.type.pos.POS_ADJ
lhfoof=de.tudarmstadt.ukp.dkpro.core.api.lexmorph.type.pos.POS_ADJ
lhfose=de.tudarmstadt.ukp.dkpro.core.api.lexmorph.type.pos.POS_ADJ
lhfosf=de.tudarmstadt.ukp.dkpro.core.api.lexmorph.type.pos.POS_ADJ
lhfove=de.tudarmstadt.ukp.dkpro.core.api.lexmorph.type.pos.POS_ADJ
lhfovf=de.tudarmstadt.ukp.dkpro.core.api.lexmorph.type.pos.POS_ADJ
lhfovm=de.tudarmstadt.ukp.dkpro.core.api.lexmorph.type.pos.POS_ADJ
lhfþof=de.tudarmstadt.ukp.dkpro.core.api.lexmorph.type.pos.POS_ADJ
lhfþse=de.tudarmstadt.ukp.dkpro.core.api.lexmorph.type.pos.POS_ADJ
lhfþsf=de.tudarmstadt.ukp.dkpro.core.api.lexmorph.type.pos.POS_ADJ
lhfþve=de.tudarmstadt.ukp.dkpro.core.api.lexmorph.type.pos.POS_ADJ
lhfþvf=de.tudarmstadt.ukp.dkpro.core.api.lexmorph.type.pos.POS_ADJ
lhfþvm=de.tudarmstadt.ukp.dkpro.core.api.lexmorph.type.pos.POS_ADJ
lkeeof=de.tudarmstadt.ukp.dkpro.core.api.lexmorph.type.pos.POS_ADJ
lkeesf=de.tudarmstadt.ukp.dkpro.core.api.lexmorph.type.pos.POS_ADJ
lkeeve=de.tudarmstadt.ukp.dkpro.core.api.lexmorph.type.pos.POS_ADJ
lkeevf=de.tudarmstadt.ukp.dkpro.core.api.lexmorph.type.pos.POS_ADJ
lkeevm=de.tudarmstadt.ukp.dkpro.core.api.lexmorph.type.pos.POS_ADJ
lkenof=de.tudarmstadt.ukp.dkpro.core.api.lexmorph.type.pos.POS_ADJ
lkensdf=de.tudarmstadt.ukp.dkpro.core.api.lexmorph.type.pos.POS_ADJ
lkense=de.tudarmstadt.ukp.dkpro.core.api.lexmorph.type.pos.POS_ADJ
lkensef=de.tudarmstadt.ukp.dkpro.core.api.lexmorph.type.pos.POS_ADJ
lkensf=de.tudarmstadt.ukp.dkpro.core.api.lexmorph.type.pos.POS_ADJ
lkensfe=de.tudarmstadt.ukp.dkpro.core.api.lexmorph.type.pos.POS_ADJ
lkenve=de.tudarmstadt.ukp.dkpro.core.api.lexmorph.type.pos.POS_ADJ
lkenvf=de.tudarmstadt.ukp.dkpro.core.api.lexmorph.type.pos.POS_ADJ
lkenvm=de.tudarmstadt.ukp.dkpro.core.api.lexmorph.type.pos.POS_ADJ
lkeoof=de.tudarmstadt.ukp.dkpro.core.api.lexmorph.type.pos.POS_ADJ
lkeose=de.tudarmstadt.ukp.dkpro.core.api.lexmorph.type.pos.POS_ADJ
lkeosf=de.tudarmstadt.ukp.dkpro.core.api.lexmorph.type.pos.POS_ADJ
lkeove=de.tudarmstadt.ukp.dkpro.core.api.lexmorph.type.pos.POS_ADJ
lkeovf=de.tudarmstadt.ukp.dkpro.core.api.lexmorph.type.pos.POS_ADJ
lkeovm=de.tudarmstadt.ukp.dkpro.core.api.lexmorph.type.pos.POS_ADJ
lkeþof=de.tudarmstadt.ukp.dkpro.core.api.lexmorph.type.pos.POS_ADJ
lkeþse=de.tudarmstadt.ukp.dkpro.core.api.lexmorph.type.pos.POS_ADJ
lkeþsf=de.tudarmstadt.ukp.dkpro.core.api.lexmorph.type.pos.POS_ADJ
lkeþve=de.tudarmstadt.ukp.dkpro.core.api.lexmorph.type.pos.POS_ADJ
lkeþvf=de.tudarmstadt.ukp.dkpro.core.api.lexmorph.type.pos.POS_ADJ
lkeþvm=de.tudarmstadt.ukp.dkpro.core.api.lexmorph.type.pos.POS_ADJ
lkfeof=de.tudarmstadt.ukp.dkpro.core.api.lexmorph.type.pos.POS_ADJ
lkfese=de.tudarmstadt.ukp.dkpro.core.api.lexmorph.type.pos.POS_ADJ
lkfesf=de.tudarmstadt.ukp.dkpro.core.api.lexmorph.type.pos.POS_ADJ
lkfeve=de.tudarmstadt.ukp.dkpro.core.api.lexmorph.type.pos.POS_ADJ
lkfevf=de.tudarmstadt.ukp.dkpro.core.api.lexmorph.type.pos.POS_ADJ
lkfevm=de.tudarmstadt.ukp.dkpro.core.api.lexmorph.type.pos.POS_ADJ
lkfeþsf=de.tudarmstadt.ukp.dkpro.core.api.lexmorph.type.pos.POS_ADJ
lkfnof=de.tudarmstadt.ukp.dkpro.core.api.lexmorph.type.pos.POS_ADJ
lkfnse=de.tudarmstadt.ukp.dkpro.core.api.lexmorph.type.pos.POS_ADJ
lkfnsf=de.tudarmstadt.ukp.dkpro.core.api.lexmorph.type.pos.POS_ADJ
lkfnve=de.tudarmstadt.ukp.dkpro.core.api.lexmorph.type.pos.POS_ADJ
lkfnvf=de.tudarmstadt.ukp.dkpro.core.api.lexmorph.type.pos.POS_ADJ
lkfnvm=de.tudarmstadt.ukp.dkpro.core.api.lexmorph.type.pos.POS_ADJ
lkfoof=de.tudarmstadt.ukp.dkpro.core.api.lexmorph.type.pos.POS_ADJ
lkfose=de.tudarmstadt.ukp.dkpro.core.api.lexmorph.type.pos.POS_ADJ
lkfosf=de.tudarmstadt.ukp.dkpro.core.api.lexmorph.type.pos.POS_ADJ
lkfove=de.tudarmstadt.ukp.dkpro.core.api.lexmorph.type.pos.POS_ADJ
lkfovf=de.tudarmstadt.ukp.dkpro.core.api.lexmorph.type.pos.POS_ADJ
lkfovm=de.tudarmstadt.ukp.dkpro.core.api.lexmorph.type.pos.POS_ADJ
lkfsf=de.tudarmstadt.ukp.dkpro.core.api.lexmorph.type.pos.POS_ADJ
lkfþof=de.tudarmstadt.ukp.dkpro.core.api.lexmorph.type.pos.POS_ADJ
lkfþse=de.tudarmstadt.ukp.dkpro.core.api.lexmorph.type.pos.POS_ADJ
lkfþsf=de.tudarmstadt.ukp.dkpro.core.api.lexmorph.type.pos.POS_ADJ
lkfþsm=de.tudarmstadt.ukp.dkpro.core.api.lexmorph.type.pos.POS_ADJ
lkfþve=de.tudarmstadt.ukp.dkpro.core.api.lexmorph.type.pos.POS_ADJ
lkfþvf=de.tudarmstadt.ukp.dkpro.core.api.lexmorph.type.pos.POS_ADJ
lkfþvm=de.tudarmstadt.ukp.dkpro.core.api.lexmorph.type.pos.POS_ADJ
lknfof=de.tudarmstadt.ukp.dkpro.core.api.lexmorph.type.pos.POS_ADJ
lknfsf=de.tudarmstadt.ukp.dkpro.core.api.lexmorph.type.pos.POS_ADJ
lveeof=de.tudarmstadt.ukp.dkpro.core.api.lexmorph.type.pos.POS_ADJ
lveese=de.tudarmstadt.ukp.dkpro.core.api.lexmorph.type.pos.POS_ADJ
lveesf=de.tudarmstadt.ukp.dkpro.core.api.lexmorph.type.pos.POS_ADJ
lveeve=de.tudarmstadt.ukp.dkpro.core.api.lexmorph.type.pos.POS_ADJ
lveevf=de.tudarmstadt.ukp.dkpro.core.api.lexmorph.type.pos.POS_ADJ
lveevm=de.tudarmstadt.ukp.dkpro.core.api.lexmorph.type.pos.POS_ADJ
lvenof=de.tudarmstadt.ukp.dkpro.core.api.lexmorph.type.pos.POS_ADJ
lvense=de.tudarmstadt.ukp.dkpro.core.api.lexmorph.type.pos.POS_ADJ
lvensf=de.tudarmstadt.ukp.dkpro.core.api.lexmorph.type.pos.POS_ADJ
lvenve=de.tudarmstadt.ukp.dkpro.core.api.lexmorph.type.pos.POS_ADJ
lvenvf=de.tudarmstadt.ukp.dkpro.core.api.lexmorph.type.pos.POS_ADJ
lvenvm=de.tudarmstadt.ukp.dkpro.core.api.lexmorph.type.pos.POS_ADJ
lveoof=de.tudarmstadt.ukp.dkpro.core.api.lexmorph.type.pos.POS_ADJ
lveose=de.tudarmstadt.ukp.dkpro.core.api.lexmorph.type.pos.POS_ADJ
lveosef=de.tudarmstadt.ukp.dkpro.core.api.lexmorph.type.pos.POS_ADJ
lveosf=de.tudarmstadt.ukp.dkpro.core.api.lexmorph.type.pos.POS_ADJ
lveove=de.tudarmstadt.ukp.dkpro.core.api.lexmorph.type.pos.POS_ADJ
lveovf=de.tudarmstadt.ukp.dkpro.core.api.lexmorph.type.pos.POS_ADJ
lveovm=de.tudarmstadt.ukp.dkpro.core.api.lexmorph.type.pos.POS_ADJ
lveþof=de.tudarmstadt.ukp.dkpro.core.api.lexmorph.type.pos.POS_ADJ
lveþse=de.tudarmstadt.ukp.dkpro.core.api.lexmorph.type.pos.POS_ADJ
lveþsf=de.tudarmstadt.ukp.dkpro.core.api.lexmorph.type.pos.POS_ADJ
lveþve=de.tudarmstadt.ukp.dkpro.core.api.lexmorph.type.pos.POS_ADJ
lveþvf=de.tudarmstadt.ukp.dkpro.core.api.lexmorph.type.pos.POS_ADJ
lveþvm=de.tudarmstadt.ukp.dkpro.core.api.lexmorph.type.pos.POS_ADJ
lvfeof=de.tudarmstadt.ukp.dkpro.core.api.lexmorph.type.pos.POS_ADJ
lvfese=de.tudarmstadt.ukp.dkpro.core.api.lexmorph.type.pos.POS_ADJ
lvfesf=de.tudarmstadt.ukp.dkpro.core.api.lexmorph.type.pos.POS_ADJ
lvfeve=de.tudarmstadt.ukp.dkpro.core.api.lexmorph.type.pos.POS_ADJ
lvfevf=de.tudarmstadt.ukp.dkpro.core.api.lexmorph.type.pos.POS_ADJ
lvfevm=de.tudarmstadt.ukp.dkpro.core.api.lexmorph.type.pos.POS_ADJ
lvfnof=de.tudarmstadt.ukp.dkpro.core.api.lexmorph.type.pos.POS_ADJ
lvfnosf=de.tudarmstadt.ukp.dkpro.core.api.lexmorph.type.pos.POS_ADJ
lvfnse=de.tudarmstadt.ukp.dkpro.core.api.lexmorph.type.pos.POS_ADJ
lvfnsf=de.tudarmstadt.ukp.dkpro.core.api.lexmorph.type.pos.POS_ADJ
lvfnve=de.tudarmstadt.ukp.dkpro.core.api.lexmorph.type.pos.POS_ADJ
lvfnvf=de.tudarmstadt.ukp.dkpro.core.api.lexmorph.type.pos.POS_ADJ
lvfnvm=de.tudarmstadt.ukp.dkpro.core.api.lexmorph.type.pos.POS_ADJ
lvfoof=de.tudarmstadt.ukp.dkpro.core.api.lexmorph.type.pos.POS_ADJ
lvfose=de.tudarmstadt.ukp.dkpro.core.api.lexmorph.type.pos.POS_ADJ
lvfosf=de.tudarmstadt.ukp.dkpro.core.api.lexmorph.type.pos.POS_ADJ
lvfove=de.tudarmstadt.ukp.dkpro.core.api.lexmorph.type.pos.POS_ADJ
lvfovf=de.tudarmstadt.ukp.dkpro.core.api.lexmorph.type.pos.POS_ADJ
lvfovm=de.tudarmstadt.ukp.dkpro.core.api.lexmorph.type.pos.POS_ADJ
lvfþof=de.tudarmstadt.ukp.dkpro.core.api.lexmorph.type.pos.POS_ADJ
lvfþse=de.tudarmstadt.ukp.dkpro.core.api.lexmorph.type.pos.POS_ADJ
lvfþsf=de.tudarmstadt.ukp.dkpro.core.api.lexmorph.type.pos.POS_ADJ
lvfþsm=de.tudarmstadt.ukp.dkpro.core.api.lexmorph.type.pos.POS_ADJ
lvfþsof=de.tudarmstadt.ukp.dkpro.core.api.lexmorph.type.pos.POS_ADJ
lvfþve=de.tudarmstadt.ukp.dkpro.core.api.lexmorph.type.pos.POS_ADJ
lvfþvf=de.tudarmstadt.ukp.dkpro.core.api.lexmorph.type.pos.POS_ADJ
lvfþvm=de.tudarmstadt.ukp.dkpro.core.api.lexmorph.type.pos.POS_ADJ
lvnfsf=de.tudarmstadt.ukp.dkpro.core.api.lexmorph.type.pos.POS_ADJ
lvnsf=de.tudarmstadt.ukp.dkpro.core.api.lexmorph.type.pos.POS_ADJ
lvþfsf=de.tudarmstadt.ukp.dkpro.core.api.lexmorph.type.pos.POS_ADJ
nfhn=de.tudarmstadt.ukp.dkpro.core.api.lexmorph.type.pos.POS_NOUN
nfkþ=de.tudarmstadt.ukp.dkpro.core.api.lexmorph.type.pos.POS_NOUN
nfvn=de.tudarmstadt.ukp.dkpro.core.api.lexmorph.type.pos.POS_NOUN
nhe=de.tudarmstadt.ukp.dkpro.core.api.lexmorph.type.pos.POS_NOUN
nheb=de.tudarmstadt.ukp.dkpro.core.api.lexmorph.type.pos.POS_NOUN
nhee=de.tudarmstadt.ukp.dkpro.core.api.lexmorph.type.pos.POS_NOUN
nhee-s=de.tudarmstadt.ukp.dkpro.core.api.lexmorph.type.pos.POS_NOUN
nheeg=de.tudarmstadt.ukp.dkpro.core.api.lexmorph.type.pos.POS_NOUN
nheegs=de.tudarmstadt.ukp.dkpro.core.api.lexmorph.type.pos.POS_NOUN
nhen=de.tudarmstadt.ukp.dkpro.core.api.lexmorph.type.pos.POS_NOUN
nhen+=de.tudarmstadt.ukp.dkpro.core.api.lexmorph.type.pos.POS_NOUN
nhen-s=de.tudarmstadt.ukp.dkpro.core.api.lexmorph.type.pos.POS_NOUN
nheng=de.tudarmstadt.ukp.dkpro.core.api.lexmorph.type.pos.POS_NOUN
nhengs=de.tudarmstadt.ukp.dkpro.core.api.lexmorph.type.pos.POS_NOUN
nhenhg=de.tudarmstadt.ukp.dkpro.core.api.lexmorph.type.pos.POS_NOUN
nheo=de.tudarmstadt.ukp.dkpro.core.api.lexmorph.type.pos.POS_NOUN
nheo-s=de.tudarmstadt.ukp.dkpro.core.api.lexmorph.type.pos.POS_NOUN
nheog=de.tudarmstadt.ukp.dkpro.core.api.lexmorph.type.pos.POS_NOUN
nheogs=de.tudarmstadt.ukp.dkpro.core.api.lexmorph.type.pos.POS_NOUN
nheoof=de.tudarmstadt.ukp.dkpro.core.api.lexmorph.type.pos.POS_NOUN
nheþ=de.tudarmstadt.ukp.dkpro.core.api.lexmorph.type.pos.POS_NOUN
nheþ-s=de.tudarmstadt.ukp.dkpro.core.api.lexmorph.type.pos.POS_NOUN
nheþ.=de.tudarmstadt.ukp.dkpro.core.api.lexmorph.type.pos.POS_NOUN
nheþg=de.tudarmstadt.ukp.dkpro.core.api.lexmorph.type.pos.POS_NOUN
nheþgs=de.tudarmstadt.ukp.dkpro.core.api.lexmorph.type.pos.POS_NOUN
nhfe=de.tudarmstadt.ukp.dkpro.core.api.lexmorph.type.pos.POS_NOUN
nhfe-s=de.tudarmstadt.ukp.dkpro.core.api.lexmorph.type.pos.POS_NOUN
nhfeg=de.tudarmstadt.ukp.dkpro.core.api.lexmorph.type.pos.POS_NOUN
nhfegs=de.tudarmstadt.ukp.dkpro.core.api.lexmorph.type.pos.POS_NOUN
nhfn=de.tudarmstadt.ukp.dkpro.core.api.lexmorph.type.pos.POS_NOUN
nhfn-g=de.tudarmstadt.ukp.dkpro.core.api.lexmorph.type.pos.POS_NOUN
nhfn-s=de.tudarmstadt.ukp.dkpro.core.api.lexmorph.type.pos.POS_NOUN
nhfng=de.tudarmstadt.ukp.dkpro.core.api.lexmorph.type.pos.POS_NOUN
nhfngs=de.tudarmstadt.ukp.dkpro.core.api.lexmorph.type.pos.POS_NOUN
nhfnsf=de.tudarmstadt.ukp.dkpro.core.api.lexmorph.type.pos.POS_NOUN
nhfo=de.tudarmstadt.ukp.dkpro.core.api.lexmorph.type.pos.POS_NOUN
nhfo+=de.tudarmstadt.ukp.dkpro.core.api.lexmorph.type.pos.POS_NOUN
nhfo-s=de.tudarmstadt.ukp.dkpro.core.api.lexmorph.type.pos.POS_NOUN
nhfog=de.tudarmstadt.ukp.dkpro.core.api.lexmorph.type.pos.POS_NOUN
nhfog-s=de.tudarmstadt.ukp.dkpro.core.api.lexmorph.type.pos.POS_NOUN
nhfogs=de.tudarmstadt.ukp.dkpro.core.api.lexmorph.type.pos.POS_NOUN
nhfþ=de.tudarmstadt.ukp.dkpro.core.api.lexmorph.type.pos.POS_NOUN
nhfþ-s=de.tudarmstadt.ukp.dkpro.core.api.lexmorph.type.pos.POS_NOUN
nhfþg=de.tudarmstadt.ukp.dkpro.core.api.lexmorph.type.pos.POS_NOUN
nhfþgs=de.tudarmstadt.ukp.dkpro.core.api.lexmorph.type.pos.POS_NOUN
nke=de.tudarmstadt.ukp.dkpro.core.api.lexmorph.type.pos.POS_NOUN
nkee=de.tudarmstadt.ukp.dkpro.core.api.lexmorph.type.pos.POS_NOUN
nkee-s=de.tudarmstadt.ukp.dkpro.core.api.lexmorph.type.pos.POS_NOUN
nkeeg=de.tudarmstadt.ukp.dkpro.core.api.lexmorph.type.pos.POS_NOUN
nkeegd=de.tudarmstadt.ukp.dkpro.core.api.lexmorph.type.pos.POS_NOUN
nkeegs=de.tudarmstadt.ukp.dkpro.core.api.lexmorph.type.pos.POS_NOUN
nken=de.tudarmstadt.ukp.dkpro.core.api.lexmorph.type.pos.POS_NOUN
nken-s=de.tudarmstadt.ukp.dkpro.core.api.lexmorph.type.pos.POS_NOUN
nkeng=de.tudarmstadt.ukp.dkpro.core.api.lexmorph.type.pos.POS_NOUN
nkengs=de.tudarmstadt.ukp.dkpro.core.api.lexmorph.type.pos.POS_NOUN
nkeo=de.tudarmstadt.ukp.dkpro.core.api.lexmorph.type.pos.POS_NOUN
nkeo-s=de.tudarmstadt.ukp.dkpro.core.api.lexmorph.type.pos.POS_NOUN
nkeog=de.tudarmstadt.ukp.dkpro.core.api.lexmorph.type.pos.POS_NOUN
nkeogs=de.tudarmstadt.ukp.dkpro.core.api.lexmorph.type.pos.POS_NOUN
nke´þ=de.tudarmstadt.ukp.dkpro.core.api.lexmorph.type.pos.POS_NOUN
nkeþ=de.tudarmstadt.ukp.dkpro.core.api.lexmorph.type.pos.POS_NOUN
nkeþ-s=de.tudarmstadt.ukp.dkpro.core.api.lexmorph.type.pos.POS_NOUN
nkeþg=de.tudarmstadt.ukp.dkpro.core.api.lexmorph.type.pos.POS_NOUN
nkeþgs=de.tudarmstadt.ukp.dkpro.core.api.lexmorph.type.pos.POS_NOUN
nkfe=de.tudarmstadt.ukp.dkpro.core.api.lexmorph.type.pos.POS_NOUN
nkfe-s=de.tudarmstadt.ukp.dkpro.core.api.lexmorph.type.pos.POS_NOUN
nkfeg=de.tudarmstadt.ukp.dkpro.core.api.lexmorph.type.pos.POS_NOUN
nkfegs=de.tudarmstadt.ukp.dkpro.core.api.lexmorph.type.pos.POS_NOUN
nkfn=de.tudarmstadt.ukp.dkpro.core.api.lexmorph.type.pos.POS_NOUN
nkfn-s=de.tudarmstadt.ukp.dkpro.core.api.lexmorph.type.pos.POS_NOUN
nkfng=de.tudarmstadt.ukp.dkpro.core.api.lexmorph.type.pos.POS_NOUN
nkfngs=de.tudarmstadt.ukp.dkpro.core.api.lexmorph.type.pos.POS_NOUN
nkfo=de.tudarmstadt.ukp.dkpro.core.api.lexmorph.type.pos.POS_NOUN
nkfo-s=de.tudarmstadt.ukp.dkpro.core.api.lexmorph.type.pos.POS_NOUN
nkfog=de.tudarmstadt.ukp.dkpro.core.api.lexmorph.type.pos.POS_NOUN
nkfogs=de.tudarmstadt.ukp.dkpro.core.api.lexmorph.type.pos.POS_NOUN
nkfþ=de.tudarmstadt.ukp.dkpro.core.api.lexmorph.type.pos.POS_NOUN
nkfþ-s=de.tudarmstadt.ukp.dkpro.core.api.lexmorph.type.pos.POS_NOUN
nkfþg=de.tudarmstadt.ukp.dkpro.core.api.lexmorph.type.pos.POS_NOUN
nkfþgs=de.tudarmstadt.ukp.dkpro.core.api.lexmorph.type.pos.POS_NOUN
np=de.tudarmstadt.ukp.dkpro.core.api.lexmorph.type.pos.POS_NOUN
nve=de.tudarmstadt.ukp.dkpro.core.api.lexmorph.type.pos.POS_NOUN
nvee=de.tudarmstadt.ukp.dkpro.core.api.lexmorph.type.pos.POS_NOUN
nvee-s=de.tudarmstadt.ukp.dkpro.core.api.lexmorph.type.pos.POS_NOUN
nveeg=de.tudarmstadt.ukp.dkpro.core.api.lexmorph.type.pos.POS_NOUN
nveegs=de.tudarmstadt.ukp.dkpro.core.api.lexmorph.type.pos.POS_NOUN
nvegs=de.tudarmstadt.ukp.dkpro.core.api.lexmorph.type.pos.POS_NOUN
nven=de.tudarmstadt.ukp.dkpro.core.api.lexmorph.type.pos.POS_NOUN
nven-s=de.tudarmstadt.ukp.dkpro.core.api.lexmorph.type.pos.POS_NOUN
nveng=de.tudarmstadt.ukp.dkpro.core.api.lexmorph.type.pos.POS_NOUN
nvengs=de.tudarmstadt.ukp.dkpro.core.api.lexmorph.type.pos.POS_NOUN
nveo=de.tudarmstadt.ukp.dkpro.core.api.lexmorph.type.pos.POS_NOUN
nveo-s=de.tudarmstadt.ukp.dkpro.core.api.lexmorph.type.pos.POS_NOUN
nveog=de.tudarmstadt.ukp.dkpro.core.api.lexmorph.type.pos.POS_NOUN
nveogs=de.tudarmstadt.ukp.dkpro.core.api.lexmorph.type.pos.POS_NOUN
nveos=de.tudarmstadt.ukp.dkpro.core.api.lexmorph.type.pos.POS_NOUN
nveþ=de.tudarmstadt.ukp.dkpro.core.api.lexmorph.type.pos.POS_NOUN
nveþ-s=de.tudarmstadt.ukp.dkpro.core.api.lexmorph.type.pos.POS_NOUN
nveþg=de.tudarmstadt.ukp.dkpro.core.api.lexmorph.type.pos.POS_NOUN
nveþgs=de.tudarmstadt.ukp.dkpro.core.api.lexmorph.type.pos.POS_NOUN
nvf=de.tudarmstadt.ukp.dkpro.core.api.lexmorph.type.pos.POS_NOUN
nvfe=de.tudarmstadt.ukp.dkpro.core.api.lexmorph.type.pos.POS_NOUN
nvfe-s=de.tudarmstadt.ukp.dkpro.core.api.lexmorph.type.pos.POS_NOUN
nvfeg=de.tudarmstadt.ukp.dkpro.core.api.lexmorph.type.pos.POS_NOUN
nvfegs=de.tudarmstadt.ukp.dkpro.core.api.lexmorph.type.pos.POS_NOUN
nvfn=de.tudarmstadt.ukp.dkpro.core.api.lexmorph.type.pos.POS_NOUN
nvfn-s=de.tudarmstadt.ukp.dkpro.core.api.lexmorph.type.pos.POS_NOUN
nvfng=de.tudarmstadt.ukp.dkpro.core.api.lexmorph.type.pos.POS_NOUN
nvfngs=de.tudarmstadt.ukp.dkpro.core.api.lexmorph.type.pos.POS_NOUN
nvfo=de.tudarmstadt.ukp.dkpro.core.api.lexmorph.type.pos.POS_NOUN
nvfo-s=de.tudarmstadt.ukp.dkpro.core.api.lexmorph.type.pos.POS_NOUN
nvfog=de.tudarmstadt.ukp.dkpro.core.api.lexmorph.type.pos.POS_NOUN
nvfogs=de.tudarmstadt.ukp.dkpro.core.api.lexmorph.type.pos.POS_NOUN
nvfþ=de.tudarmstadt.ukp.dkpro.core.api.lexmorph.type.pos.POS_NOUN
nvfþ-s=de.tudarmstadt.ukp.dkpro.core.api.lexmorph.type.pos.POS_NOUN
nvfþg=de.tudarmstadt.ukp.dkpro.core.api.lexmorph.type.pos.POS_NOUN
nvfþgs=de.tudarmstadt.ukp.dkpro.core.api.lexmorph.type.pos.POS_NOUN
nvþf=de.tudarmstadt.ukp.dkpro.core.api.lexmorph.type.pos.POS_NOUN
nx=de.tudarmstadt.ukp.dkpro.core.api.lexmorph.type.pos.POS_NOUN
nxee=de.tudarmstadt.ukp.dkpro.core.api.lexmorph.type.pos.POS_NOUN
nxee-s=de.tudarmstadt.ukp.dkpro.core.api.lexmorph.type.pos.POS_NOUN
nxen=de.tudarmstadt.ukp.dkpro.core.api.lexmorph.type.pos.POS_NOUN
nxen-s=de.tudarmstadt.ukp.dkpro.core.api.lexmorph.type.pos.POS_NOUN
nxeo=de.tudarmstadt.ukp.dkpro.core.api.lexmorph.type.pos.POS_NOUN
nxeo-s=de.tudarmstadt.ukp.dkpro.core.api.lexmorph.type.pos.POS_NOUN
nxeþ=de.tudarmstadt.ukp.dkpro.core.api.lexmorph.type.pos.POS_NOUN
nxeþ-s=de.tudarmstadt.ukp.dkpro.core.api.lexmorph.type.pos.POS_NOUN
nxfn=de.tudarmstadt.ukp.dkpro.core.api.lexmorph.type.pos.POS_NOUN
nxfn-s=de.tudarmstadt.ukp.dkpro.core.api.lexmorph.type.pos.POS_NOUN
nxfþ-s=de.tudarmstadt.ukp.dkpro.core.api.lexmorph.type.pos.POS_NOUN
pp=de.tudarmstadt.ukp.dkpro.core.api.lexmorph.type.pos.POS_X
qq=de.tudarmstadt.ukp.dkpro.core.api.lexmorph.type.pos.POS_X
r=de.tudarmstadt.ukp.dkpro.core.api.lexmorph.type.pos.POS_X
sbg1en=de.tudarmstadt.ukp.dkpro.core.api.lexmorph.type.pos.POS_VERB
sbg2en=de.tudarmstadt.ukp.dkpro.core.api.lexmorph.type.pos.POS_VERB
sbg2fn=de.tudarmstadt.ukp.dkpro.core.api.lexmorph.type.pos.POS_VERB
sbm2en=de.tudarmstadt.ukp.dkpro.core.api.lexmorph.type.pos.POS_VERB
sbm2fn=de.tudarmstadt.ukp.dkpro.core.api.lexmorph.type.pos.POS_VERB
sfg1en=de.tudarmstadt.ukp.dkpro.core.api.lexmorph.type.pos.POS_VERB
sfg1eþ=de.tudarmstadt.ukp.dkpro.core.api.lexmorph.type.pos.POS_VERB
sfg1fn=de.tudarmstadt.ukp.dkpro.core.api.lexmorph.type.pos.POS_VERB
sfg1fþ=de.tudarmstadt.ukp.dkpro.core.api.lexmorph.type.pos.POS_VERB
sfg2en=de.tudarmstadt.ukp.dkpro.core.api.lexmorph.type.pos.POS_VERB
sfg2eþ=de.tudarmstadt.ukp.dkpro.core.api.lexmorph.type.pos.POS_VERB
sfg2fn=de.tudarmstadt.ukp.dkpro.core.api.lexmorph.type.pos.POS_VERB
sfg2fþ=de.tudarmstadt.ukp.dkpro.core.api.lexmorph.type.pos.POS_VERB
sfg3en=de.tudarmstadt.ukp.dkpro.core.api.lexmorph.type.pos.POS_VERB
sfg3eþ=de.tudarmstadt.ukp.dkpro.core.api.lexmorph.type.pos.POS_VERB
sfg3f=de.tudarmstadt.ukp.dkpro.core.api.lexmorph.type.pos.POS_VERB
sfg3fe=de.tudarmstadt.ukp.dkpro.core.api.lexmorph.type.pos.POS_VERB
sfg3fn=de.tudarmstadt.ukp.dkpro.core.api.lexmorph.type.pos.POS_VERB
sfg3fþ=de.tudarmstadt.ukp.dkpro.core.api.lexmorph.type.pos.POS_VERB
sfm1en=de.tudarmstadt.ukp.dkpro.core.api.lexmorph.type.pos.POS_VERB
sfm1eþ=de.tudarmstadt.ukp.dkpro.core.api.lexmorph.type.pos.POS_VERB
sfm1fn=de.tudarmstadt.ukp.dkpro.core.api.lexmorph.type.pos.POS_VERB
sfm1fþ=de.tudarmstadt.ukp.dkpro.core.api.lexmorph.type.pos.POS_VERB
sfm2en=de.tudarmstadt.ukp.dkpro.core.api.lexmorph.type.pos.POS_VERB
sfm2eþ=de.tudarmstadt.ukp.dkpro.core.api.lexmorph.type.pos.POS_VERB
sfm2fn=de.tudarmstadt.ukp.dkpro.core.api.lexmorph.type.pos.POS_VERB
sfm2fþ=de.tudarmstadt.ukp.dkpro.core.api.lexmorph.type.pos.POS_VERB
sfm3en=de.tudarmstadt.ukp.dkpro.core.api.lexmorph.type.pos.POS_VERB
sfm3eþ=de.tudarmstadt.ukp.dkpro.core.api.lexmorph.type.pos.POS_VERB
sfm3fn=de.tudarmstadt.ukp.dkpro.core.api.lexmorph.type.pos.POS_VERB
sfm3fþ=de.tudarmstadt.ukp.dkpro.core.api.lexmorph.type.pos.POS_VERB
slg=de.tudarmstadt.ukp.dkpro.core.api.lexmorph.type.pos.POS_VERB
smf3fn=de.tudarmstadt.ukp.dkpro.core.api.lexmorph.type.pos.POS_VERB
sng=de.tudarmstadt.ukp.dkpro.core.api.lexmorph.type.pos.POS_VERB
snm=de.tudarmstadt.ukp.dkpro.core.api.lexmorph.type.pos.POS_VERB
ss=de.tudarmstadt.ukp.dkpro.core.api.lexmorph.type.pos.POS_VERB
ssg=de.tudarmstadt.ukp.dkpro.core.api.lexmorph.type.pos.POS_VERB
ssm=de.tudarmstadt.ukp.dkpro.core.api.lexmorph.type.pos.POS_VERB
svg1en=de.tudarmstadt.ukp.dkpro.core.api.lexmorph.type.pos.POS_VERB
svg1eþ=de.tudarmstadt.ukp.dkpro.core.api.lexmorph.type.pos.POS_VERB
svg1fn=de.tudarmstadt.ukp.dkpro.core.api.lexmorph.type.pos.POS_VERB
svg1fþ=de.tudarmstadt.ukp.dkpro.core.api.lexmorph.type.pos.POS_VERB
svg1þ=de.tudarmstadt.ukp.dkpro.core.api.lexmorph.type.pos.POS_VERB
svg2en=de.tudarmstadt.ukp.dkpro.core.api.lexmorph.type.pos.POS_VERB
svg2eþ=de.tudarmstadt.ukp.dkpro.core.api.lexmorph.type.pos.POS_VERB
svg2fn=de.tudarmstadt.ukp.dkpro.core.api.lexmorph.type.pos.POS_VERB
svg2fþ=de.tudarmstadt.ukp.dkpro.core.api.lexmorph.type.pos.POS_VERB
svg3en=de.tudarmstadt.ukp.dkpro.core.api.lexmorph.type.pos.POS_VERB
svg3eþ=de.tudarmstadt.ukp.dkpro.core.api.lexmorph.type.pos.POS_VERB
svg3fb=de.tudarmstadt.ukp.dkpro.core.api.lexmorph.type.pos.POS_VERB
svg3fm=de.tudarmstadt.ukp.dkpro.core.api.lexmorph.type.pos.POS_VERB
svg3fn=de.tudarmstadt.ukp.dkpro.core.api.lexmorph.type.pos.POS_VERB
svg3fþ=de.tudarmstadt.ukp.dkpro.core.api.lexmorph.type.pos.POS_VERB
svg3n=de.tudarmstadt.ukp.dkpro.core.api.lexmorph.type.pos.POS_VERB
svgm3eþ=de.tudarmstadt.ukp.dkpro.core.api.lexmorph.type.pos.POS_VERB
svgm3fn=de.tudarmstadt.ukp.dkpro.core.api.lexmorph.type.pos.POS_VERB
svm1en=de.tudarmstadt.ukp.dkpro.core.api.lexmorph.type.pos.POS_VERB
svm1eþ=de.tudarmstadt.ukp.dkpro.core.api.lexmorph.type.pos.POS_VERB
svm1fn=de.tudarmstadt.ukp.dkpro.core.api.lexmorph.type.pos.POS_VERB
svm1fþ=de.tudarmstadt.ukp.dkpro.core.api.lexmorph.type.pos.POS_VERB
svm2en=de.tudarmstadt.ukp.dkpro.core.api.lexmorph.type.pos.POS_VERB
svm2eþ=de.tudarmstadt.ukp.dkpro.core.api.lexmorph.type.pos.POS_VERB
svm2fn=de.tudarmstadt.ukp.dkpro.core.api.lexmorph.type.pos.POS_VERB
svm3en=de.tudarmstadt.ukp.dkpro.core.api.lexmorph.type.pos.POS_VERB
svm3eþ=de.tudarmstadt.ukp.dkpro.core.api.lexmorph.type.pos.POS_VERB
svm3fn=de.tudarmstadt.ukp.dkpro.core.api.lexmorph.type.pos.POS_VERB
svm3fþ=de.tudarmstadt.ukp.dkpro.core.api.lexmorph.type.pos.POS_VERB
sþghen=de.tudarmstadt.ukp.dkpro.core.api.lexmorph.type.pos.POS_VERB
sþgheo=de.tudarmstadt.ukp.dkpro.core.api.lexmorph.type.pos.POS_VERB
sþghfn=de.tudarmstadt.ukp.dkpro.core.api.lexmorph.type.pos.POS_VERB
sþghfo=de.tudarmstadt.ukp.dkpro.core.api.lexmorph.type.pos.POS_VERB
sþgken=de.tudarmstadt.ukp.dkpro.core.api.lexmorph.type.pos.POS_VERB
sþgkeo=de.tudarmstadt.ukp.dkpro.core.api.lexmorph.type.pos.POS_VERB
sþgkfn=de.tudarmstadt.ukp.dkpro.core.api.lexmorph.type.pos.POS_VERB
sþgkfo=de.tudarmstadt.ukp.dkpro.core.api.lexmorph.type.pos.POS_VERB
sþgven=de.tudarmstadt.ukp.dkpro.core.api.lexmorph.type.pos.POS_VERB
sþgveo=de.tudarmstadt.ukp.dkpro.core.api.lexmorph.type.pos.POS_VERB
sþgvfn=de.tudarmstadt.ukp.dkpro.core.api.lexmorph.type.pos.POS_VERB
sþgvfo=de.tudarmstadt.ukp.dkpro.core.api.lexmorph.type.pos.POS_VERB
sþgvn=de.tudarmstadt.ukp.dkpro.core.api.lexmorph.type.pos.POS_VERB
sþmhen=de.tudarmstadt.ukp.dkpro.core.api.lexmorph.type.pos.POS_VERB
sþmheo=de.tudarmstadt.ukp.dkpro.core.api.lexmorph.type.pos.POS_VERB
sþmken=de.tudarmstadt.ukp.dkpro.core.api.lexmorph.type.pos.POS_VERB
sþmven=de.tudarmstadt.ukp.dkpro.core.api.lexmorph.type.pos.POS_VERB
ta=de.tudarmstadt.ukp.dkpro.core.api.lexmorph.type.pos.POS_NUM
tekeo=de.tudarmstadt.ukp.dkpro.core.api.lexmorph.type.pos.POS_NUM
tfhee=de.tudarmstadt.ukp.dkpro.core.api.lexmorph.type.pos.POS_NUM
tfhen=de.tudarmstadt.ukp.dkpro.core.api.lexmorph.type.pos.POS_NUM
tfheo=de.tudarmstadt.ukp.dkpro.core.api.lexmorph.type.pos.POS_NUM
tfheþ=de.tudarmstadt.ukp.dkpro.core.api.lexmorph.type.pos.POS_NUM
tfhfe=de.tudarmstadt.ukp.dkpro.core.api.lexmorph.type.pos.POS_NUM
tfhfn=de.tudarmstadt.ukp.dkpro.core.api.lexmorph.type.pos.POS_NUM
tfhfo=de.tudarmstadt.ukp.dkpro.core.api.lexmorph.type.pos.POS_NUM
tfhfþ=de.tudarmstadt.ukp.dkpro.core.api.lexmorph.type.pos.POS_NUM
tfhn=de.tudarmstadt.ukp.dkpro.core.api.lexmorph.type.pos.POS_NUM
tfkee=de.tudarmstadt.ukp.dkpro.core.api.lexmorph.type.pos.POS_NUM
tfken=de.tudarmstadt.ukp.dkpro.core.api.lexmorph.type.pos.POS_NUM
tfkeo=de.tudarmstadt.ukp.dkpro.core.api.lexmorph.type.pos.POS_NUM
tfkeþ=de.tudarmstadt.ukp.dkpro.core.api.lexmorph.type.pos.POS_NUM
tfkfe=de.tudarmstadt.ukp.dkpro.core.api.lexmorph.type.pos.POS_NUM
tfkfn=de.tudarmstadt.ukp.dkpro.core.api.lexmorph.type.pos.POS_NUM
tfkfo=de.tudarmstadt.ukp.dkpro.core.api.lexmorph.type.pos.POS_NUM
tfkfþ=de.tudarmstadt.ukp.dkpro.core.api.lexmorph.type.pos.POS_NUM
tfvee=de.tudarmstadt.ukp.dkpro.core.api.lexmorph.type.pos.POS_NUM
tfven=de.tudarmstadt.ukp.dkpro.core.api.lexmorph.type.pos.POS_NUM
tfveo=de.tudarmstadt.ukp.dkpro.core.api.lexmorph.type.pos.POS_NUM
tfveþ=de.tudarmstadt.ukp.dkpro.core.api.lexmorph.type.pos.POS_NUM
tfvfe=de.tudarmstadt.ukp.dkpro.core.api.lexmorph.type.pos.POS_NUM
tfvfn=de.tudarmstadt.ukp.dkpro.core.api.lexmorph.type.pos.POS_NUM
tfvfo=de.tudarmstadt.ukp.dkpro.core.api.lexmorph.type.pos.POS_NUM
tfvfþ=de.tudarmstadt.ukp.dkpro.core.api.lexmorph.type.pos.POS_NUM
to=de.tudarmstadt.ukp.dkpro.core.api.lexmorph.type.pos.POS_NUM
tp=de.tudarmstadt.ukp.dkpro.core.api.lexmorph.type.pos.POS_NUM
vp=de.tudarmstadt.ukp.dkpro.core.api.lexmorph.type.pos.POS_X
x=de.tudarmstadt.ukp.dkpro.core.api.lexmorph.type.pos.POS_X
{=de.tudarmstadt.ukp.dkpro.core.api.lexmorph.type.pos.POS_PUNCT
|=de.tudarmstadt.ukp.dkpro.core.api.lexmorph.type.pos.POS_PUNCT
}=de.tudarmstadt.ukp.dkpro.core.api.lexmorph.type.pos.POS_PUNCT
~=de.tudarmstadt.ukp.dkpro.core.api.lexmorph.type.pos.POS_PUNCT
«=de.tudarmstadt.ukp.dkpro.core.api.lexmorph.type.pos.POS_PUNCT
°=de.tudarmstadt.ukp.dkpro.core.api.lexmorph.type.pos.POS_PUNCT
²=de.tudarmstadt.ukp.dkpro.core.api.lexmorph.type.pos.POS_PUNCT
´=de.tudarmstadt.ukp.dkpro.core.api.lexmorph.type.pos.POS_PUNCT
·=de.tudarmstadt.ukp.dkpro.core.api.lexmorph.type.pos.POS_PUNCT
»=de.tudarmstadt.ukp.dkpro.core.api.lexmorph.type.pos.POS_PUNCT
—=de.tudarmstadt.ukp.dkpro.core.api.lexmorph.type.pos.POS_PUNCT
‘=de.tudarmstadt.ukp.dkpro.core.api.lexmorph.type.pos.POS_PUNCT
’=de.tudarmstadt.ukp.dkpro.core.api.lexmorph.type.pos.POS_PUNCT
“=de.tudarmstadt.ukp.dkpro.core.api.lexmorph.type.pos.POS_PUNCT
”=de.tudarmstadt.ukp.dkpro.core.api.lexmorph.type.pos.POS_PUNCT