# Stein
#
# Italian TreeTagger Part-of-Speech Tags
#
# Achim Stein

__META_SOURCE_URL__=ftp://ftp.ims.uni-stuttgart.de/pub/corpora/italian-tagset.txt
__META_TYPE_BASE__=de.tudarmstadt.ukp.dkpro.core.api.lexmorph.type.pos.

*=X
# ABR	abbreviation
ABR=X
# ADJ	adjective
ADJ=ADJ
# ADV	adverb
ADV=ADV
# CON	conjunction
CON=CONJ
# DET:def	definite article
DET\:def=DET
# DET:indef	indefinite article
DET\:indef=DET
# INT	interjection
INT=INTJ
# NOM	noun
NOM=NOUN
# NPR	name
NPR=PROPN
# NUM	numeral
NUM=NUM
# PON	punctuation
PON=PUNCT
# PRE	preposition
PRE=ADP
# PRE:det	preposition+article
PRE\:det=ADP
# PRO	pronoun
PRO=PRON
# PRO:demo	demonstrative pronoun
PRO\:demo=PRON
# PRO:indef	indefinite pronoun
PRO\:indef=PRON
# PRO:inter	interrogative pronoun
PRO\:inter=PRON
# PRO:pers	personal pronoun
PRO\:pers=PRON
# PRO:poss	possessive pronoun
PRO\:poss=PRON
# PR:refl	reflexive pronoun
PRO\:refl=PRON
# PRO:rela	relative pronoun
PRO\:rela=PRON
# SENT	sentence marker
SENT=PUNCT
# SYM	symbol
SYM=SYM
# VER:cimp	verb conjunctive imperfect
VER\:cimp=VERB
# VER:cond	verb conditional
VER\:cond=VERB
# VER:cpre	verb conjunctive present
VER\:cpre=VERB
# VER:futu	verb future tense
VER\:futu=VERB
# VER:geru	verb gerund
VER\:geru=VERB
# VER:impe	verb imperative
VER\:impe=VERB
# VER:impf	verb imperfect
VER\:impf=VERB
# VER:infi	verb infinitive
VER\:infi=VERB
# VER:pper	verb participle perfect
VER\:pper=VERB
# VER:ppre	verb participle present
VER\:ppre=VERB
# VER:pres	verb present
VER\:pres=VERB
# VER:refl:infi	verb reflexive infinitive
VER\:refl\:infi=VERB
# VER:remo	verb simple past
VER\:remo=VERB
##*=POS