# Stein
#
# Italian TreeTagger Part-of-Speech Tags
#
# Achim Stein

__META_SOURCE_URL__=ftp://ftp.ims.uni-stuttgart.de/pub/corpora/italian-tagset.txt
__META_TYPE_BASE__=de.tudarmstadt.ukp.dkpro.core.api.lexmorph.type.pos.

*=POS_X
# ABR	abbreviation
ABR=POS_X
# ADJ	adjective
ADJ=POS_ADJ
# ADV	adverb
ADV=POS_ADV
# CON	conjunction
CON=POS_CONJ
# DET:def	definite article
DET\:def=POS_DET
# DET:indef	indefinite article
DET\:indef=POS_DET
# INT	interjection
INT=POS_INTJ
# NOM	noun
NOM=POS_NOUN
# NPR	name
NPR=POS_PROPN
# NUM	numeral
NUM=POS_NUM
# PON	punctuation
PON=POS_PUNCT
# PRE	preposition
PRE=POS_ADP
# PRE:det	preposition+article
PRE\:det=POS_ADP
# PRO	pronoun
PRO=POS_PRON
# PRO:demo	demonstrative pronoun
PRO\:demo=POS_PRON
# PRO:indef	indefinite pronoun
PRO\:indef=POS_PRON
# PRO:inter	interrogative pronoun
PRO\:inter=POS_PRON
# PRO:pers	personal pronoun
PRO\:pers=POS_PRON
# PRO:poss	possessive pronoun
PRO\:poss=POS_PRON
# PR:refl	reflexive pronoun
PRO\:refl=POS_PRON
# PRO:rela	relative pronoun
PRO\:rela=POS_PRON
# SENT	sentence marker
SENT=POS_PUNCT
# SYM	symbol
SYM=POS_SYM
# VER:cimp	verb conjunctive imperfect
VER\:cimp=POS_VERB
# VER:cond	verb conditional
VER\:cond=POS_VERB
# VER:cpre	verb conjunctive present
VER\:cpre=POS_VERB
# VER:futu	verb future tense
VER\:futu=POS_VERB
# VER:geru	verb gerund
VER\:geru=POS_VERB
# VER:impe	verb imperative
VER\:impe=POS_VERB
# VER:impf	verb imperfect
VER\:impf=POS_VERB
# VER:infi	verb infinitive
VER\:infi=POS_VERB
# VER:pper	verb participle perfect
VER\:pper=POS_VERB
# VER:ppre	verb participle present
VER\:ppre=POS_VERB
# VER:pres	verb present
VER\:pres=POS_VERB
# VER:refl:infi	verb reflexive infinitive
VER\:refl\:infi=POS_VERB
# VER:remo	verb simple past
VER\:remo=POS_VERB
##*=POS