# PoS tagset of the 'Center for Language Engineering' for Nepali 
#

__META_SOURCE_URL__=http://www.cle.org.pk/Downloads/ling_resources/parallelcorpus/Nepali_POS_Tagset.pdf

ALPH=de.tudarmstadt.ukp.dkpro.core.api.lexmorph.type.pos.POS_X
CC=de.tudarmstadt.ukp.dkpro.core.api.lexmorph.type.pos.POS_CONJ
CD=de.tudarmstadt.ukp.dkpro.core.api.lexmorph.type.pos.POS_NUM
CL=de.tudarmstadt.ukp.dkpro.core.api.lexmorph.type.pos.POS_X
CS=de.tudarmstadt.ukp.dkpro.core.api.lexmorph.type.pos.POS_CONJ
DM=de.tudarmstadt.ukp.dkpro.core.api.lexmorph.type.pos.POS_X
DUM=de.tudarmstadt.ukp.dkpro.core.api.lexmorph.type.pos.POS_X
FB=de.tudarmstadt.ukp.dkpro.core.api.lexmorph.type.pos.POS_X
FW=de.tudarmstadt.ukp.dkpro.core.api.lexmorph.type.pos.POS_X
HRU=de.tudarmstadt.ukp.dkpro.core.api.lexmorph.type.pos.POS_X
JJ=de.tudarmstadt.ukp.dkpro.core.api.lexmorph.type.pos.POS_ADJ
JJD=de.tudarmstadt.ukp.dkpro.core.api.lexmorph.type.pos.POS_ADJ
JJM=de.tudarmstadt.ukp.dkpro.core.api.lexmorph.type.pos.POS_ADJ
NN=de.tudarmstadt.ukp.dkpro.core.api.lexmorph.type.pos.POS_NOUN
NNP=de.tudarmstadt.ukp.dkpro.core.api.lexmorph.type.pos.POS_PROPN
NNp=de.tudarmstadt.ukp.dkpro.core.api.lexmorph.type.pos.POS_PROPN
OD=de.tudarmstadt.ukp.dkpro.core.api.lexmorph.type.pos.POS_NUM
PKO=de.tudarmstadt.ukp.dkpro.core.api.lexmorph.type.pos.POS_ADP
PLAI=de.tudarmstadt.ukp.dkpro.core.api.lexmorph.type.pos.POS_ADP
PLE=de.tudarmstadt.ukp.dkpro.core.api.lexmorph.type.pos.POS_ADP
POP=de.tudarmstadt.ukp.dkpro.core.api.lexmorph.type.pos.POS_ADP
PP=de.tudarmstadt.ukp.dkpro.core.api.lexmorph.type.pos.POS_ADP
PP$=de.tudarmstadt.ukp.dkpro.core.api.lexmorph.type.pos.POS_ADP
PPR=de.tudarmstadt.ukp.dkpro.core.api.lexmorph.type.pos.POS_ADP
QW=de.tudarmstadt.ukp.dkpro.core.api.lexmorph.type.pos.POS_X
RBM=de.tudarmstadt.ukp.dkpro.core.api.lexmorph.type.pos.POS_ADV
RBO=de.tudarmstadt.ukp.dkpro.core.api.lexmorph.type.pos.POS_ADV
RP=de.tudarmstadt.ukp.dkpro.core.api.lexmorph.type.pos.POS_PART
SYM=de.tudarmstadt.ukp.dkpro.core.api.lexmorph.type.pos.POS_SYM
UNW=de.tudarmstadt.ukp.dkpro.core.api.lexmorph.type.pos.POS_X
VBF=de.tudarmstadt.ukp.dkpro.core.api.lexmorph.type.pos.POS_VERB
VBI=de.tudarmstadt.ukp.dkpro.core.api.lexmorph.type.pos.POS_VERB
VBKO=de.tudarmstadt.ukp.dkpro.core.api.lexmorph.type.pos.POS_VERB
VBNE=de.tudarmstadt.ukp.dkpro.core.api.lexmorph.type.pos.POS_VERB
VBO=de.tudarmstadt.ukp.dkpro.core.api.lexmorph.type.pos.POS_VERB
VBX=de.tudarmstadt.ukp.dkpro.core.api.lexmorph.type.pos.POS_VERB
YB=de.tudarmstadt.ukp.dkpro.core.api.lexmorph.type.pos.POS_PUNCT
YF=de.tudarmstadt.ukp.dkpro.core.api.lexmorph.type.pos.POS_PUNCT
YM=de.tudarmstadt.ukp.dkpro.core.api.lexmorph.type.pos.POS_PUNCT
YP=de.tudarmstadt.ukp.dkpro.core.api.lexmorph.type.pos.POS_PUNCT
YQ=de.tudarmstadt.ukp.dkpro.core.api.lexmorph.type.pos.POS_PUNCT
