# NKJP
#
# National Corpus of Polish Part-of-Speech tags

__META_SOURCE_URL__=http://nkjp.pl/poliqarp/help/ense2.html
__META_TYPE_BASE__=de.tudarmstadt.ukp.dkpro.core.api.lexmorph.type.pos.

SENT=PUNCT
adj\:pl\:acc\:f\:com=ADJ
adj\:pl\:acc\:f\:pos=ADJ
adj\:pl\:acc\:f\:sup=ADJ
adj\:pl\:acc\:m1\:com=ADJ
adj\:pl\:acc\:m1\:pos=ADJ
adj\:pl\:acc\:m1\:sup=ADJ
adj\:pl\:acc\:m2\:com=ADJ
adj\:pl\:acc\:m2\:pos=ADJ
adj\:pl\:acc\:m2\:sup=ADJ
adj\:pl\:acc\:m3\:com=ADJ
adj\:pl\:acc\:m3\:pos=ADJ
adj\:pl\:acc\:m3\:sup=ADJ 
adj\:pl\:acc\:n\:com=ADJ 
adj\:pl\:acc\:n\:pos=ADJ 
adj\:pl\:acc\:n\:sup=ADJ 
adj\:pl\:dat\:f\:com=ADJ 
adj\:pl\:dat\:f\:pos=ADJ 
adj\:pl\:dat\:f\:sup=ADJ 
adj\:pl\:dat\:m1\:com=ADJ 
adj\:pl\:dat\:m1\:pos=ADJ 
adj\:pl\:dat\:m1\:sup=ADJ 
adj\:pl\:dat\:m2\:pos=ADJ 
adj\:pl\:dat\:m3\:com=ADJ 
adj\:pl\:dat\:m3\:pos=ADJ 
adj\:pl\:dat\:n\:pos=ADJ
adj\:pl\:dat\:n\:sup=ADJ
adj\:pl\:gen\:f\:com=ADJ
adj\:pl\:gen\:f\:pos=ADJ
adj\:pl\:gen\:f\:sup=ADJ
adj\:pl\:gen\:m1\:com=ADJ
adj\:pl\:gen\:m1\:pos=ADJ
adj\:pl\:gen\:m1\:sup=ADJ
adj\:pl\:gen\:m2\:com=ADJ
adj\:pl\:gen\:m2\:pos=ADJ
adj\:pl\:gen\:m2\:sup=ADJ
adj\:pl\:gen\:m3\:com=ADJ
adj\:pl\:gen\:m3\:pos=ADJ
adj\:pl\:gen\:m3\:sup=ADJ
adj\:pl\:gen\:n\:com=ADJ
adj\:pl\:gen\:n\:pos=ADJ
adj\:pl\:gen\:n\:sup=ADJ
adj\:pl\:inst\:f\:com=ADJ
adj\:pl\:inst\:f\:pos=ADJ
adj\:pl\:inst\:f\:sup=ADJ
adj\:pl\:inst\:m1\:com=ADJ
adj\:pl\:inst\:m1\:pos=ADJ
adj\:pl\:inst\:m1\:sup=ADJ
adj\:pl\:inst\:m2\:pos=ADJ
adj\:pl\:inst\:m3\:com=ADJ
adj\:pl\:inst\:m3\:pos=ADJ
adj\:pl\:inst\:m3\:sup=ADJ
adj\:pl\:inst\:n\:com=ADJ
adj\:pl\:inst\:n\:pos=ADJ
adj\:pl\:inst\:n\:sup=ADJ
adj\:pl\:loc\:f\:com=ADJ
adj\:pl\:loc\:f\:pos=ADJ
adj\:pl\:loc\:f\:sup=ADJ
adj\:pl\:loc\:m1\:com=ADJ
adj\:pl\:loc\:m1\:pos=ADJ
adj\:pl\:loc\:m1\:sup=ADJ
adj\:pl\:loc\:m2\:pos=ADJ
adj\:pl\:loc\:m3\:com=ADJ
adj\:pl\:loc\:m3\:pos=ADJ
adj\:pl\:loc\:m3\:sup=ADJ
adj\:pl\:loc\:n\:com=ADJ
adj\:pl\:loc\:n\:pos=ADJ
adj\:pl\:loc\:n\:sup=ADJ
adj\:pl\:nom\:f\:com=ADJ
adj\:pl\:nom\:f\:pos=ADJ
adj\:pl\:nom\:f\:sup=ADJ
adj\:pl\:nom\:m1\:com=ADJ
adj\:pl\:nom\:m1\:pos=ADJ
adj\:pl\:nom\:m1\:sup=ADJ
adj\:pl\:nom\:m2\:com=ADJ
adj\:pl\:nom\:m2\:pos=ADJ
adj\:pl\:nom\:m2\:sup=ADJ
adj\:pl\:nom\:m3\:com=ADJ
adj\:pl\:nom\:m3\:pos=ADJ
adj\:pl\:nom\:m3\:sup=ADJ
adj\:pl\:nom\:n\:com=ADJ
adj\:pl\:nom\:n\:pos=ADJ
adj\:pl\:nom\:n\:sup=ADJ
adj\:sg\:acc\:f\:com=ADJ
adj\:sg\:acc\:f\:pos=ADJ
adj\:sg\:acc\:f\:sup=ADJ
adj\:sg\:acc\:m1\:com=ADJ
adj\:sg\:acc\:m1\:pos=ADJ
adj\:sg\:acc\:m1\:sup=ADJ
adj\:sg\:acc\:m2\:com=ADJ
adj\:sg\:acc\:m2\:pos=ADJ
adj\:sg\:acc\:m2\:sup=ADJ
adj\:sg\:acc\:m3\:com=ADJ
adj\:sg\:acc\:m3\:pos=ADJ
adj\:sg\:acc\:m3\:sup=ADJ
adj\:sg\:acc\:n\:com=ADJ
adj\:sg\:acc\:n\:pos=ADJ
adj\:sg\:acc\:n\:sup=ADJ
adj\:sg\:dat\:f\:com=ADJ
adj\:sg\:dat\:f\:pos=ADJ
adj\:sg\:dat\:f\:sup=ADJ
adj\:sg\:dat\:m1\:com=ADJ
adj\:sg\:dat\:m1\:pos=ADJ
adj\:sg\:dat\:m1\:sup=ADJ
adj\:sg\:dat\:m2\:pos=ADJ
adj\:sg\:dat\:m3\:com=ADJ
adj\:sg\:dat\:m3\:pos=ADJ
adj\:sg\:dat\:m3\:sup=ADJ
adj\:sg\:dat\:n\:com=ADJ
adj\:sg\:dat\:n\:pos=ADJ
adj\:sg\:dat\:n\:sup=ADJ
adj\:sg\:gen\:f\:com=ADJ
adj\:sg\:gen\:f\:pos=ADJ
adj\:sg\:gen\:f\:sup=ADJ
adj\:sg\:gen\:m1\:com=ADJ
adj\:sg\:gen\:m1\:pos=ADJ
adj\:sg\:gen\:m1\:sup=ADJ
adj\:sg\:gen\:m2\:pos=ADJ
adj\:sg\:gen\:m2\:sup=ADJ
adj\:sg\:gen\:m3\:com=ADJ
adj\:sg\:gen\:m3\:pos=ADJ
adj\:sg\:gen\:m3\:sup=ADJ
adj\:sg\:gen\:n\:com=ADJ
adj\:sg\:gen\:n\:pos=ADJ
adj\:sg\:gen\:n\:sup=ADJ
adj\:sg\:inst\:f\:com=ADJ
adj\:sg\:inst\:f\:pos=ADJ
adj\:sg\:inst\:f\:sup=ADJ
adj\:sg\:inst\:m1\:com=ADJ
adj\:sg\:inst\:m1\:pos=ADJ
adj\:sg\:inst\:m1\:sup=ADJ
adj\:sg\:inst\:m2\:com=ADJ
adj\:sg\:inst\:m2\:pos=ADJ
adj\:sg\:inst\:m2\:sup=ADJ
adj\:sg\:inst\:m3\:com=ADJ
adj\:sg\:inst\:m3\:pos=ADJ
adj\:sg\:inst\:m3\:sup=ADJ
adj\:sg\:inst\:n\:com=ADJ
adj\:sg\:inst\:n\:pos=ADJ
adj\:sg\:inst\:n\:sup=ADJ
adj\:sg\:loc\:f\:com=ADJ
adj\:sg\:loc\:f\:pos=ADJ
adj\:sg\:loc\:f\:sup=ADJ
adj\:sg\:loc\:m1\:com=ADJ
adj\:sg\:loc\:m1\:pos=ADJ
adj\:sg\:loc\:m1\:sup=ADJ
adj\:sg\:loc\:m2\:com=ADJ
adj\:sg\:loc\:m2\:pos=ADJ
adj\:sg\:loc\:m3\:com=ADJ
adj\:sg\:loc\:m3\:pos=ADJ
adj\:sg\:loc\:m3\:sup=ADJ
adj\:sg\:loc\:n\:com=ADJ
adj\:sg\:loc\:n\:pos=ADJ
adj\:sg\:loc\:n\:sup=ADJ
adj\:sg\:nom\:f\:com=ADJ
adj\:sg\:nom\:f\:pos=ADJ
adj\:sg\:nom\:f\:sup=ADJ
adj\:sg\:nom\:m1\:com=ADJ
adj\:sg\:nom\:m1\:pos=ADJ
adj\:sg\:nom\:m1\:sup=ADJ
adj\:sg\:nom\:m2\:com=ADJ
adj\:sg\:nom\:m2\:pos=ADJ
adj\:sg\:nom\:m2\:sup=ADJ
adj\:sg\:nom\:m3\:com=ADJ
adj\:sg\:nom\:m3\:pos=ADJ
adj\:sg\:nom\:m3\:sup=ADJ
adj\:sg\:nom\:n\:com=ADJ
adj\:sg\:nom\:n\:pos=ADJ
adj\:sg\:nom\:n\:sup=ADJ
adj\:sg\:voc\:f\:pos=ADJ
adj\:sg\:voc\:f\:sup=ADJ
adj\:sg\:voc\:m1\:pos=ADJ
adj\:sg\:voc\:m1\:sup=ADJ
adj\:sg\:voc\:m2\:pos=ADJ
adj\:sg\:voc\:m3\:pos=ADJ
adj\:sg\:voc\:n\:pos=ADJ
adja=ADJ
adjc=ADJ
adjp=ADJ
adv=ADV
adv\:com=ADV
adv\:pos=ADV
adv\:sup=ADV
aglt\:pl\:pri\:imperf\:nwok=X
aglt\:pl\:pri\:imperf\:wok=X
aglt\:pl\:sec\:imperf\:nwok=X
aglt\:sg\:pri\:imperf\:nwok=X
aglt\:sg\:pri\:imperf\:wok=X
aglt\:sg\:sec\:imperf\:nwok=X
aglt\:sg\:sec\:imperf\:wok=X
aglt\:sg\:ter\:imperf\:nwok=X
bedzie\:pl\:pri\:imperf=X
bedzie\:pl\:sec\:imperf=X
bedzie\:pl\:ter\:imperf=X
bedzie\:sg\:pri\:imperf=X
bedzie\:sg\:sec\:imperf=X
bedzie\:sg\:ter\:imperf=X
brev\:npun=X
brev\:pun=X
burk=X
comp=CONJ
conj=CONJ
depr\:pl\:acc\:m2=NOUN
depr\:pl\:nom\:m2=NOUN
fin\:pl\:pri\:imperf=VERB
fin\:pl\:pri\:perf=VERB
fin\:pl\:sec\:imperf=VERB
fin\:pl\:sec\:perf=VERB
fin\:pl\:ter\:imperf=VERB
fin\:pl\:ter\:perf=VERB
fin\:sg\:pri\:imperf=VERB
fin\:sg\:pri\:perf=VERB
fin\:sg\:sec\:imperf=VERB
fin\:sg\:sec\:perf=VERB
fin\:sg\:ter\:imperf=VERB
fin\:sg\:ter\:perf=VERB
ger\:pl\:dat\:n\:perf\:aff=VERB
ger\:pl\:gen\:n\:imperf\:aff=VERB
ger\:pl\:gen\:n\:perf\:aff=VERB
ger\:pl\:inst\:n\:imperf\:aff=VERB
ger\:pl\:inst\:n\:perf\:aff=VERB
ger\:pl\:loc\:n\:imperf\:aff=VERB
ger\:pl\:nom\:n\:imperf\:aff=VERB
ger\:pl\:nom\:n\:perf\:aff=VERB
ger\:sg\:acc\:n\:imperf\:aff=VERB
ger\:sg\:acc\:n\:imperf\:neg=VERB
ger\:sg\:acc\:n\:perf\:aff=VERB
ger\:sg\:acc\:n\:perf\:neg=VERB
ger\:sg\:dat\:n\:imperf\:aff=VERB
ger\:sg\:dat\:n\:perf\:aff=VERB
ger\:sg\:gen\:n\:imperf\:aff=VERB
ger\:sg\:gen\:n\:imperf\:neg=VERB
ger\:sg\:gen\:n\:perf\:aff=VERB
ger\:sg\:gen\:n\:perf\:neg=VERB
ger\:sg\:inst\:n\:imperf\:aff=VERB
ger\:sg\:inst\:n\:imperf\:neg=VERB
ger\:sg\:inst\:n\:perf\:aff=VERB
ger\:sg\:inst\:n\:perf\:neg=VERB
ger\:sg\:loc\:n\:imperf\:aff=VERB
ger\:sg\:loc\:n\:imperf\:neg=VERB
ger\:sg\:loc\:n\:perf\:aff=VERB
ger\:sg\:loc\:n\:perf\:neg=VERB
ger\:sg\:nom\:n\:imperf\:aff=VERB
ger\:sg\:nom\:n\:imperf\:neg=VERB
ger\:sg\:nom\:n\:perf\:aff=VERB
ger\:sg\:nom\:n\:perf\:neg=VERB
imps\:imperf=VERB
imps\:perf=VERB
impt\:pl\:pri\:imperf=VERB
impt\:pl\:pri\:perf=VERB
impt\:pl\:sec\:imperf=VERB
impt\:pl\:sec\:perf=VERB
impt\:sg\:sec\:imperf=VERB
impt\:sg\:sec\:perf=VERB
inf\:imperf=VERB
inf\:perf=VERB
interj=X
interp=PUNCT
num\:pl\:acc\:f\:congr=NUM
num\:pl\:acc\:f\:rec=NUM
num\:pl\:acc\:m1\:congr=NUM
num\:pl\:acc\:m1\:rec=NUM
num\:pl\:acc\:m2\:congr=NUM
num\:pl\:acc\:m2\:rec=NUM
num\:pl\:acc\:m3\:congr=NUM
num\:pl\:acc\:m3\:rec=NUM
num\:pl\:acc\:n\:congr=NUM
num\:pl\:acc\:n\:rec=NUM
num\:pl\:dat\:f\:congr=NUM
num\:pl\:dat\:m1\:congr=NUM
num\:pl\:dat\:m2\:congr=NUM
num\:pl\:dat\:m3\:congr=NUM
num\:pl\:dat\:m3\:rec=NUM
num\:pl\:dat\:n\:congr=NUM
num\:pl\:gen\:f\:congr=NUM
num\:pl\:gen\:f\:rec=NUM
num\:pl\:gen\:m1\:congr=NUM
num\:pl\:gen\:m1\:rec=NUM
num\:pl\:gen\:m2\:congr=NUM
num\:pl\:gen\:m2\:rec=NUM
num\:pl\:gen\:m3\:congr=NUM
num\:pl\:gen\:m3\:rec=NUM
num\:pl\:gen\:n\:congr=NUM
num\:pl\:gen\:n\:rec=NUM
num\:pl\:inst\:f\:congr=NUM
num\:pl\:inst\:m1\:congr=NUM
num\:pl\:inst\:m2\:congr=NUM
num\:pl\:inst\:m3\:congr=NUM
num\:pl\:inst\:m3\:rec=NUM
num\:pl\:inst\:n\:congr=NUM
num\:pl\:loc\:f\:congr=NUM
num\:pl\:loc\:f\:rec=NUM
num\:pl\:loc\:m1\:congr=NUM
num\:pl\:loc\:m2\:congr=NUM
num\:pl\:loc\:m2\:rec=NUM
num\:pl\:loc\:m3\:congr=NUM
num\:pl\:loc\:m3\:rec=NUM
num\:pl\:loc\:n\:congr=NUM
num\:pl\:nom\:f\:congr=NUM
num\:pl\:nom\:f\:rec=NUM
num\:pl\:nom\:m1\:congr=NUM
num\:pl\:nom\:m1\:rec=NUM
num\:pl\:nom\:m2\:congr=NUM
num\:pl\:nom\:m2\:rec=NUM
num\:pl\:nom\:m3\:congr=NUM
num\:pl\:nom\:m3\:rec=NUM
num\:pl\:nom\:n\:congr=NUM
num\:pl\:nom\:n\:rec=NUM
num\:sg\:acc\:m3\:rec=NUM
num\:sg\:gen\:m1\:congr=NUM
num\:sg\:gen\:m3\:congr=NUM
num\:sg\:gen\:m3\:rec=NUM
num\:sg\:nom\:f\:rec=NUM
num\:sg\:nom\:m3\:congr=NUM
num\:sg\:nom\:m3\:rec=NUM
num\:sg\:nom\:n\:rec=NUM
numcol\:pl\:acc\:m1\:rec=NUM
numcol\:pl\:acc\:n\:rec=NUM
numcol\:pl\:dat\:m1\:congr=NUM
numcol\:pl\:gen\:m1\:congr=NUM
numcol\:pl\:gen\:m1\:rec=NUM
numcol\:pl\:gen\:n\:congr=NUM
numcol\:pl\:gen\:n\:rec=NUM
numcol\:pl\:inst\:m1\:rec=NUM
numcol\:pl\:inst\:n\:rec=NUM
numcol\:pl\:nom\:m1\:rec=NUM
numcol\:pl\:nom\:n\:rec=NUM
pact\:pl\:acc\:f\:imperf\:aff=ADJ
pact\:pl\:acc\:f\:imperf\:neg=ADJ
pact\:pl\:acc\:m1\:imperf\:aff=ADJ
pact\:pl\:acc\:m2\:imperf\:aff=ADJ
pact\:pl\:acc\:m3\:imperf\:aff=ADJ
pact\:pl\:acc\:m3\:imperf\:neg=ADJ
pact\:pl\:acc\:n\:imperf\:aff=ADJ
pact\:pl\:acc\:n\:imperf\:neg=ADJ
pact\:pl\:dat\:f\:imperf\:aff=ADJ
pact\:pl\:dat\:m1\:imperf\:aff=ADJ
pact\:pl\:dat\:m2\:imperf\:aff=ADJ
pact\:pl\:dat\:m3\:imperf\:aff=ADJ
pact\:pl\:dat\:n\:imperf\:aff=ADJ
pact\:pl\:gen\:f\:imperf\:aff=ADJ
pact\:pl\:gen\:f\:imperf\:neg=ADJ
pact\:pl\:gen\:m1\:imperf\:aff=ADJ
pact\:pl\:gen\:m1\:imperf\:neg=ADJ
pact\:pl\:gen\:m2\:imperf\:aff=ADJ
pact\:pl\:gen\:m3\:imperf\:aff=ADJ
pact\:pl\:gen\:m3\:imperf\:neg=ADJ
pact\:pl\:gen\:n\:imperf\:aff=ADJ
pact\:pl\:inst\:f\:imperf\:aff=ADJ
pact\:pl\:inst\:m1\:imperf\:aff=ADJ
pact\:pl\:inst\:m2\:imperf\:aff=ADJ
pact\:pl\:inst\:m3\:imperf\:aff=ADJ
pact\:pl\:inst\:m3\:imperf\:neg=ADJ
pact\:pl\:inst\:n\:imperf\:aff=ADJ
pact\:pl\:inst\:n\:imperf\:neg=ADJ
pact\:pl\:loc\:f\:imperf\:aff=ADJ
pact\:pl\:loc\:m1\:imperf\:aff=ADJ
pact\:pl\:loc\:m3\:imperf\:aff=ADJ
pact\:pl\:loc\:m3\:imperf\:neg=ADJ
pact\:pl\:loc\:n\:imperf\:aff=ADJ
pact\:pl\:loc\:n\:imperf\:neg=ADJ
pact\:pl\:nom\:f\:imperf\:aff=ADJ
pact\:pl\:nom\:f\:imperf\:neg=ADJ
pact\:pl\:nom\:m1\:imperf\:aff=ADJ
pact\:pl\:nom\:m2\:imperf\:aff=ADJ
pact\:pl\:nom\:m3\:imperf\:aff=ADJ
pact\:pl\:nom\:n\:imperf\:aff=ADJ
pact\:pl\:nom\:n\:imperf\:neg=ADJ
pact\:sg\:acc\:f\:imperf\:aff=ADJ
pact\:sg\:acc\:f\:imperf\:neg=ADJ
pact\:sg\:acc\:m1\:imperf\:aff=ADJ
pact\:sg\:acc\:m2\:imperf\:aff=ADJ
pact\:sg\:acc\:m3\:imperf\:aff=ADJ
pact\:sg\:acc\:n\:imperf\:aff=ADJ
pact\:sg\:acc\:n\:imperf\:neg=ADJ
pact\:sg\:dat\:f\:imperf\:aff=ADJ
pact\:sg\:dat\:m1\:imperf\:aff=ADJ
pact\:sg\:dat\:m2\:imperf\:aff=ADJ
pact\:sg\:dat\:m3\:imperf\:aff=ADJ
pact\:sg\:dat\:n\:imperf\:aff=ADJ
pact\:sg\:gen\:f\:imperf\:aff=ADJ
pact\:sg\:gen\:f\:imperf\:neg=ADJ
pact\:sg\:gen\:m1\:imperf\:aff=ADJ
pact\:sg\:gen\:m1\:imperf\:neg=ADJ
pact\:sg\:gen\:m2\:imperf\:aff=ADJ
pact\:sg\:gen\:m3\:imperf\:aff=ADJ
pact\:sg\:gen\:m3\:imperf\:neg=ADJ
pact\:sg\:gen\:n\:imperf\:aff=ADJ
pact\:sg\:gen\:n\:imperf\:neg=ADJ
pact\:sg\:inst\:f\:imperf\:aff=ADJ
pact\:sg\:inst\:f\:imperf\:neg=ADJ
pact\:sg\:inst\:m1\:imperf\:aff=ADJ
pact\:sg\:inst\:m1\:imperf\:neg=ADJ
pact\:sg\:inst\:m2\:imperf\:aff=ADJ
pact\:sg\:inst\:m2\:imperf\:neg=ADJ
pact\:sg\:inst\:m3\:imperf\:aff=ADJ
pact\:sg\:inst\:m3\:imperf\:neg=ADJ
pact\:sg\:inst\:n\:imperf\:aff=ADJ
pact\:sg\:loc\:f\:imperf\:aff=ADJ
pact\:sg\:loc\:f\:imperf\:neg=ADJ
pact\:sg\:loc\:m1\:imperf\:aff=ADJ
pact\:sg\:loc\:m2\:imperf\:aff=ADJ
pact\:sg\:loc\:m3\:imperf\:aff=ADJ
pact\:sg\:loc\:m3\:imperf\:neg=ADJ
pact\:sg\:loc\:n\:imperf\:aff=ADJ
pact\:sg\:loc\:n\:imperf\:neg=ADJ
pact\:sg\:nom\:f\:imperf\:aff=ADJ
pact\:sg\:nom\:f\:imperf\:neg=ADJ
pact\:sg\:nom\:m1\:imperf\:aff=ADJ
pact\:sg\:nom\:m1\:imperf\:neg=ADJ
pact\:sg\:nom\:m2\:imperf\:aff=ADJ
pact\:sg\:nom\:m3\:imperf\:aff=ADJ
pact\:sg\:nom\:m3\:imperf\:neg=ADJ
pact\:sg\:nom\:n\:imperf\:aff=ADJ
pact\:sg\:nom\:n\:imperf\:neg=ADJ
pact\:sg\:voc\:m1\:imperf\:aff=ADJ
pant\:perf=ADV
pcon\:imperf=ADV
ppas\:pl\:acc\:f\:imperf\:aff=ADJ
ppas\:pl\:acc\:f\:perf\:aff=ADJ
ppas\:pl\:acc\:f\:perf\:neg=ADJ
ppas\:pl\:acc\:m1\:imperf\:aff=ADJ
ppas\:pl\:acc\:m1\:imperf\:neg=ADJ
ppas\:pl\:acc\:m1\:perf\:aff=ADJ
ppas\:pl\:acc\:m2\:imperf\:aff=ADJ
ppas\:pl\:acc\:m2\:perf\:aff=ADJ
ppas\:pl\:acc\:m3\:imperf\:aff=ADJ
ppas\:pl\:acc\:m3\:perf\:aff=ADJ
ppas\:pl\:acc\:m3\:perf\:neg=ADJ
ppas\:pl\:acc\:n\:imperf\:aff=ADJ
ppas\:pl\:acc\:n\:imperf\:neg=ADJ
ppas\:pl\:acc\:n\:perf\:aff=ADJ
ppas\:pl\:acc\:n\:perf\:neg=ADJ
ppas\:pl\:dat\:f\:imperf\:aff=ADJ
ppas\:pl\:dat\:f\:perf\:aff=ADJ
ppas\:pl\:dat\:f\:perf\:neg=ADJ
ppas\:pl\:dat\:m1\:imperf\:aff=ADJ
ppas\:pl\:dat\:m1\:perf\:aff=ADJ
ppas\:pl\:dat\:m1\:perf\:neg=ADJ
ppas\:pl\:dat\:m2\:imperf\:aff=ADJ
ppas\:pl\:dat\:m3\:imperf\:aff=ADJ
ppas\:pl\:dat\:m3\:perf\:aff=ADJ
ppas\:pl\:dat\:n\:imperf\:aff=ADJ
ppas\:pl\:dat\:n\:perf\:aff=ADJ
ppas\:pl\:gen\:f\:imperf\:aff=ADJ
ppas\:pl\:gen\:f\:imperf\:neg=ADJ
ppas\:pl\:gen\:f\:perf\:aff=ADJ
ppas\:pl\:gen\:f\:perf\:neg=ADJ
ppas\:pl\:gen\:m1\:imperf\:aff=ADJ
ppas\:pl\:gen\:m1\:imperf\:neg=ADJ
ppas\:pl\:gen\:m1\:perf\:aff=ADJ
ppas\:pl\:gen\:m1\:perf\:neg=ADJ
ppas\:pl\:gen\:m2\:imperf\:aff=ADJ
ppas\:pl\:gen\:m2\:perf\:aff=ADJ
ppas\:pl\:gen\:m3\:imperf\:aff=ADJ
ppas\:pl\:gen\:m3\:imperf\:neg=ADJ
ppas\:pl\:gen\:m3\:perf\:aff=ADJ
ppas\:pl\:gen\:m3\:perf\:neg=ADJ
ppas\:pl\:gen\:n\:imperf\:aff=ADJ
ppas\:pl\:gen\:n\:perf\:aff=ADJ
ppas\:pl\:gen\:n\:perf\:neg=ADJ
ppas\:pl\:inst\:f\:imperf\:aff=ADJ
ppas\:pl\:inst\:f\:perf\:aff=ADJ
ppas\:pl\:inst\:m1\:imperf\:aff=ADJ
ppas\:pl\:inst\:m1\:perf\:aff=ADJ
ppas\:pl\:inst\:m2\:perf\:aff=ADJ
ppas\:pl\:inst\:m3\:imperf\:aff=ADJ
ppas\:pl\:inst\:m3\:perf\:aff=ADJ
ppas\:pl\:inst\:n\:imperf\:aff=ADJ
ppas\:pl\:inst\:n\:perf\:aff=ADJ
ppas\:pl\:loc\:f\:imperf\:aff=ADJ
ppas\:pl\:loc\:f\:imperf\:neg=ADJ
ppas\:pl\:loc\:f\:perf\:aff=ADJ
ppas\:pl\:loc\:f\:perf\:neg=ADJ
ppas\:pl\:loc\:m1\:imperf\:aff=ADJ
ppas\:pl\:loc\:m1\:perf\:aff=ADJ
ppas\:pl\:loc\:m2\:imperf\:aff=ADJ
ppas\:pl\:loc\:m3\:imperf\:aff=ADJ
ppas\:pl\:loc\:m3\:perf\:aff=ADJ
ppas\:pl\:loc\:m3\:perf\:neg=ADJ
ppas\:pl\:loc\:n\:imperf\:aff=ADJ
ppas\:pl\:loc\:n\:perf\:aff=ADJ
ppas\:pl\:loc\:n\:perf\:neg=ADJ
ppas\:pl\:nom\:f\:imperf\:aff=ADJ
ppas\:pl\:nom\:f\:imperf\:neg=ADJ
ppas\:pl\:nom\:f\:perf\:aff=ADJ
ppas\:pl\:nom\:f\:perf\:neg=ADJ
ppas\:pl\:nom\:m1\:imperf\:aff=ADJ
ppas\:pl\:nom\:m1\:imperf\:neg=ADJ
ppas\:pl\:nom\:m1\:perf\:aff=ADJ
ppas\:pl\:nom\:m1\:perf\:neg=ADJ
ppas\:pl\:nom\:m2\:imperf\:aff=ADJ
ppas\:pl\:nom\:m2\:perf\:aff=ADJ
ppas\:pl\:nom\:m3\:imperf\:aff=ADJ
ppas\:pl\:nom\:m3\:imperf\:neg=ADJ
ppas\:pl\:nom\:m3\:perf\:aff=ADJ
ppas\:pl\:nom\:m3\:perf\:neg=ADJ
ppas\:pl\:nom\:n\:imperf\:aff=ADJ
ppas\:pl\:nom\:n\:perf\:aff=ADJ
ppas\:pl\:nom\:n\:perf\:neg=ADJ
ppas\:sg\:acc\:f\:imperf\:aff=ADJ
ppas\:sg\:acc\:f\:imperf\:neg=ADJ
ppas\:sg\:acc\:f\:perf\:aff=ADJ
ppas\:sg\:acc\:f\:perf\:neg=ADJ
ppas\:sg\:acc\:m1\:imperf\:aff=ADJ
ppas\:sg\:acc\:m1\:perf\:aff=ADJ
ppas\:sg\:acc\:m2\:imperf\:aff=ADJ
ppas\:sg\:acc\:m2\:perf\:aff=ADJ
ppas\:sg\:acc\:m3\:imperf\:aff=ADJ
ppas\:sg\:acc\:m3\:imperf\:neg=ADJ
ppas\:sg\:acc\:m3\:perf\:aff=ADJ
ppas\:sg\:acc\:m3\:perf\:neg=ADJ
ppas\:sg\:acc\:n\:imperf\:aff=ADJ
ppas\:sg\:acc\:n\:perf\:aff=ADJ
ppas\:sg\:acc\:n\:perf\:neg=ADJ
ppas\:sg\:dat\:f\:imperf\:aff=ADJ
ppas\:sg\:dat\:f\:imperf\:neg=ADJ
ppas\:sg\:dat\:f\:perf\:aff=ADJ
ppas\:sg\:dat\:f\:perf\:neg=ADJ
ppas\:sg\:dat\:m1\:imperf\:aff=ADJ
ppas\:sg\:dat\:m1\:perf\:aff=ADJ
ppas\:sg\:dat\:m3\:imperf\:aff=ADJ
ppas\:sg\:dat\:m3\:perf\:aff=ADJ
ppas\:sg\:dat\:n\:perf\:aff=ADJ
ppas\:sg\:gen\:f\:imperf\:aff=ADJ
ppas\:sg\:gen\:f\:imperf\:neg=ADJ
ppas\:sg\:gen\:f\:perf\:aff=ADJ
ppas\:sg\:gen\:f\:perf\:neg=ADJ
ppas\:sg\:gen\:m1\:imperf\:aff=ADJ
ppas\:sg\:gen\:m1\:perf\:aff=ADJ
ppas\:sg\:gen\:m1\:perf\:neg=ADJ
ppas\:sg\:gen\:m2\:imperf\:aff=ADJ
ppas\:sg\:gen\:m2\:perf\:aff=ADJ
ppas\:sg\:gen\:m3\:imperf\:aff=ADJ
ppas\:sg\:gen\:m3\:imperf\:neg=ADJ
ppas\:sg\:gen\:m3\:perf\:aff=ADJ
ppas\:sg\:gen\:m3\:perf\:neg=ADJ
ppas\:sg\:gen\:n\:imperf\:aff=ADJ
ppas\:sg\:gen\:n\:imperf\:neg=ADJ
ppas\:sg\:gen\:n\:perf\:aff=ADJ
ppas\:sg\:gen\:n\:perf\:neg=ADJ
ppas\:sg\:inst\:f\:imperf\:aff=ADJ
ppas\:sg\:inst\:f\:imperf\:neg=ADJ
ppas\:sg\:inst\:f\:perf\:aff=ADJ
ppas\:sg\:inst\:f\:perf\:neg=ADJ
ppas\:sg\:inst\:m1\:imperf\:aff=ADJ
ppas\:sg\:inst\:m1\:imperf\:neg=ADJ
ppas\:sg\:inst\:m1\:perf\:aff=ADJ
ppas\:sg\:inst\:m1\:perf\:neg=ADJ
ppas\:sg\:inst\:m2\:imperf\:aff=ADJ
ppas\:sg\:inst\:m2\:perf\:aff=ADJ
ppas\:sg\:inst\:m3\:imperf\:aff=ADJ
ppas\:sg\:inst\:m3\:imperf\:neg=ADJ
ppas\:sg\:inst\:m3\:perf\:aff=ADJ
ppas\:sg\:inst\:m3\:perf\:neg=ADJ
ppas\:sg\:inst\:n\:imperf\:aff=ADJ
ppas\:sg\:inst\:n\:imperf\:neg=ADJ
ppas\:sg\:inst\:n\:perf\:aff=ADJ
ppas\:sg\:inst\:n\:perf\:neg=ADJ
ppas\:sg\:loc\:f\:imperf\:aff=ADJ
ppas\:sg\:loc\:f\:perf\:aff=ADJ
ppas\:sg\:loc\:f\:perf\:neg=ADJ
ppas\:sg\:loc\:m1\:imperf\:aff=ADJ
ppas\:sg\:loc\:m1\:perf\:aff=ADJ
ppas\:sg\:loc\:m2\:imperf\:aff=ADJ
ppas\:sg\:loc\:m3\:imperf\:aff=ADJ
ppas\:sg\:loc\:m3\:imperf\:neg=ADJ
ppas\:sg\:loc\:m3\:perf\:aff=ADJ
ppas\:sg\:loc\:m3\:perf\:neg=ADJ
ppas\:sg\:loc\:n\:imperf\:aff=ADJ
ppas\:sg\:loc\:n\:perf\:aff=ADJ
ppas\:sg\:loc\:n\:perf\:neg=ADJ
ppas\:sg\:nom\:f\:imperf\:aff=ADJ
ppas\:sg\:nom\:f\:imperf\:neg=ADJ
ppas\:sg\:nom\:f\:perf\:aff=ADJ
ppas\:sg\:nom\:f\:perf\:neg=ADJ
ppas\:sg\:nom\:m1\:imperf\:aff=ADJ
ppas\:sg\:nom\:m1\:imperf\:neg=ADJ
ppas\:sg\:nom\:m1\:perf\:aff=ADJ
ppas\:sg\:nom\:m1\:perf\:neg=ADJ
ppas\:sg\:nom\:m2\:imperf\:aff=ADJ
ppas\:sg\:nom\:m2\:perf\:aff=ADJ
ppas\:sg\:nom\:m3\:imperf\:aff=ADJ
ppas\:sg\:nom\:m3\:imperf\:neg=ADJ
ppas\:sg\:nom\:m3\:perf\:aff=ADJ
ppas\:sg\:nom\:m3\:perf\:neg=ADJ
ppas\:sg\:nom\:n\:imperf\:aff=ADJ
ppas\:sg\:nom\:n\:imperf\:neg=ADJ
ppas\:sg\:nom\:n\:perf\:aff=ADJ
ppas\:sg\:nom\:n\:perf\:neg=ADJ
ppas\:sg\:voc\:m2\:imperf\:aff=ADJ
ppron12\:pl\:acc\:f\:pri=PRON
ppron12\:pl\:acc\:f\:sec=PRON
ppron12\:pl\:acc\:m1\:pri=PRON
ppron12\:pl\:acc\:m1\:sec=PRON
ppron12\:pl\:acc\:m2\:sec=PRON
ppron12\:pl\:acc\:n\:sec=PRON
ppron12\:pl\:dat\:f\:pri=PRON
ppron12\:pl\:dat\:f\:sec=PRON
ppron12\:pl\:dat\:m1\:pri=PRON
ppron12\:pl\:dat\:m1\:sec=PRON
ppron12\:pl\:dat\:m3\:sec=PRON
ppron12\:pl\:gen\:f\:pri=PRON
ppron12\:pl\:gen\:f\:sec=PRON
ppron12\:pl\:gen\:m1\:pri=PRON
ppron12\:pl\:gen\:m1\:sec=PRON
ppron12\:pl\:gen\:m2\:pri=PRON
ppron12\:pl\:inst\:f\:pri=PRON
ppron12\:pl\:inst\:m1\:pri=PRON
ppron12\:pl\:inst\:m1\:sec=PRON
ppron12\:pl\:inst\:n\:pri=PRON
ppron12\:pl\:loc\:f\:sec=PRON
ppron12\:pl\:loc\:m1\:pri=PRON
ppron12\:pl\:loc\:m1\:sec=PRON
ppron12\:pl\:loc\:m3\:sec=PRON
ppron12\:pl\:nom\:f\:pri=PRON
ppron12\:pl\:nom\:f\:sec=PRON
ppron12\:pl\:nom\:m1\:pri=PRON
ppron12\:pl\:nom\:m1\:pri\:akc=PRON
ppron12\:pl\:nom\:m1\:sec=PRON
ppron12\:pl\:nom\:m1\:sec\:akc=PRON
ppron12\:pl\:nom\:m2\:pri=PRON
ppron12\:pl\:nom\:m2\:sec=PRON
ppron12\:pl\:nom\:n\:sec=PRON
ppron12\:sg\:acc\:f\:pri\:akc=PRON
ppron12\:sg\:acc\:f\:sec\:akc=PRON
ppron12\:sg\:acc\:f\:sec\:nakc=PRON
ppron12\:sg\:acc\:m1\:pri\:akc=PRON
ppron12\:sg\:acc\:m1\:pri\:nakc=PRON
ppron12\:sg\:acc\:m1\:sec\:akc=PRON
ppron12\:sg\:acc\:m1\:sec\:nakc=PRON
ppron12\:sg\:acc\:m2\:pri\:akc=PRON
ppron12\:sg\:acc\:m2\:sec\:nakc=PRON
ppron12\:sg\:acc\:m3\:pri\:akc=PRON
ppron12\:sg\:acc\:m3\:sec\:nakc=PRON
ppron12\:sg\:acc\:n\:pri\:akc=PRON
ppron12\:sg\:acc\:n\:sec\:nakc=PRON
ppron12\:sg\:dat\:f\:pri\:akc=PRON
ppron12\:sg\:dat\:f\:pri\:nakc=PRON
ppron12\:sg\:dat\:f\:sec\:akc=PRON
ppron12\:sg\:dat\:f\:sec\:nakc=PRON
ppron12\:sg\:dat\:m1\:pri\:akc=PRON
ppron12\:sg\:dat\:m1\:pri\:nakc=PRON
ppron12\:sg\:dat\:m1\:sec\:akc=PRON
ppron12\:sg\:dat\:m1\:sec\:nakc=PRON
ppron12\:sg\:dat\:m2\:pri\:nakc=PRON
ppron12\:sg\:dat\:m2\:sec\:akc=PRON
ppron12\:sg\:dat\:m2\:sec\:nakc=PRON
ppron12\:sg\:gen\:f\:pri\:akc=PRON
ppron12\:sg\:gen\:f\:sec\:akc=PRON
ppron12\:sg\:gen\:f\:sec\:nakc=PRON
ppron12\:sg\:gen\:m1\:pri\:akc=PRON
ppron12\:sg\:gen\:m1\:sec\:akc=PRON
ppron12\:sg\:gen\:m1\:sec\:nakc=PRON
ppron12\:sg\:gen\:m2\:sec\:akc=PRON
ppron12\:sg\:gen\:m2\:sec\:nakc=PRON
ppron12\:sg\:gen\:n\:pri\:akc=PRON
ppron12\:sg\:inst\:f\:pri=PRON
ppron12\:sg\:inst\:f\:sec=PRON
ppron12\:sg\:inst\:m1\:pri=PRON
ppron12\:sg\:inst\:m1\:pri\:nakc=PRON
ppron12\:sg\:inst\:m1\:sec=PRON
ppron12\:sg\:inst\:n\:sec=PRON
ppron12\:sg\:loc\:f\:pri=PRON
ppron12\:sg\:loc\:f\:sec=PRON
ppron12\:sg\:loc\:m1\:pri=PRON
ppron12\:sg\:loc\:m1\:sec=PRON
ppron12\:sg\:loc\:m3\:pri=PRON
ppron12\:sg\:nom\:f\:pri=PRON
ppron12\:sg\:nom\:f\:pri\:nakc=PRON
ppron12\:sg\:nom\:f\:sec=PRON
ppron12\:sg\:nom\:m1\:pri=PRON
ppron12\:sg\:nom\:m1\:pri\:akc=PRON
ppron12\:sg\:nom\:m1\:pri\:nakc=PRON
ppron12\:sg\:nom\:m1\:sec=PRON
ppron12\:sg\:nom\:m1\:sec\:akc=PRON
ppron12\:sg\:nom\:m2\:pri=PRON
ppron12\:sg\:nom\:m2\:sec=PRON
ppron12\:sg\:nom\:m3\:pri=PRON
ppron12\:sg\:nom\:m3\:sec=PRON
ppron12\:sg\:nom\:n\:sec=PRON
ppron12\:sg\:voc\:n\:sec=PRON
ppron3\:pl\:acc\:f\:ter\:akc\:npraep=PRON
ppron3\:pl\:acc\:f\:ter\:akc\:praep=PRON
ppron3\:pl\:acc\:m1\:ter\:akc\:npraep=PRON
ppron3\:pl\:acc\:m1\:ter\:akc\:praep=PRON
ppron3\:pl\:acc\:m2\:ter\:akc\:npraep=PRON
ppron3\:pl\:acc\:m2\:ter\:akc\:praep=PRON
ppron3\:pl\:acc\:m3\:ter\:akc\:npraep=PRON
ppron3\:pl\:acc\:m3\:ter\:akc\:praep=PRON
ppron3\:pl\:acc\:n\:ter\:akc\:npraep=PRON
ppron3\:pl\:acc\:n\:ter\:akc\:praep=PRON
ppron3\:pl\:dat\:f\:ter\:akc\:npraep=PRON
ppron3\:pl\:dat\:f\:ter\:akc\:praep=PRON
ppron3\:pl\:dat\:m1\:ter\:akc\:npraep=PRON
ppron3\:pl\:dat\:m1\:ter\:akc\:praep=PRON
ppron3\:pl\:dat\:m2\:ter\:akc\:npraep=PRON
ppron3\:pl\:dat\:m3\:ter\:akc\:npraep=PRON
ppron3\:pl\:dat\:m3\:ter\:akc\:praep=PRON
ppron3\:pl\:dat\:n\:ter\:akc\:npraep=PRON
ppron3\:pl\:gen\:f\:ter\:akc\:npraep=PRON
ppron3\:pl\:gen\:f\:ter\:akc\:praep=PRON
ppron3\:pl\:gen\:m1\:ter\:akc\:npraep=PRON
ppron3\:pl\:gen\:m1\:ter\:akc\:praep=PRON
ppron3\:pl\:gen\:m2\:ter\:akc\:npraep=PRON
ppron3\:pl\:gen\:m2\:ter\:akc\:praep=PRON
ppron3\:pl\:gen\:m3\:ter\:akc\:npraep=PRON
ppron3\:pl\:gen\:m3\:ter\:akc\:praep=PRON
ppron3\:pl\:gen\:n\:ter\:akc\:npraep=PRON
ppron3\:pl\:gen\:n\:ter\:akc\:praep=PRON
ppron3\:pl\:inst\:f\:ter\:akc\:npraep=PRON
ppron3\:pl\:inst\:f\:ter\:akc\:praep=PRON
ppron3\:pl\:inst\:m1\:ter\:akc\:npraep=PRON
ppron3\:pl\:inst\:m1\:ter\:akc\:praep=PRON
ppron3\:pl\:inst\:m2\:ter\:akc\:npraep=PRON
ppron3\:pl\:inst\:m2\:ter\:akc\:praep=PRON
ppron3\:pl\:inst\:m3\:ter\:akc\:npraep=PRON
ppron3\:pl\:inst\:m3\:ter\:akc\:praep=PRON
ppron3\:pl\:inst\:n\:ter\:akc\:npraep=PRON
ppron3\:pl\:inst\:n\:ter\:akc\:praep=PRON
ppron3\:pl\:loc\:f\:ter\:akc\:praep=PRON
ppron3\:pl\:loc\:m1\:ter\:akc\:praep=PRON
ppron3\:pl\:loc\:m2\:ter\:akc\:praep=PRON
ppron3\:pl\:loc\:m3\:ter\:akc\:praep=PRON
ppron3\:pl\:loc\:n\:ter\:akc\:praep=PRON
ppron3\:pl\:nom\:f\:ter\:akc\:npraep=PRON
ppron3\:pl\:nom\:m1\:ter\:akc\:npraep=PRON
ppron3\:pl\:nom\:m2\:ter\:akc\:npraep=PRON
ppron3\:pl\:nom\:m3\:ter\:akc\:npraep=PRON
ppron3\:pl\:nom\:n\:ter\:akc\:npraep=PRON
ppron3\:sg\:acc\:f\:ter\:akc\:npraep=PRON
ppron3\:sg\:acc\:f\:ter\:akc\:praep=PRON
ppron3\:sg\:acc\:m1\:ter\:akc\:npraep=PRON
ppron3\:sg\:acc\:m1\:ter\:akc\:praep=PRON
ppron3\:sg\:acc\:m1\:ter\:nakc\:npraep=PRON
ppron3\:sg\:acc\:m1\:ter\:nakc\:praep=PRON
ppron3\:sg\:acc\:m2\:ter\:akc\:praep=PRON
ppron3\:sg\:acc\:m2\:ter\:nakc\:npraep=PRON
ppron3\:sg\:acc\:m2\:ter\:nakc\:praep=PRON
ppron3\:sg\:acc\:m3\:ter\:akc\:npraep=PRON
ppron3\:sg\:acc\:m3\:ter\:akc\:praep=PRON
ppron3\:sg\:acc\:m3\:ter\:nakc\:npraep=PRON
ppron3\:sg\:acc\:m3\:ter\:nakc\:praep=PRON
ppron3\:sg\:acc\:n\:ter\:akc\:npraep=PRON
ppron3\:sg\:acc\:n\:ter\:akc\:praep=PRON
ppron3\:sg\:dat\:f\:ter\:akc\:npraep=PRON
ppron3\:sg\:dat\:f\:ter\:akc\:praep=PRON
ppron3\:sg\:dat\:m1\:ter\:akc\:npraep=PRON
ppron3\:sg\:dat\:m1\:ter\:akc\:praep=PRON
ppron3\:sg\:dat\:m1\:ter\:nakc\:npraep=PRON
ppron3\:sg\:dat\:m2\:ter\:akc\:npraep=PRON
ppron3\:sg\:dat\:m2\:ter\:nakc\:npraep=PRON
ppron3\:sg\:dat\:m3\:ter\:akc\:npraep=PRON
ppron3\:sg\:dat\:m3\:ter\:akc\:praep=PRON
ppron3\:sg\:dat\:m3\:ter\:nakc\:npraep=PRON
ppron3\:sg\:dat\:n\:ter\:akc\:npraep=PRON
ppron3\:sg\:dat\:n\:ter\:akc\:praep=PRON
ppron3\:sg\:dat\:n\:ter\:nakc\:npraep=PRON
ppron3\:sg\:gen\:f\:ter\:akc\:npraep=PRON
ppron3\:sg\:gen\:f\:ter\:akc\:praep=PRON
ppron3\:sg\:gen\:m1\:ter\:akc\:npraep=PRON
ppron3\:sg\:gen\:m1\:ter\:akc\:praep=PRON
ppron3\:sg\:gen\:m1\:ter\:nakc\:npraep=PRON
ppron3\:sg\:gen\:m1\:ter\:nakc\:praep=PRON
ppron3\:sg\:gen\:m2\:ter\:akc\:npraep=PRON
ppron3\:sg\:gen\:m2\:ter\:akc\:praep=PRON
ppron3\:sg\:gen\:m2\:ter\:nakc\:npraep=PRON
ppron3\:sg\:gen\:m3\:ter\:akc\:npraep=PRON
ppron3\:sg\:gen\:m3\:ter\:akc\:praep=PRON
ppron3\:sg\:gen\:m3\:ter\:nakc\:npraep=PRON
ppron3\:sg\:gen\:m3\:ter\:nakc\:praep=PRON
ppron3\:sg\:gen\:n\:ter\:akc\:npraep=PRON
ppron3\:sg\:gen\:n\:ter\:akc\:praep=PRON
ppron3\:sg\:gen\:n\:ter\:nakc\:npraep=PRON
ppron3\:sg\:inst\:f\:ter\:akc\:praep=PRON
ppron3\:sg\:inst\:m1\:ter\:akc\:npraep=PRON
ppron3\:sg\:inst\:m1\:ter\:akc\:praep=PRON
ppron3\:sg\:inst\:m2\:ter\:akc\:npraep=PRON
ppron3\:sg\:inst\:m2\:ter\:akc\:praep=PRON
ppron3\:sg\:inst\:m3\:ter\:akc\:npraep=PRON
ppron3\:sg\:inst\:m3\:ter\:akc\:praep=PRON
ppron3\:sg\:inst\:n\:ter\:akc\:npraep=PRON
ppron3\:sg\:inst\:n\:ter\:akc\:praep=PRON
ppron3\:sg\:loc\:f\:ter\:akc\:praep=PRON
ppron3\:sg\:loc\:m1\:ter\:akc\:praep=PRON
ppron3\:sg\:loc\:m2\:ter\:akc\:praep=PRON
ppron3\:sg\:loc\:m3\:ter\:akc\:praep=PRON
ppron3\:sg\:loc\:n\:ter\:akc\:praep=PRON
ppron3\:sg\:nom\:f\:ter\:akc\:npraep=PRON
ppron3\:sg\:nom\:f\:ter\:akc\:praep=PRON
ppron3\:sg\:nom\:m1\:ter\:akc\:npraep=PRON
ppron3\:sg\:nom\:m2\:ter\:akc\:npraep=PRON
ppron3\:sg\:nom\:m2\:ter\:akc\:praep=PRON
ppron3\:sg\:nom\:m3\:ter\:akc\:npraep=PRON
ppron3\:sg\:nom\:n\:ter\:akc\:npraep=PRON
praet\:pl\:f\:imperf=X
praet\:pl\:f\:perf=X
praet\:pl\:m1\:imperf=X
praet\:pl\:m1\:imperf\:agl=X
praet\:pl\:m1\:perf=X
praet\:pl\:m1\:perf\:nagl=X
praet\:pl\:m2\:imperf=X
praet\:pl\:m2\:perf=X
praet\:pl\:m3\:imperf=X
praet\:pl\:m3\:perf=X
praet\:pl\:n\:imperf=X
praet\:pl\:n\:perf=X
praet\:sg\:f\:imperf=X
praet\:sg\:f\:imperf\:agl=X
praet\:sg\:f\:imperf\:nagl=X
praet\:sg\:f\:perf=X
praet\:sg\:m1\:imperf=X
praet\:sg\:m1\:imperf\:agl=X
praet\:sg\:m1\:imperf\:nagl=X
praet\:sg\:m1\:perf=X
praet\:sg\:m1\:perf\:agl=X
praet\:sg\:m1\:perf\:nagl=X
praet\:sg\:m2\:imperf=X
praet\:sg\:m2\:imperf\:nagl=X
praet\:sg\:m2\:perf=X
praet\:sg\:m2\:perf\:nagl=X
praet\:sg\:m3\:imperf=X
praet\:sg\:m3\:imperf\:nagl=X
praet\:sg\:m3\:perf=X
praet\:sg\:m3\:perf\:nagl=X
praet\:sg\:n\:imperf=X
praet\:sg\:n\:perf=X
pred=X
prep\:acc=ADP
prep\:acc\:nwok=ADP
prep\:acc\:wok=ADP
prep\:dat=ADP
prep\:gen=ADP
prep\:gen\:nwok=ADP
prep\:gen\:wok=ADP
prep\:inst=ADP
prep\:inst\:nwok=ADP
prep\:inst\:wok=ADP
prep\:loc=ADP
prep\:loc\:nwok=ADP
prep\:loc\:wok=ADP
prep\:nom=ADP
qub=X
qub\:nwok=X
qub\:wok=X
siebie\:acc=X
siebie\:dat=X
siebie\:gen=X
siebie\:inst=X
siebie\:loc=X
subst\:pl\:acc\:f=NOUN
subst\:pl\:acc\:m1=NOUN
subst\:pl\:acc\:m2=NOUN
subst\:pl\:acc\:m3=NOUN
subst\:pl\:acc\:n=NOUN
subst\:pl\:dat\:f=NOUN
subst\:pl\:dat\:m1=NOUN
subst\:pl\:dat\:m2=NOUN
subst\:pl\:dat\:m3=NOUN
subst\:pl\:dat\:n=NOUN
subst\:pl\:gen\:f=NOUN
subst\:pl\:gen\:m1=NOUN
subst\:pl\:gen\:m2=NOUN
subst\:pl\:gen\:m3=NOUN
subst\:pl\:gen\:n=NOUN
subst\:pl\:inst\:f=NOUN
subst\:pl\:inst\:m1=NOUN
subst\:pl\:inst\:m2=NOUN
subst\:pl\:inst\:m3=NOUN
subst\:pl\:inst\:n=NOUN
subst\:pl\:loc\:f=NOUN
subst\:pl\:loc\:m1=NOUN
subst\:pl\:loc\:m2=NOUN
subst\:pl\:loc\:m3=NOUN
subst\:pl\:loc\:n=NOUN
subst\:pl\:nom\:f=NOUN
subst\:pl\:nom\:m1=NOUN
subst\:pl\:nom\:m2=NOUN
subst\:pl\:nom\:m3=NOUN
subst\:pl\:nom\:n=NOUN
subst\:sg\:acc\:f=NOUN
subst\:sg\:acc\:m1=NOUN
subst\:sg\:acc\:m2=NOUN
subst\:sg\:acc\:m3=NOUN
subst\:sg\:acc\:n=NOUN
subst\:sg\:dat\:f=NOUN
subst\:sg\:dat\:m1=NOUN
subst\:sg\:dat\:m2=NOUN
subst\:sg\:dat\:m3=NOUN
subst\:sg\:dat\:n=NOUN
subst\:sg\:gen\:f=NOUN
subst\:sg\:gen\:m1=NOUN
subst\:sg\:gen\:m2=NOUN
subst\:sg\:gen\:m3=NOUN
subst\:sg\:gen\:n=NOUN
subst\:sg\:inst\:f=NOUN
subst\:sg\:inst\:m1=NOUN
subst\:sg\:inst\:m2=NOUN
subst\:sg\:inst\:m3=NOUN
subst\:sg\:inst\:n=NOUN
subst\:sg\:loc\:f=NOUN
subst\:sg\:loc\:m1=NOUN
subst\:sg\:loc\:m2=NOUN
subst\:sg\:loc\:m3=NOUN
subst\:sg\:loc\:n=NOUN
subst\:sg\:nom\:f=NOUN
subst\:sg\:nom\:m1=NOUN
subst\:sg\:nom\:m2=NOUN
subst\:sg\:nom\:m3=NOUN
subst\:sg\:nom\:n=NOUN
subst\:sg\:voc\:f=NOUN
subst\:sg\:voc\:m1=NOUN
subst\:sg\:voc\:m2=NOUN
subst\:sg\:voc\:m3=NOUN
subst\:sg\:voc\:n=NOUN
winien\:pl\:f\:imperf=X
winien\:pl\:m1\:imperf=X
winien\:pl\:m2\:imperf=X
winien\:pl\:m3\:imperf=X
winien\:pl\:n\:imperf=X
winien\:sg\:f\:imperf=X
winien\:sg\:m1\:imperf=X
winien\:sg\:m2\:imperf=X
winien\:sg\:m3\:imperf=X
winien\:sg\:n\:imperf=X
xxx=X

*=POS
