# Bosque
#
# Portuguese Bosque Part-of-Speech Tags
#
# NOTE: the tags here are primarily from the universal pos tags list. Some of these tags do not
# appear in the documentation of the Bosque corpus, but they do appear in the CoGrOO models.

__META_SOURCE_URL__=http://www.linguateca.pt/floresta/BibliaFlorestal/anexo4.html
__META_SOURCE_URL__.1=http://code.google.com/p/universal-pos-tags/source/browse/trunk/pt-bosque.map
__META_TYPE_BASE__=de.tudarmstadt.ukp.dkpro.core.api.lexmorph.type.pos.

# ?	.
?=PUNCT
# adj	ADJ
adj=ADJ
# adv	ADV
adv=ADV
# art	DET
art=DET
# conj-c	CONJ
conj-c=CONJ
# conj-s	CONJ
conj-s=CONJ
# ec	X
ec=X
# in	X
in=X
# n	NOUN
n=NOUN
# num	NUM
num=NUM
# pp	NOUN
pp=NOUN
# pron-det	PRON
pron-det=PRON
# pron-indp	PRON
pron-indp=PRON
# pron-pers	PRON
pron-pers=PRON
# prop	NOUN
prop=PROPN
# prp	ADP
prp=ADP
# punc	.
punc=PUNCT
# v-fin	VERB
v-fin=VERB
# v-ger	VERB
v-ger=VERB
# v-inf	VERB
v-inf=VERB
# v-pcp	VERB
v-pcp=VERB
# vp	VERB
vp=VERB

*=POS
