__META_SOURCE_URL__=http://www.cle.org.pk/Downloads/ling_resources/parallelcorpus/Urdu%20Tagged%20Corpus%20(100k).zip

*=de.tudarmstadt.ukp.dkpro.core.api.lexmorph.type.pos.POS
AUXA=de.tudarmstadt.ukp.dkpro.core.api.lexmorph.type.pos.POS_X
AUXT=de.tudarmstadt.ukp.dkpro.core.api.lexmorph.type.pos.POS_X
CC=de.tudarmstadt.ukp.dkpro.core.api.lexmorph.type.pos.POS_CONJ
CD=de.tudarmstadt.ukp.dkpro.core.api.lexmorph.type.pos.POS_NUM
CM=de.tudarmstadt.ukp.dkpro.core.api.lexmorph.type.pos.POS_X
DATE=de.tudarmstadt.ukp.dkpro.core.api.lexmorph.type.pos.POS_X
DM=de.tudarmstadt.ukp.dkpro.core.api.lexmorph.type.pos.POS_X
DMRL=de.tudarmstadt.ukp.dkpro.core.api.lexmorph.type.pos.POS_X
FR=de.tudarmstadt.ukp.dkpro.core.api.lexmorph.type.pos.POS_X
I=de.tudarmstadt.ukp.dkpro.core.api.lexmorph.type.pos.POS_X
INJ=de.tudarmstadt.ukp.dkpro.core.api.lexmorph.type.pos.POS_INTJ
ITRP=de.tudarmstadt.ukp.dkpro.core.api.lexmorph.type.pos.POS_PART
JJ=de.tudarmstadt.ukp.dkpro.core.api.lexmorph.type.pos.POS_ADJ
JJRP=de.tudarmstadt.ukp.dkpro.core.api.lexmorph.type.pos.POS_PART
KER=de.tudarmstadt.ukp.dkpro.core.api.lexmorph.type.pos.POS_X
MOPE=de.tudarmstadt.ukp.dkpro.core.api.lexmorph.type.pos.POS_X
MOPO=de.tudarmstadt.ukp.dkpro.core.api.lexmorph.type.pos.POS_X
MUL=de.tudarmstadt.ukp.dkpro.core.api.lexmorph.type.pos.POS_X
NN=de.tudarmstadt.ukp.dkpro.core.api.lexmorph.type.pos.POS_NOUN
NNC=de.tudarmstadt.ukp.dkpro.core.api.lexmorph.type.pos.POS_NOUN
NNCM=de.tudarmstadt.ukp.dkpro.core.api.lexmorph.type.pos.POS_NOUN
NNCR=de.tudarmstadt.ukp.dkpro.core.api.lexmorph.type.pos.POS_NOUN
NNCِ=de.tudarmstadt.ukp.dkpro.core.api.lexmorph.type.pos.POS_NOUN
NNL=de.tudarmstadt.ukp.dkpro.core.api.lexmorph.type.pos.POS_NOUN
NNP=de.tudarmstadt.ukp.dkpro.core.api.lexmorph.type.pos.POS_NOUN
NNPC=de.tudarmstadt.ukp.dkpro.core.api.lexmorph.type.pos.POS_NOUN
OD=de.tudarmstadt.ukp.dkpro.core.api.lexmorph.type.pos.POS_NUM
PM=de.tudarmstadt.ukp.dkpro.core.api.lexmorph.type.pos.POS_PUNCT
PR=de.tudarmstadt.ukp.dkpro.core.api.lexmorph.type.pos.POS_PRON
PRP$=de.tudarmstadt.ukp.dkpro.core.api.lexmorph.type.pos.POS_PRON
PRRF=de.tudarmstadt.ukp.dkpro.core.api.lexmorph.type.pos.POS_PRON
PRRFP$=de.tudarmstadt.ukp.dkpro.core.api.lexmorph.type.pos.POS_PRON
PRRL=de.tudarmstadt.ukp.dkpro.core.api.lexmorph.type.pos.POS_PRON
Q=de.tudarmstadt.ukp.dkpro.core.api.lexmorph.type.pos.POS_X
QW=de.tudarmstadt.ukp.dkpro.core.api.lexmorph.type.pos.POS_X
R=de.tudarmstadt.ukp.dkpro.core.api.lexmorph.type.pos.POS_X
RB=de.tudarmstadt.ukp.dkpro.core.api.lexmorph.type.pos.POS_ADV
RBRP=de.tudarmstadt.ukp.dkpro.core.api.lexmorph.type.pos.POS_ADV
SC=de.tudarmstadt.ukp.dkpro.core.api.lexmorph.type.pos.POS_SCONJ
SM=de.tudarmstadt.ukp.dkpro.core.api.lexmorph.type.pos.POS_PUNCT
SYM=de.tudarmstadt.ukp.dkpro.core.api.lexmorph.type.pos.POS_SYM
U=de.tudarmstadt.ukp.dkpro.core.api.lexmorph.type.pos.POS_X
UNK=de.tudarmstadt.ukp.dkpro.core.api.lexmorph.type.pos.POS_X
VB=de.tudarmstadt.ukp.dkpro.core.api.lexmorph.type.pos.POS_VERB
VBI=de.tudarmstadt.ukp.dkpro.core.api.lexmorph.type.pos.POS_VERB
VBL=de.tudarmstadt.ukp.dkpro.core.api.lexmorph.type.pos.POS_VERB
VBLI=de.tudarmstadt.ukp.dkpro.core.api.lexmorph.type.pos.POS_VERB
VBT=de.tudarmstadt.ukp.dkpro.core.api.lexmorph.type.pos.POS_VERB
WALA=de.tudarmstadt.ukp.dkpro.core.api.lexmorph.type.pos.POS_X
YP=de.tudarmstadt.ukp.dkpro.core.api.lexmorph.type.pos.POS_X
YQ=de.tudarmstadt.ukp.dkpro.core.api.lexmorph.type.pos.POS_X