# Chinese Treebank
#
# Chinese Treebank tagset
# Mapped according to universal-pos-tags 1.03 zh-ctb6.map 

__META_SOURCE_URL__=http://www.cs.brandeis.edu/~clp/ctb/posguide.3rd.ch.pdf
__META_TYPE_BASE__=de.tudarmstadt.ukp.dkpro.core.api.lexmorph.type.pos.

# AD - adverb
AD=ADJ
# AS - aspect marker
AS=PART
# BA - XX in ba-construction
BA=X
# CC - coordinating conjunction
CC=CONJ
# CD - cardinal number
CD=NUM
# CS - subordinating conjunction
CS=CONJ
# DEC - XX in a relative clause
DEC=PART
# DEG - associative XX
DEG=PART
# DER - XX in V-de const. and V-de-R
DER=PART
# DEV - XX bevore VP
DEV=PART
# DT - determiner
DT=DET
# ETC - for words XX, XX XX
ETC=PART
# FW - foreign words
FW=X
# IJ - interjection
IJ=X
# JJ - other noun-modifier
JJ=ADJ
# LB - X in long bei-const
LB=X
# LC - localizer
LC=PART
# M - measure word
M=NUM
# MSP - other particle
MSP=PART
# NN - common noun
NN=NOUN
# NR - proper noun
NR=PROPN
# NT - temporal noun
NT=NOUN
# OD - ordinal number
OD=NUM
# ON - onomatopoeia
ON=X
# P - preposition excl. XX and XX
P=ADP
# PN - pronoun
PN=PRON
# PU - punctuation
PU=PUNCT
# SB - XX in short bei-const
SB=X
# SP - sentence final particle
SP=PART
# VA - predicative adjective
VA=VERB
# VC - XX
VC=VERB
# VE - XX as the main verb
VE=VERB
# VV - other verb
VV=VERB
# X
X=X

*=X
