# Spanish Part-of-Speech Tags from the Ancora Corpus
# 
# Source: http://clic.ub.edu/corpus/webfm_send/18
#         http://www.lrec-conf.org/proceedings/lrec2008/pdf/35_paper.pdf
#
# This list was extracted from the Spanish model used by the Stanford CoreNLP 3.4.1 tagger
# and matched against the official Ancora documentation. It may be incomplete with regards to the
# tags actually used in the corpus.

# adjective
ao0000=de.tudarmstadt.ukp.dkpro.core.api.lexmorph.type.pos.ADJ
aq0000=de.tudarmstadt.ukp.dkpro.core.api.lexmorph.type.pos.ADJ
# conjunction
cc=de.tudarmstadt.ukp.dkpro.core.api.lexmorph.type.pos.CONJ
cs=de.tudarmstadt.ukp.dkpro.core.api.lexmorph.type.pos.CONJ
# determiner
da0000=de.tudarmstadt.ukp.dkpro.core.api.lexmorph.type.pos.ART
dd0000=de.tudarmstadt.ukp.dkpro.core.api.lexmorph.type.pos.ART
de0000=de.tudarmstadt.ukp.dkpro.core.api.lexmorph.type.pos.ART
di0000=de.tudarmstadt.ukp.dkpro.core.api.lexmorph.type.pos.ART
dn0000=de.tudarmstadt.ukp.dkpro.core.api.lexmorph.type.pos.ART
dp0000=de.tudarmstadt.ukp.dkpro.core.api.lexmorph.type.pos.ART
dt0000=de.tudarmstadt.ukp.dkpro.core.api.lexmorph.type.pos.ART
# punctuation
f0=de.tudarmstadt.ukp.dkpro.core.api.lexmorph.type.pos.PUNC
faa=de.tudarmstadt.ukp.dkpro.core.api.lexmorph.type.pos.PUNC
fat=de.tudarmstadt.ukp.dkpro.core.api.lexmorph.type.pos.PUNC
fc=de.tudarmstadt.ukp.dkpro.core.api.lexmorph.type.pos.PUNC
fd=de.tudarmstadt.ukp.dkpro.core.api.lexmorph.type.pos.PUNC
fe=de.tudarmstadt.ukp.dkpro.core.api.lexmorph.type.pos.PUNC
fg=de.tudarmstadt.ukp.dkpro.core.api.lexmorph.type.pos.PUNC
fh=de.tudarmstadt.ukp.dkpro.core.api.lexmorph.type.pos.PUNC
fia=de.tudarmstadt.ukp.dkpro.core.api.lexmorph.type.pos.PUNC
fit=de.tudarmstadt.ukp.dkpro.core.api.lexmorph.type.pos.PUNC
fp=de.tudarmstadt.ukp.dkpro.core.api.lexmorph.type.pos.PUNC
fpa=de.tudarmstadt.ukp.dkpro.core.api.lexmorph.type.pos.PUNC
fpt=de.tudarmstadt.ukp.dkpro.core.api.lexmorph.type.pos.PUNC
fs=de.tudarmstadt.ukp.dkpro.core.api.lexmorph.type.pos.PUNC
ft=de.tudarmstadt.ukp.dkpro.core.api.lexmorph.type.pos.PUNC
fx=de.tudarmstadt.ukp.dkpro.core.api.lexmorph.type.pos.PUNC
fz=de.tudarmstadt.ukp.dkpro.core.api.lexmorph.type.pos.PUNC
# interjection
i=de.tudarmstadt.ukp.dkpro.core.api.lexmorph.type.pos.O
# common noun
nc00000=de.tudarmstadt.ukp.dkpro.core.api.lexmorph.type.pos.NN
nc0n000=de.tudarmstadt.ukp.dkpro.core.api.lexmorph.type.pos.NN
nc0p000=de.tudarmstadt.ukp.dkpro.core.api.lexmorph.type.pos.NN
nc0s000=de.tudarmstadt.ukp.dkpro.core.api.lexmorph.type.pos.NN
# proper noun
np00000=de.tudarmstadt.ukp.dkpro.core.api.lexmorph.type.pos.NP
# pronoun
p0000000=de.tudarmstadt.ukp.dkpro.core.api.lexmorph.type.pos.PR
pd000000=de.tudarmstadt.ukp.dkpro.core.api.lexmorph.type.pos.PR
pe000000=de.tudarmstadt.ukp.dkpro.core.api.lexmorph.type.pos.PR
pi000000=de.tudarmstadt.ukp.dkpro.core.api.lexmorph.type.pos.PR
pn000000=de.tudarmstadt.ukp.dkpro.core.api.lexmorph.type.pos.PR
pp000000=de.tudarmstadt.ukp.dkpro.core.api.lexmorph.type.pos.PR
pr000000=de.tudarmstadt.ukp.dkpro.core.api.lexmorph.type.pos.PR
pt000000=de.tudarmstadt.ukp.dkpro.core.api.lexmorph.type.pos.PR
px000000=de.tudarmstadt.ukp.dkpro.core.api.lexmorph.type.pos.PR
# adverb
rg=de.tudarmstadt.ukp.dkpro.core.api.lexmorph.type.pos.ADV
rn=de.tudarmstadt.ukp.dkpro.core.api.lexmorph.type.pos.ADV
# preposition
sp000=de.tudarmstadt.ukp.dkpro.core.api.lexmorph.type.pos.PP
# verb
vag0000=de.tudarmstadt.ukp.dkpro.core.api.lexmorph.type.pos.V
vaic000=de.tudarmstadt.ukp.dkpro.core.api.lexmorph.type.pos.V
vaif000=de.tudarmstadt.ukp.dkpro.core.api.lexmorph.type.pos.V
vaii000=de.tudarmstadt.ukp.dkpro.core.api.lexmorph.type.pos.V
vaip000=de.tudarmstadt.ukp.dkpro.core.api.lexmorph.type.pos.V
vais000=de.tudarmstadt.ukp.dkpro.core.api.lexmorph.type.pos.V
vam0000=de.tudarmstadt.ukp.dkpro.core.api.lexmorph.type.pos.V
van0000=de.tudarmstadt.ukp.dkpro.core.api.lexmorph.type.pos.V
vap0000=de.tudarmstadt.ukp.dkpro.core.api.lexmorph.type.pos.V
vasi000=de.tudarmstadt.ukp.dkpro.core.api.lexmorph.type.pos.V
vasp000=de.tudarmstadt.ukp.dkpro.core.api.lexmorph.type.pos.V
vmg0000=de.tudarmstadt.ukp.dkpro.core.api.lexmorph.type.pos.V
vmic000=de.tudarmstadt.ukp.dkpro.core.api.lexmorph.type.pos.V
vmif000=de.tudarmstadt.ukp.dkpro.core.api.lexmorph.type.pos.V
vmii000=de.tudarmstadt.ukp.dkpro.core.api.lexmorph.type.pos.V
vmip000=de.tudarmstadt.ukp.dkpro.core.api.lexmorph.type.pos.V
vmis000=de.tudarmstadt.ukp.dkpro.core.api.lexmorph.type.pos.V
vmm0000=de.tudarmstadt.ukp.dkpro.core.api.lexmorph.type.pos.V
vmn0000=de.tudarmstadt.ukp.dkpro.core.api.lexmorph.type.pos.V
vmp0000=de.tudarmstadt.ukp.dkpro.core.api.lexmorph.type.pos.V
vmsi000=de.tudarmstadt.ukp.dkpro.core.api.lexmorph.type.pos.V
vmsp000=de.tudarmstadt.ukp.dkpro.core.api.lexmorph.type.pos.V
vsg0000=de.tudarmstadt.ukp.dkpro.core.api.lexmorph.type.pos.V
vsic000=de.tudarmstadt.ukp.dkpro.core.api.lexmorph.type.pos.V
vsif000=de.tudarmstadt.ukp.dkpro.core.api.lexmorph.type.pos.V
vsii000=de.tudarmstadt.ukp.dkpro.core.api.lexmorph.type.pos.V
vsip000=de.tudarmstadt.ukp.dkpro.core.api.lexmorph.type.pos.V
vsis000=de.tudarmstadt.ukp.dkpro.core.api.lexmorph.type.pos.V
vsm0000=de.tudarmstadt.ukp.dkpro.core.api.lexmorph.type.pos.V
vsn0000=de.tudarmstadt.ukp.dkpro.core.api.lexmorph.type.pos.V
vsp0000=de.tudarmstadt.ukp.dkpro.core.api.lexmorph.type.pos.V
vssf000=de.tudarmstadt.ukp.dkpro.core.api.lexmorph.type.pos.V
vssi000=de.tudarmstadt.ukp.dkpro.core.api.lexmorph.type.pos.V
vssp000=de.tudarmstadt.ukp.dkpro.core.api.lexmorph.type.pos.V
# date
w=de.tudarmstadt.ukp.dkpro.core.api.lexmorph.type.pos.O
# number
z0=de.tudarmstadt.ukp.dkpro.core.api.lexmorph.type.pos.CARD
# number - currency
zm=de.tudarmstadt.ukp.dkpro.core.api.lexmorph.type.pos.CARD
zu=de.tudarmstadt.ukp.dkpro.core.api.lexmorph.type.pos.CARD

*=de.tudarmstadt.ukp.dkpro.core.api.lexmorph.type.pos.POS