# Chinese Treebank Tagset
#
# Source: http://www.cis.upenn.edu/~chinese/parseguide.3rd.ch.pdf
#
# == Tags for phrases ==
# ADJP - adjective phrase
ADJP=de.tudarmstadt.ukp.dkpro.core.api.syntax.type.constituent.ADJP
# ADVP - adverbial phrase headed by AD (adverb)
ADVP=de.tudarmstadt.ukp.dkpro.core.api.syntax.type.constituent.ADVP
# CLP - classifier phrase
CLP=de.tudarmstadt.ukp.dkpro.core.api.syntax.type.constituent.Constituent
# CP - clause headed by C (complementizer)
CP=de.tudarmstadt.ukp.dkpro.core.api.syntax.type.constituent.Constituent
# DNP - phrase formed by ‘‘XP + DEG’’
DNP=de.tudarmstadt.ukp.dkpro.core.api.syntax.type.constituent.Constituent
# DP - determiner phrase
DP=de.tudarmstadt.ukp.dkpro.core.api.syntax.type.constituent.Constituent
# DVP - phrase formed by ‘‘XP + DEV’’
DVP=de.tudarmstadt.ukp.dkpro.core.api.syntax.type.constituent.Constituent
# FRAG - fragment
FRAG=de.tudarmstadt.ukp.dkpro.core.api.syntax.type.constituent.FRAG
# IP - simple clause headed by I (INFL)
IP=de.tudarmstadt.ukp.dkpro.core.api.syntax.type.constituent.Constituent
# LCP - phrase formed by ‘‘XP + LC’’
LCP=de.tudarmstadt.ukp.dkpro.core.api.syntax.type.constituent.Constituent
# LST - list marker
LST=de.tudarmstadt.ukp.dkpro.core.api.syntax.type.constituent.LST
# NP - noun phrase
NP=de.tudarmstadt.ukp.dkpro.core.api.syntax.type.constituent.NP
# PP - preposition phrase
PP=de.tudarmstadt.ukp.dkpro.core.api.syntax.type.constituent.PP
# PRN - parenthetical
PRN=de.tudarmstadt.ukp.dkpro.core.api.syntax.type.constituent.PRN
# QP - quantifier phrase
QP=de.tudarmstadt.ukp.dkpro.core.api.syntax.type.constituent.Constituent
# UCP - unidentical coordination phrase
UCP=de.tudarmstadt.ukp.dkpro.core.api.syntax.type.constituent.UCP
# VP - verb phrase
VP=de.tudarmstadt.ukp.dkpro.core.api.syntax.type.constituent.VP

# == Tags for verb compounds ==
# VCD - coordinated verb compound
VCD=de.tudarmstadt.ukp.dkpro.core.api.syntax.type.constituent.Constituent
# VCP - verb compounds formed by VV + VC
VCP=de.tudarmstadt.ukp.dkpro.core.api.syntax.type.constituent.Constituent
# VNV - verb compounds formed by A-not-A or A-one-A
VNV=de.tudarmstadt.ukp.dkpro.core.api.syntax.type.constituent.Constituent
# VPT - potential form V-de-R or V-bu-R
VPT=de.tudarmstadt.ukp.dkpro.core.api.syntax.type.constituent.Constituent
# VRD - verb resultative compound
VRD=de.tudarmstadt.ukp.dkpro.core.api.syntax.type.constituent.Constituent
# VSB - verb compounds formed by a modifier + a head
VSB=de.tudarmstadt.ukp.dkpro.core.api.syntax.type.constituent.Constituent

# == Part-of-speech tags ==
# MSP - some particles
MSP=de.tudarmstadt.ukp.dkpro.core.api.syntax.type.constituent.Constituent
# NN - common noun
NN=de.tudarmstadt.ukp.dkpro.core.api.syntax.type.constituent.Constituent

# == Undocumented ==
# INTJ
INTJ=de.tudarmstadt.ukp.dkpro.core.api.syntax.type.constituent.INTJ

#
# Categories used by DKPro internally
#
ROOT=de.tudarmstadt.ukp.dkpro.core.api.syntax.type.constituent.ROOT
*=de.tudarmstadt.ukp.dkpro.core.api.syntax.type.constituent.Constituent
